Archive member included to satisfy reference by file (symbol)

.\ARM_GCC_541\Debug\DCMotor.a(UART.o)
                              .\ARM_GCC_541\Debug\main.o (UART_Start)
.\ARM_GCC_541\Debug\DCMotor.a(ADC.o)
                              .\ARM_GCC_541\Debug\main.o (ADC_Start)
.\ARM_GCC_541\Debug\DCMotor.a(ADC_INT.o)
                              .\ARM_GCC_541\Debug\DCMotor.a(ADC.o) (ADC_ISR)
.\ARM_GCC_541\Debug\DCMotor.a(UART_IntClock.o)
                              .\ARM_GCC_541\Debug\DCMotor.a(UART.o) (UART_IntClock_Start)
.\ARM_GCC_541\Debug\DCMotor.a(ADC_SAR.o)
                              .\ARM_GCC_541\Debug\DCMotor.a(ADC.o) (ADC_SAR_shift)
.\ARM_GCC_541\Debug\DCMotor.a(ADC_TempBuf_dma.o)
                              .\ARM_GCC_541\Debug\DCMotor.a(ADC.o) (ADC_TempBuf_DmaInitialize)
.\ARM_GCC_541\Debug\DCMotor.a(ADC_FinalBuf_dma.o)
                              .\ARM_GCC_541\Debug\DCMotor.a(ADC.o) (ADC_FinalBuf_DmaInitialize)
.\ARM_GCC_541\Debug\DCMotor.a(ADC_IRQ.o)
                              .\ARM_GCC_541\Debug\DCMotor.a(ADC.o) (ADC_IRQ_SetVector)
.\ARM_GCC_541\Debug\DCMotor.a(CyDmac.o)
                              .\ARM_GCC_541\Debug\Cm3Start.o (CyDmacConfigure)
.\ARM_GCC_541\Debug\DCMotor.a(CyLib.o)
                              .\ARM_GCC_541\Debug\Cm3Start.o (CyResetStatus)
.\ARM_GCC_541\Debug\DCMotor.a(cyPm.o)
                              .\ARM_GCC_541\Debug\DCMotor.a(CyLib.o) (CyPmReadStatus)
.\ARM_GCC_541\Debug\DCMotor.a(ISR_DCMotorControl.o)
                              .\ARM_GCC_541\Debug\main.o (ISR_DCMotorControl_StartEx)
.\ARM_GCC_541\Debug\DCMotor.a(PWM_DC.o)
                              .\ARM_GCC_541\Debug\main.o (PWM_DC_Start)
.\ARM_GCC_541\Debug\DCMotor.a(DriverControlReg.o)
                              .\ARM_GCC_541\Debug\main.o (DriverControlReg_Write)
.\ARM_GCC_541\Debug\DCMotor.a(CyBootAsmGnu.o)
                              .\ARM_GCC_541\Debug\cyfitter_cfg.o (CyDelayCycles)
.\ARM_GCC_541\Debug\DCMotor.a(CyFlash.o)
                              .\ARM_GCC_541\Debug\DCMotor.a(cyPm.o) (CyFlash_SetWaitCycles)
.\ARM_GCC_541\Debug\DCMotor.a(CySpc.o)
                              .\ARM_GCC_541\Debug\DCMotor.a(CyFlash.o) (CySpcStart)
c:/program files (x86)/cypress/psoc creator/4.4/psoc creator/import/gnu/arm/5.4.1/bin/../lib/gcc/arm-none-eabi/5.4.1/armv7-m\libgcc.a(_arm_addsubdf3.o)
                              .\ARM_GCC_541\Debug\main.o (__aeabi_dsub)
c:/program files (x86)/cypress/psoc creator/4.4/psoc creator/import/gnu/arm/5.4.1/bin/../lib/gcc/arm-none-eabi/5.4.1/armv7-m\libgcc.a(_arm_muldivdf3.o)
                              .\ARM_GCC_541\Debug\main.o (__aeabi_dmul)
c:/program files (x86)/cypress/psoc creator/4.4/psoc creator/import/gnu/arm/5.4.1/bin/../lib/gcc/arm-none-eabi/5.4.1/armv7-m\libgcc.a(_arm_cmpdf2.o)
                              .\ARM_GCC_541\Debug\main.o (__aeabi_dcmplt)
c:/program files (x86)/cypress/psoc creator/4.4/psoc creator/import/gnu/arm/5.4.1/bin/../lib/gcc/arm-none-eabi/5.4.1/armv7-m\libgcc.a(_arm_fixdfsi.o)
                              .\ARM_GCC_541\Debug\main.o (__aeabi_d2iz)
c:/program files (x86)/cypress/psoc creator/4.4/psoc creator/import/gnu/arm/5.4.1/bin/../lib/gcc/arm-none-eabi/5.4.1/armv7-m\libgcc.a(_arm_addsubsf3.o)
                              .\ARM_GCC_541\Debug\DCMotor.a(ADC_SAR.o) (__aeabi_i2f)
c:/program files (x86)/cypress/psoc creator/4.4/psoc creator/import/gnu/arm/5.4.1/bin/../lib/gcc/arm-none-eabi/5.4.1/armv7-m\libgcc.a(_arm_muldivsf3.o)
                              .\ARM_GCC_541\Debug\DCMotor.a(ADC_SAR.o) (__aeabi_fmul)
c:/program files (x86)/cypress/psoc creator/4.4/psoc creator/import/gnu/arm/5.4.1/bin/../lib/gcc/arm-none-eabi/5.4.1/armv7-m\libgcc.a(_aeabi_ldivmod.o)
                              .\ARM_GCC_541\Debug\DCMotor.a(ADC_SAR.o) (__aeabi_ldivmod)
c:/program files (x86)/cypress/psoc creator/4.4/psoc creator/import/gnu/arm/5.4.1/bin/../lib/gcc/arm-none-eabi/5.4.1/armv7-m\libgcc.a(_udivmoddi4.o)
                              c:/program files (x86)/cypress/psoc creator/4.4/psoc creator/import/gnu/arm/5.4.1/bin/../lib/gcc/arm-none-eabi/5.4.1/armv7-m\libgcc.a(_aeabi_ldivmod.o) (__udivmoddi4)
c:/program files (x86)/cypress/psoc creator/4.4/psoc creator/import/gnu/arm/5.4.1/bin/../lib/gcc/arm-none-eabi/5.4.1/armv7-m\libgcc.a(_dvmd_tls.o)
                              c:/program files (x86)/cypress/psoc creator/4.4/psoc creator/import/gnu/arm/5.4.1/bin/../lib/gcc/arm-none-eabi/5.4.1/armv7-m\libgcc.a(_aeabi_ldivmod.o) (__aeabi_ldiv0)
c:/program files (x86)/cypress/psoc creator/4.4/psoc creator/import/gnu/arm/5.4.1/bin/../lib/gcc/arm-none-eabi/5.4.1/../../../../arm-none-eabi/lib/armv7-m\libg_nano.a(lib_a-errno.o)
                              .\ARM_GCC_541\Debug\Cm3Start.o (__errno)
c:/program files (x86)/cypress/psoc creator/4.4/psoc creator/import/gnu/arm/5.4.1/bin/../lib/gcc/arm-none-eabi/5.4.1/../../../../arm-none-eabi/lib/armv7-m\libg_nano.a(lib_a-exit.o)
[...]
Memory Configuration

Name             Origin             Length             Attributes
rom              0x00000000         0x00040000         xr
ram              0x1fff8000         0x00010000         xrw
*default*        0x00000000         0xffffffff

Linker script and memory map

LOAD c:/program files (x86)/cypress/psoc creator/4.4/psoc creator/import/gnu/arm/5.4.1/bin/../lib/gcc/arm-none-eabi/5.4.1/armv7-m/crti.o
LOAD c:/program files (x86)/cypress/psoc creator/4.4/psoc creator/import/gnu/arm/5.4.1/bin/../lib/gcc/arm-none-eabi/5.4.1/armv7-m/crtbegin.o
LOAD c:/program files (x86)/cypress/psoc creator/4.4/psoc creator/import/gnu/arm/5.4.1/bin/../lib/gcc/arm-none-eabi/5.4.1/../../../../arm-none-eabi/lib/armv7-m/crt0.o
START GROUP
LOAD .\ARM_GCC_541\Debug\main.o
LOAD .\ARM_GCC_541\Debug\cyfitter_cfg.o
LOAD .\ARM_GCC_541\Debug\cymetadata.o
LOAD .\ARM_GCC_541\Debug\Cm3Start.o
LOAD .\ARM_GCC_541\Debug\DCMotor.a
LOAD C:\Program Files (x86)\Cypress\PSoC Creator\4.4\PSoC Creator\psoc\content\cycomponentlibrary\CyComponentLibrary.cylib\CortexM3\ARM_GCC_541\Debug\CyComponentLibrary.a
END GROUP
START GROUP
LOAD c:/program files (x86)/cypress/psoc creator/4.4/psoc creator/import/gnu/arm/5.4.1/bin/../lib/gcc/arm-none-eabi/5.4.1/armv7-m\libgcc.a
LOAD c:/program files (x86)/cypress/psoc creator/4.4/psoc creator/import/gnu/arm/5.4.1/bin/../lib/gcc/arm-none-eabi/5.4.1/../../../../arm-none-eabi/lib/armv7-m\libg_nano.a
LOAD c:/program files (x86)/cypress/psoc creator/4.4/psoc creator/import/gnu/arm/5.4.1/bin/../lib/gcc/arm-none-eabi/5.4.1/../../../../arm-none-eabi/lib/armv7-m\libc_nano.a
END GROUP
START GROUP
LOAD c:/program files (x86)/cypress/psoc creator/4.4/psoc creator/import/gnu/arm/5.4.1/bin/../lib/gcc/arm-none-eabi/5.4.1/armv7-m\libgcc.a
LOAD c:/program files (x86)/cypress/psoc creator/4.4/psoc creator/import/gnu/arm/5.4.1/bin/../lib/gcc/arm-none-eabi/5.4.1/../../../../arm-none-eabi/lib/armv7-m\libc_nano.a
END GROUP
LOAD c:/program files (x86)/cypress/psoc creator/4.4/psoc creator/import/gnu/arm/5.4.1/bin/../lib/gcc/arm-none-eabi/5.4.1/armv7-m/crtend.o
LOAD c:/program files (x86)/cypress/psoc creator/4.4/psoc creator/import/gnu/arm/5.4.1/bin/../lib/gcc/arm-none-eabi/5.4.1/armv7-m/crtn.o
START GROUP
LOAD c:/program files (x86)/cypress/psoc creator/4.4/psoc creator/import/gnu/arm/5.4.1/bin/../lib/gcc/arm-none-eabi/5.4.1/armv7-m\libgcc.a
LOAD c:/program files (x86)/cypress/psoc creator/4.4/psoc creator/import/gnu/arm/5.4.1/bin/../lib/gcc/arm-none-eabi/5.4.1/../../../../arm-none-eabi/lib/armv7-m\libc.a
LOAD c:/program files (x86)/cypress/psoc creator/4.4/psoc creator/import/gnu/arm/5.4.1/bin/../lib/gcc/arm-none-eabi/5.4.1/../../../../arm-none-eabi/lib/armv7-m\libnosys.a
END GROUP
                0x00000000                CY_APPL_ORIGIN = 0x0
                0x00000100                CY_FLASH_ROW_SIZE = 0x100
                0x00000020                CY_ECC_ROW_SIZE = 0x20
                0x00000000                CY_EE_IN_BTLDR = 0x0
                0x00000000                CY_APPL_LOADABLE = 0x0
                0x00000800                CY_EE_SIZE = 0x800
                0x00000001                CY_APPL_NUM = 0x1
                0x00000001                CY_APPL_MAX = 0x1
                0x00000040                CY_METADATA_SIZE = 0x40
                0x00000000                CY_APPL_LOADABLE = 0x0
                0x00000000                CY_CHECKSUM_EXCLUDE_SIZE = ALIGN (0x0, CY_FLASH_ROW_SIZE)
                [!provide]                PROVIDE (__cy_heap_start, _end)
                0x00000001                PROVIDE (__cy_region_num, ((__cy_regions_end - __cy_regions) / 0x10))
                0x20008000                PROVIDE (__cy_stack, (ORIGIN (ram) + LENGTH (ram)))
                [!provide]                PROVIDE (__cy_heap_end, (__cy_stack - 0x800))

.cybootloader   0x00000000        0x0
 *(.cybootloader)
                0x00000000                appl1_start = CY_APPL_ORIGIN?CY_APPL_ORIGIN:ALIGN (CY_FLASH_ROW_SIZE)
                0x0001ff00                appl2_start = (appl1_start + ALIGN ((((LENGTH (rom) - appl1_start) - (0x2 * CY_FLASH_ROW_SIZE)) / 0x2), CY_FLASH_ROW_SIZE))
                0x00000000                appl_start = (CY_APPL_NUM == 0x1)?appl1_start:appl2_start
                0x00000000                ecc_offset = ((appl_start / CY_FLASH_ROW_SIZE) * CY_ECC_ROW_SIZE)
                0x00000000                ee_offset = (CY_APPL_LOADABLE && ! (CY_EE_IN_BTLDR))?((CY_EE_SIZE / CY_APPL_MAX) * (CY_APPL_NUM - 0x1)):0x0
                0x00000800                ee_size = (CY_APPL_LOADABLE && ! (CY_EE_IN_BTLDR))?(CY_EE_SIZE / CY_APPL_MAX):CY_EE_SIZE
                [!provide]                PROVIDE (CY_ECC_OFFSET, ecc_offset)

.text           0x00000000     0x2778
 CREATE_OBJECT_SYMBOLS
                0x00000000                PROVIDE (__cy_interrupt_vector, RomVectors)
 *(.romvectors)
 .romvectors    0x00000000       0x10 .\ARM_GCC_541\Debug\Cm3Start.o
                0x00000000                RomVectors
                0x00000001                ASSERT ((. != __cy_interrupt_vector), No interrupt vector)
                0x00000001                ASSERT (CY_APPL_ORIGIN?(SIZEOF (.cybootloader) <= CY_APPL_ORIGIN):0x1, Wrong image location)
                0x00000010                PROVIDE (__cy_reset, Reset)
 *(.text.Reset)
 .text.Reset    0x00000010       0x18 .\ARM_GCC_541\Debug\Cm3Start.o
                0x00000010                Reset
                0x00000001                ASSERT ((. != __cy_reset), No reset code)
 *(.dma_init)
                0x00000001                ASSERT ((((appl_start + .) <= 0x10000) || 0x1), DMA Init must be within the first 64k of flash)
 *(.text .text.* .gnu.linkonce.t.*)
 .text          0x00000028       0x5c c:/program files (x86)/cypress/psoc creator/4.4/psoc creator/import/gnu/arm/5.4.1/bin/../lib/gcc/arm-none-eabi/5.4.1/armv7-m/crtbegin.o
 .text.DCMotorControl
                0x00000084       0xe8 .\ARM_GCC_541\Debug\main.o
                0x00000084                DCMotorControl
 .text.main     0x0000016c       0x58 .\ARM_GCC_541\Debug\main.o
                0x0000016c                main
 .text.CYMEMZERO
                0x000001c4       0x1c .\ARM_GCC_541\Debug\cyfitter_cfg.o
 .text.CYCONFIGCPY
                0x000001e0       0x20 .\ARM_GCC_541\Debug\cyfitter_cfg.o
 .text.CYCONFIGCPYCODE
                0x00000200       0x20 .\ARM_GCC_541\Debug\cyfitter_cfg.o
 .text.CyClockStartupError
                0x00000220        0xc .\ARM_GCC_541\Debug\cyfitter_cfg.o
 .text.cfg_write_bytes32
                0x0000022c       0x74 .\ARM_GCC_541\Debug\cyfitter_cfg.o
 .text.ClockSetup
                0x000002a0      0x140 .\ARM_GCC_541\Debug\cyfitter_cfg.o
 .text.AnalogSetDefault
                0x000003e0       0xb0 .\ARM_GCC_541\Debug\cyfitter_cfg.o
 .text.cyfitter_cfg
                0x00000490      0x178 .\ARM_GCC_541\Debug\cyfitter_cfg.o
                0x00000490                cyfitter_cfg
 .text.IntDefaultHandler
                0x00000608       0x14 .\ARM_GCC_541\Debug\Cm3Start.o
                0x00000608                IntDefaultHandler
 .text._sbrk    0x0000061c       0x50 .\ARM_GCC_541\Debug\Cm3Start.o
                0x0000061c                _sbrk
 .text.Start_c  0x0000066c       0x98 .\ARM_GCC_541\Debug\Cm3Start.o
                0x0000066c                Start_c
 .text.initialize_psoc
                0x00000704       0x94 .\ARM_GCC_541\Debug\Cm3Start.o
                0x00000704                initialize_psoc
 .text.UART_Start
                0x00000798       0x24 .\ARM_GCC_541\Debug\DCMotor.a(UART.o)
                0x00000798                UART_Start
 .text.UART_Init
                0x000007bc       0x40 .\ARM_GCC_541\Debug\DCMotor.a(UART.o)
                0x000007bc                UART_Init
 .text.UART_Enable
                0x000007fc       0x60 .\ARM_GCC_541\Debug\DCMotor.a(UART.o)
                0x000007fc                UART_Enable
 .text.UART_PutChar
                0x0000085c       0x34 .\ARM_GCC_541\Debug\DCMotor.a(UART.o)
                0x0000085c                UART_PutChar
 .text.UART_PutString
                0x00000890       0x44 .\ARM_GCC_541\Debug\DCMotor.a(UART.o)
                0x00000890                UART_PutString
 .text.ADC_Init
                0x000008d4       0x50 .\ARM_GCC_541\Debug\DCMotor.a(ADC.o)
                0x000008d4                ADC_Init
 .text.ADC_Enable
                0x00000924      0x130 .\ARM_GCC_541\Debug\DCMotor.a(ADC.o)
                0x00000924                ADC_Enable
 .text.ADC_Start
                0x00000a54       0x30 .\ARM_GCC_541\Debug\DCMotor.a(ADC.o)
                0x00000a54                ADC_Start
 .text.ADC_StartConvert
                0x00000a84        0xc .\ARM_GCC_541\Debug\DCMotor.a(ADC.o)
                0x00000a84                ADC_StartConvert
 .text.ADC_IsEndConversion
                0x00000a90       0x2c .\ARM_GCC_541\Debug\DCMotor.a(ADC.o)
                0x00000a90                ADC_IsEndConversion
 .text.ADC_GetResult16
                0x00000abc       0x38 .\ARM_GCC_541\Debug\DCMotor.a(ADC.o)
                0x00000abc                ADC_GetResult16
 .text.ADC_ISR  0x00000af4        0xc .\ARM_GCC_541\Debug\DCMotor.a(ADC_INT.o)
                0x00000af4                ADC_ISR
 .text.UART_IntClock_Start
                0x00000b00       0x34 .\ARM_GCC_541\Debug\DCMotor.a(UART_IntClock.o)
                0x00000b00                UART_IntClock_Start
 .text.ADC_SAR_Start
                0x00000b34       0x24 .\ARM_GCC_541\Debug\DCMotor.a(ADC_SAR.o)
                0x00000b34                ADC_SAR_Start
 .text.ADC_SAR_Init
                0x00000b58       0x2c .\ARM_GCC_541\Debug\DCMotor.a(ADC_SAR.o)
                0x00000b58                ADC_SAR_Init
 .text.ADC_SAR_Enable
                0x00000b84       0xc4 .\ARM_GCC_541\Debug\DCMotor.a(ADC_SAR.o)
                0x00000b84                ADC_SAR_Enable
 .text.ADC_SAR_SetResolution
                0x00000c48       0x54 .\ARM_GCC_541\Debug\DCMotor.a(ADC_SAR.o)
                0x00000c48                ADC_SAR_SetResolution
 .text.ADC_SAR_StartConvert
                0x00000c9c       0x20 .\ARM_GCC_541\Debug\DCMotor.a(ADC_SAR.o)
                0x00000c9c                ADC_SAR_StartConvert
 .text.ADC_SAR_CalcGain
                0x00000cbc       0x80 .\ARM_GCC_541\Debug\DCMotor.a(ADC_SAR.o)
 .text.ADC_TempBuf_DmaInitialize
                0x00000d3c       0x64 .\ARM_GCC_541\Debug\DCMotor.a(ADC_TempBuf_dma.o)
                0x00000d3c                ADC_TempBuf_DmaInitialize
 .text.ADC_FinalBuf_DmaInitialize
                0x00000da0       0x64 .\ARM_GCC_541\Debug\DCMotor.a(ADC_FinalBuf_dma.o)
                0x00000da0                ADC_FinalBuf_DmaInitialize
 .text.ADC_IRQ_SetVector
                0x00000e04       0x24 .\ARM_GCC_541\Debug\DCMotor.a(ADC_IRQ.o)
                0x00000e04                ADC_IRQ_SetVector
 .text.ADC_IRQ_SetPriority
                0x00000e28       0x24 .\ARM_GCC_541\Debug\DCMotor.a(ADC_IRQ.o)
                0x00000e28                ADC_IRQ_SetPriority
 .text.CyDmacConfigure
                0x00000e4c       0x5c .\ARM_GCC_541\Debug\DCMotor.a(CyDmac.o)
                0x00000e4c                CyDmacConfigure
 .text.CyDmaChEnable
                0x00000ea8       0x8c .\ARM_GCC_541\Debug\DCMotor.a(CyDmac.o)
                0x00000ea8                CyDmaChEnable
 .text.CyDmaClearPendingDrq
                0x00000f34       0x60 .\ARM_GCC_541\Debug\DCMotor.a(CyDmac.o)
                0x00000f34                CyDmaClearPendingDrq
 .text.CyDmaChPriority
                0x00000f94       0x64 .\ARM_GCC_541\Debug\DCMotor.a(CyDmac.o)
                0x00000f94                CyDmaChPriority
 .text.CyDmaChSetExtendedAddress
                0x00000ff8       0x78 .\ARM_GCC_541\Debug\DCMotor.a(CyDmac.o)
                0x00000ff8                CyDmaChSetExtendedAddress
 .text.CyDmaChSetInitialTd
                0x00001070       0x3c .\ARM_GCC_541\Debug\DCMotor.a(CyDmac.o)
                0x00001070                CyDmaChSetInitialTd
 .text.CyDmaChSetConfiguration
                0x000010ac       0xa0 .\ARM_GCC_541\Debug\DCMotor.a(CyDmac.o)
                0x000010ac                CyDmaChSetConfiguration
 .text.CyDmaTdAllocate
                0x0000114c       0x5c .\ARM_GCC_541\Debug\DCMotor.a(CyDmac.o)
                0x0000114c                CyDmaTdAllocate
 .text.CyDmaTdSetConfiguration
                0x000011a8       0x80 .\ARM_GCC_541\Debug\DCMotor.a(CyDmac.o)
                0x000011a8                CyDmaTdSetConfiguration
 .text.CyDmaTdSetAddress
                0x00001228       0x5c .\ARM_GCC_541\Debug\DCMotor.a(CyDmac.o)
                0x00001228                CyDmaTdSetAddress
 .text.CyHalt   0x00001284       0x18 .\ARM_GCC_541\Debug\DCMotor.a(CyLib.o)
                0x00001284                CyHalt
 .text.CyDelay  0x0000129c       0x44 .\ARM_GCC_541\Debug\DCMotor.a(CyLib.o)
                0x0000129c                CyDelay
 .text.CyDelayUs
                0x000012e0       0x28 .\ARM_GCC_541\Debug\DCMotor.a(CyLib.o)
                0x000012e0                CyDelayUs
 .text.ISR_DCMotorControl_StartEx
                0x00001308       0x24 .\ARM_GCC_541\Debug\DCMotor.a(ISR_DCMotorControl.o)
                0x00001308                ISR_DCMotorControl_StartEx
 .text.ISR_DCMotorControl_SetVector
                0x0000132c       0x24 .\ARM_GCC_541\Debug\DCMotor.a(ISR_DCMotorControl.o)
                0x0000132c                ISR_DCMotorControl_SetVector
 .text.ISR_DCMotorControl_SetPriority
                0x00001350       0x24 .\ARM_GCC_541\Debug\DCMotor.a(ISR_DCMotorControl.o)
                0x00001350                ISR_DCMotorControl_SetPriority
 .text.ISR_DCMotorControl_Enable
                0x00001374       0x18 .\ARM_GCC_541\Debug\DCMotor.a(ISR_DCMotorControl.o)
                0x00001374                ISR_DCMotorControl_Enable
 .text.ISR_DCMotorControl_Disable
                0x0000138c       0x18 .\ARM_GCC_541\Debug\DCMotor.a(ISR_DCMotorControl.o)
                0x0000138c                ISR_DCMotorControl_Disable
 .text.PWM_DC_Start
                0x000013a4       0x24 .\ARM_GCC_541\Debug\DCMotor.a(PWM_DC.o)
                0x000013a4                PWM_DC_Start
 .text.PWM_DC_Init
                0x000013c8       0x94 .\ARM_GCC_541\Debug\DCMotor.a(PWM_DC.o)
                0x000013c8                PWM_DC_Init
 .text.PWM_DC_Enable
                0x0000145c       0x20 .\ARM_GCC_541\Debug\DCMotor.a(PWM_DC.o)
                0x0000145c                PWM_DC_Enable
 .text.PWM_DC_WriteCounter
                0x0000147c       0x20 .\ARM_GCC_541\Debug\DCMotor.a(PWM_DC.o)
                0x0000147c                PWM_DC_WriteCounter
 .text.PWM_DC_ClearFIFO
                0x0000149c       0x1c .\ARM_GCC_541\Debug\DCMotor.a(PWM_DC.o)
                0x0000149c                PWM_DC_ClearFIFO
 .text.PWM_DC_WritePeriod
                0x000014b8       0x20 .\ARM_GCC_541\Debug\DCMotor.a(PWM_DC.o)
                0x000014b8                PWM_DC_WritePeriod
 .text.PWM_DC_WriteCompare
                0x000014d8       0x20 .\ARM_GCC_541\Debug\DCMotor.a(PWM_DC.o)
                0x000014d8                PWM_DC_WriteCompare
 .text.PWM_DC_SetInterruptMode
                0x000014f8       0x20 .\ARM_GCC_541\Debug\DCMotor.a(PWM_DC.o)
                0x000014f8                PWM_DC_SetInterruptMode
 .text.PWM_DC_ReadStatusRegister
                0x00001518       0x18 .\ARM_GCC_541\Debug\DCMotor.a(PWM_DC.o)
                0x00001518                PWM_DC_ReadStatusRegister
 .text.PWM_DC_ReadCapture
                0x00001530       0x18 .\ARM_GCC_541\Debug\DCMotor.a(PWM_DC.o)
                0x00001530                PWM_DC_ReadCapture
 .text.DriverControlReg_Write
                0x00001548       0x20 .\ARM_GCC_541\Debug\DCMotor.a(DriverControlReg.o)
                0x00001548                DriverControlReg_Write
 .text          0x00001568       0x54 .\ARM_GCC_541\Debug\DCMotor.a(CyBootAsmGnu.o)
                0x00001568                CyDelayCycles
                0x000015a6                CyEnterCriticalSection
                0x000015ae                CyExitCriticalSection
 .text          0x000015bc      0x370 c:/program files (x86)/cypress/psoc creator/4.4/psoc creator/import/gnu/arm/5.4.1/bin/../lib/gcc/arm-none-eabi/5.4.1/armv7-m\libgcc.a(_arm_addsubdf3.o)
                0x000015bc                __aeabi_drsub
                0x000015c4                __aeabi_dsub
                0x000015c4                __subdf3
                0x000015c8                __aeabi_dadd
                0x000015c8                __adddf3
                0x00001840                __floatunsidf
                0x00001840                __aeabi_ui2d
                0x00001860                __floatsidf
                0x00001860                __aeabi_i2d
                0x00001884                __aeabi_f2d
                0x00001884                __extendsfdf2
                0x000018c0                __floatundidf
                0x000018c0                __aeabi_ul2d
                0x000018d0                __floatdidf
                0x000018d0                __aeabi_l2d
 .text          0x0000192c      0x424 c:/program files (x86)/cypress/psoc creator/4.4/psoc creator/import/gnu/arm/5.4.1/bin/../lib/gcc/arm-none-eabi/5.4.1/armv7-m\libgcc.a(_arm_muldivdf3.o)
                0x0000192c                __aeabi_dmul
                0x0000192c                __muldf3
                0x00001b80                __divdf3
                0x00001b80                __aeabi_ddiv
 .text          0x00001d50      0x110 c:/program files (x86)/cypress/psoc creator/4.4/psoc creator/import/gnu/arm/5.4.1/bin/../lib/gcc/arm-none-eabi/5.4.1/armv7-m\libgcc.a(_arm_cmpdf2.o)
                0x00001d50                __gtdf2
                0x00001d50                __gedf2
                0x00001d58                __ltdf2
                0x00001d58                __ledf2
                0x00001d60                __nedf2
                0x00001d60                __eqdf2
                0x00001d60                __cmpdf2
                0x00001ddc                __aeabi_cdrcmple
                0x00001dec                __aeabi_cdcmpeq
                0x00001dec                __aeabi_cdcmple
                0x00001dfc                __aeabi_dcmpeq
                0x00001e10                __aeabi_dcmplt
                0x00001e24                __aeabi_dcmple
                0x00001e38                __aeabi_dcmpge
                0x00001e4c                __aeabi_dcmpgt
 .text          0x00001e60       0x50 c:/program files (x86)/cypress/psoc creator/4.4/psoc creator/import/gnu/arm/5.4.1/bin/../lib/gcc/arm-none-eabi/5.4.1/armv7-m\libgcc.a(_arm_fixdfsi.o)
                0x00001e60                __aeabi_d2iz
                0x00001e60                __fixdfsi
 .text.__errno  0x00001eb0        0xc c:/program files (x86)/cypress/psoc creator/4.4/psoc creator/import/gnu/arm/5.4.1/bin/../lib/gcc/arm-none-eabi/5.4.1/../../../../arm-none-eabi/lib/armv7-m\libg_nano.a(lib_a-errno.o)
                0x00001eb0                __errno
 .text.__libc_init_array
                0x00001ebc       0x4c c:/program files (x86)/cypress/psoc creator/4.4/psoc creator/import/gnu/arm/5.4.1/bin/../lib/gcc/arm-none-eabi/5.4.1/../../../../arm-none-eabi/lib/armv7-m\libg_nano.a(lib_a-init.o)
                0x00001ebc                __libc_init_array
 .text.memcpy   0x00001f08       0x16 c:/program files (x86)/cypress/psoc creator/4.4/psoc creator/import/gnu/arm/5.4.1/bin/../lib/gcc/arm-none-eabi/5.4.1/../../../../arm-none-eabi/lib/armv7-m\libg_nano.a(lib_a-memcpy-stub.o)
                0x00001f08                memcpy
 .text.memset   0x00001f1e       0x10 c:/program files (x86)/cypress/psoc creator/4.4/psoc creator/import/gnu/arm/5.4.1/bin/../lib/gcc/arm-none-eabi/5.4.1/../../../../arm-none-eabi/lib/armv7-m\libg_nano.a(lib_a-memset.o)
                0x00001f1e                memset
 *fill*         0x00001f2e        0x2 
 .text.sprintf  0x00001f30       0x48 c:/program files (x86)/cypress/psoc creator/4.4/psoc creator/import/gnu/arm/5.4.1/bin/../lib/gcc/arm-none-eabi/5.4.1/../../../../arm-none-eabi/lib/armv7-m\libg_nano.a(lib_a-sprintf.o)
                0x00001f30                siprintf
                0x00001f30                sprintf
 .text.__ssputs_r
                0x00001f78       0xb2 c:/program files (x86)/cypress/psoc creator/4.4/psoc creator/import/gnu/arm/5.4.1/bin/../lib/gcc/arm-none-eabi/5.4.1/../../../../arm-none-eabi/lib/armv7-m\libg_nano.a(lib_a-nano-svfprintf.o)
                0x00001f78                __ssputs_r
 *fill*         0x0000202a        0x2 
 .text._svfprintf_r
                0x0000202c      0x1e8 c:/program files (x86)/cypress/psoc creator/4.4/psoc creator/import/gnu/arm/5.4.1/bin/../lib/gcc/arm-none-eabi/5.4.1/../../../../arm-none-eabi/lib/armv7-m\libg_nano.a(lib_a-nano-svfprintf.o)
                0x0000202c                _svfiprintf_r
                0x0000202c                _svfprintf_r
 .text._printf_common
                0x00002214       0xec c:/program files (x86)/cypress/psoc creator/4.4/psoc creator/import/gnu/arm/5.4.1/bin/../lib/gcc/arm-none-eabi/5.4.1/../../../../arm-none-eabi/lib/armv7-m\libg_nano.a(lib_a-nano-vfprintf_i.o)
                0x00002214                _printf_common
 .text._printf_i
                0x00002300      0x24c c:/program files (x86)/cypress/psoc creator/4.4/psoc creator/import/gnu/arm/5.4.1/bin/../lib/gcc/arm-none-eabi/5.4.1/../../../../arm-none-eabi/lib/armv7-m\libg_nano.a(lib_a-nano-vfprintf_i.o)
                0x00002300                _printf_i
 .text.memchr   0x0000254c       0x1c c:/program files (x86)/cypress/psoc creator/4.4/psoc creator/import/gnu/arm/5.4.1/bin/../lib/gcc/arm-none-eabi/5.4.1/../../../../arm-none-eabi/lib/armv7-m\libg_nano.a(lib_a-memchr-stub.o)
                0x0000254c                memchr
 .text.memmove  0x00002568       0x36 c:/program files (x86)/cypress/psoc creator/4.4/psoc creator/import/gnu/arm/5.4.1/bin/../lib/gcc/arm-none-eabi/5.4.1/../../../../arm-none-eabi/lib/armv7-m\libg_nano.a(lib_a-memmove.o)
                0x00002568                memmove
 *fill*         0x0000259e        0x2 
 .text._free_r  0x000025a0       0x98 c:/program files (x86)/cypress/psoc creator/4.4/psoc creator/import/gnu/arm/5.4.1/bin/../lib/gcc/arm-none-eabi/5.4.1/../../../../arm-none-eabi/lib/armv7-m\libg_nano.a(lib_a-nano-freer.o)
                0x000025a0                _free_r
 .text._malloc_r
                0x00002638       0xbc c:/program files (x86)/cypress/psoc creator/4.4/psoc creator/import/gnu/arm/5.4.1/bin/../lib/gcc/arm-none-eabi/5.4.1/../../../../arm-none-eabi/lib/armv7-m\libg_nano.a(lib_a-nano-mallocr.o)
                0x00002638                _malloc_r
 .text._realloc_r
                0x000026f4       0x4c c:/program files (x86)/cypress/psoc creator/4.4/psoc creator/import/gnu/arm/5.4.1/bin/../lib/gcc/arm-none-eabi/5.4.1/../../../../arm-none-eabi/lib/armv7-m\libg_nano.a(lib_a-nano-reallocr.o)
                0x000026f4                _realloc_r
 .text._sbrk_r  0x00002740       0x20 c:/program files (x86)/cypress/psoc creator/4.4/psoc creator/import/gnu/arm/5.4.1/bin/../lib/gcc/arm-none-eabi/5.4.1/../../../../arm-none-eabi/lib/armv7-m\libg_nano.a(lib_a-sbrkr.o)
                0x00002740                _sbrk_r
 .text.__malloc_lock
                0x00002760        0x2 c:/program files (x86)/cypress/psoc creator/4.4/psoc creator/import/gnu/arm/5.4.1/bin/../lib/gcc/arm-none-eabi/5.4.1/../../../../arm-none-eabi/lib/armv7-m\libg_nano.a(lib_a-mlock.o)
                0x00002760                __malloc_lock
 .text.__malloc_unlock
                0x00002762        0x2 c:/program files (x86)/cypress/psoc creator/4.4/psoc creator/import/gnu/arm/5.4.1/bin/../lib/gcc/arm-none-eabi/5.4.1/../../../../arm-none-eabi/lib/armv7-m\libg_nano.a(lib_a-mlock.o)
                0x00002762                __malloc_unlock
 .text._malloc_usable_size_r
                0x00002764       0x14 c:/program files (x86)/cypress/psoc creator/4.4/psoc creator/import/gnu/arm/5.4.1/bin/../lib/gcc/arm-none-eabi/5.4.1/../../../../arm-none-eabi/lib/armv7-m\libg_nano.a(lib_a-nano-msizer.o)
                0x00002764                _malloc_usable_size_r
 *(.plt)
 *(.gnu.warning)
 *(.glue_7t)
 .glue_7t       0x00002778        0x0 linker stubs
 *(.glue_7)
 .glue_7        0x00002778        0x0 linker stubs
 *(.vfp11_veneer)
 .vfp11_veneer  0x00002778        0x0 linker stubs
 *(.bootloader)
 *(.ARM.extab* .gnu.linkonce.armextab.*)
 *(.gcc_except_table)

.v4_bx          0x00002778        0x0
 .v4_bx         0x00002778        0x0 linker stubs

.iplt           0x00002778        0x0
 .iplt          0x00002778        0x0 c:/program files (x86)/cypress/psoc creator/4.4/psoc creator/import/gnu/arm/5.4.1/bin/../lib/gcc/arm-none-eabi/5.4.1/armv7-m/crtbegin.o

.eh_frame_hdr
 *(.eh_frame_hdr)

.eh_frame       0x00002778        0x4
 *(.eh_frame)
 .eh_frame      0x00002778        0x0 c:/program files (x86)/cypress/psoc creator/4.4/psoc creator/import/gnu/arm/5.4.1/bin/../lib/gcc/arm-none-eabi/5.4.1/armv7-m/crtbegin.o
 .eh_frame      0x00002778        0x4 c:/program files (x86)/cypress/psoc creator/4.4/psoc creator/import/gnu/arm/5.4.1/bin/../lib/gcc/arm-none-eabi/5.4.1/armv7-m/crtend.o
                [!provide]                PROVIDE (__exidx_start, .)

.ARM.exidx
 *(.ARM.exidx* .gnu.linkonce.armexidx.*)
                0x0000277c                __exidx_end = .

.rodata         0x0000277c      0xa04
 *(.rodata .rodata.* .gnu.linkonce.r.*)
 .rodata        0x0000277c       0x15 .\ARM_GCC_541\Debug\main.o
 *fill*         0x00002791        0x3 
 .rodata        0x00002794      0x980 .\ARM_GCC_541\Debug\cyfitter_cfg.o
 .rodata.str1.1
                0x00003114        0x2 c:/program files (x86)/cypress/psoc creator/4.4/psoc creator/import/gnu/arm/5.4.1/bin/../lib/gcc/arm-none-eabi/5.4.1/../../../../arm-none-eabi/lib/armv7-m\libg_nano.a(lib_a-impure.o)
 .rodata.str1.1
                0x00003116       0x11 c:/program files (x86)/cypress/psoc creator/4.4/psoc creator/import/gnu/arm/5.4.1/bin/../lib/gcc/arm-none-eabi/5.4.1/../../../../arm-none-eabi/lib/armv7-m\libg_nano.a(lib_a-nano-svfprintf.o)
 .rodata.str1.1
                0x00003127       0x22 c:/program files (x86)/cypress/psoc creator/4.4/psoc creator/import/gnu/arm/5.4.1/bin/../lib/gcc/arm-none-eabi/5.4.1/../../../../arm-none-eabi/lib/armv7-m\libg_nano.a(lib_a-nano-vfprintf_i.o)
                0x0000314c                . = ALIGN (0x4)
 *fill*         0x00003149        0x3 
 *(.init)
 .init          0x0000314c        0x4 c:/program files (x86)/cypress/psoc creator/4.4/psoc creator/import/gnu/arm/5.4.1/bin/../lib/gcc/arm-none-eabi/5.4.1/armv7-m/crti.o
                0x0000314c                _init
 .init          0x00003150        0x8 c:/program files (x86)/cypress/psoc creator/4.4/psoc creator/import/gnu/arm/5.4.1/bin/../lib/gcc/arm-none-eabi/5.4.1/armv7-m/crtn.o
                0x00003158                . = ALIGN (0x4)
                0x00003158                __preinit_array_start = .
 *(.preinit_array)
                0x00003158                __preinit_array_end = .
                0x00003158                . = ALIGN (0x4)
                0x00003158                __init_array_start = .
 *(SORT(.init_array.*))
 *(.init_array)
 .init_array    0x00003158        0x4 c:/program files (x86)/cypress/psoc creator/4.4/psoc creator/import/gnu/arm/5.4.1/bin/../lib/gcc/arm-none-eabi/5.4.1/armv7-m/crtbegin.o
 .init_array    0x0000315c        0x4 .\ARM_GCC_541\Debug\Cm3Start.o
                0x00003160                __init_array_end = .
                0x00003160                . = ALIGN (0x4)
 *(.fini)
 .fini          0x00003160        0x4 c:/program files (x86)/cypress/psoc creator/4.4/psoc creator/import/gnu/arm/5.4.1/bin/../lib/gcc/arm-none-eabi/5.4.1/armv7-m/crti.o
                0x00003160                _fini
 .fini          0x00003164        0x8 c:/program files (x86)/cypress/psoc creator/4.4/psoc creator/import/gnu/arm/5.4.1/bin/../lib/gcc/arm-none-eabi/5.4.1/armv7-m/crtn.o
                0x0000316c                . = ALIGN (0x4)
                0x0000316c                __fini_array_start = .
 *(.fini_array)
 .fini_array    0x0000316c        0x4 c:/program files (x86)/cypress/psoc creator/4.4/psoc creator/import/gnu/arm/5.4.1/bin/../lib/gcc/arm-none-eabi/5.4.1/armv7-m/crtbegin.o
 *(SORT(.fini_array.*))
                0x00003170                __fini_array_end = .
                0x00003170                . = ALIGN (0x4)
 *crtbegin.o(.ctors)
 *(EXCLUDE_FILE(*crtend.o) .ctors)
 *(SORT(.ctors.*))
 *crtend.o(.ctors)
                0x00003170                . = ALIGN (0x4)
 *crtbegin.o(.dtors)
 *(EXCLUDE_FILE(*crtend.o) .dtors)
 *(SORT(.dtors.*))
 *crtend.o(.dtors)
                0x00003170                . = ALIGN (0x4)
                0x00003170                __cy_regions = .
                0x00003170        0x4 LONG 0x3180 __cy_region_init_ram
                0x00003174        0x4 LONG 0x1fff80c8 __cy_region_start_data
                0x00003178        0x4 LONG 0x90 __cy_region_init_size_ram
                0x0000317c        0x4 LONG 0x58 __cy_region_zero_size_ram
                0x00003180                __cy_regions_end = .
                0x00003180                . = ALIGN (0x8)
                0x00003180                _etext = .

.cy_checksum_exclude
                0x00003180        0x0
 *(.cy_checksum_exclude)

.ramvectors     0x1fff8000       0xc0
                0x1fff8000                __cy_region_start_ram = .
 *(.ramvectors)
 .ramvectors    0x1fff8000       0xc0 .\ARM_GCC_541\Debug\Cm3Start.o
                0x1fff8000                CyRamVectors

.noinit         0x1fff80c0        0x5
 *(.noinit)
 .noinit        0x1fff80c0        0x4 .\ARM_GCC_541\Debug\Cm3Start.o
 .noinit        0x1fff80c4        0x1 .\ARM_GCC_541\Debug\DCMotor.a(CyLib.o)
                0x1fff80c4                CyResetStatus

.data           0x1fff80c8       0x90 load address 0x00003180
                0x1fff80c8                __cy_region_start_data = .
 *(.jcr)
 .jcr           0x1fff80c8        0x0 c:/program files (x86)/cypress/psoc creator/4.4/psoc creator/import/gnu/arm/5.4.1/bin/../lib/gcc/arm-none-eabi/5.4.1/armv7-m/crtbegin.o
 .jcr           0x1fff80c8        0x4 c:/program files (x86)/cypress/psoc creator/4.4/psoc creator/import/gnu/arm/5.4.1/bin/../lib/gcc/arm-none-eabi/5.4.1/armv7-m/crtend.o
 *(.got.plt)
 *(.got)
 *(.shdata)
 *(.data .data.* .gnu.linkonce.d.*)
 .data          0x1fff80cc        0x4 .\ARM_GCC_541\Debug\main.o
                0x1fff80cc                range
 .data          0x1fff80d0        0x4 .\ARM_GCC_541\Debug\Cm3Start.o
 .data          0x1fff80d4        0x2 .\ARM_GCC_541\Debug\DCMotor.a(ADC.o)
 .data          0x1fff80d6        0x1 .\ARM_GCC_541\Debug\DCMotor.a(ADC_TempBuf_dma.o)
                0x1fff80d6                ADC_TempBuf_DmaHandle
 .data          0x1fff80d7        0x1 .\ARM_GCC_541\Debug\DCMotor.a(ADC_FinalBuf_dma.o)
                0x1fff80d7                ADC_FinalBuf_DmaHandle
 .data          0x1fff80d8        0x8 .\ARM_GCC_541\Debug\DCMotor.a(CyDmac.o)
 .data          0x1fff80e0       0x10 .\ARM_GCC_541\Debug\DCMotor.a(CyLib.o)
                0x1fff80e0                cydelay_freq_hz
                0x1fff80e4                cydelay_freq_khz
                0x1fff80e8                cydelay_freq_mhz
                0x1fff80ec                cydelay_32k_ms
 .data.impure_data
                0x1fff80f0       0x60 c:/program files (x86)/cypress/psoc creator/4.4/psoc creator/import/gnu/arm/5.4.1/bin/../lib/gcc/arm-none-eabi/5.4.1/../../../../arm-none-eabi/lib/armv7-m\libg_nano.a(lib_a-impure.o)
 .data._impure_ptr
                0x1fff8150        0x4 c:/program files (x86)/cypress/psoc creator/4.4/psoc creator/import/gnu/arm/5.4.1/bin/../lib/gcc/arm-none-eabi/5.4.1/../../../../arm-none-eabi/lib/armv7-m\libg_nano.a(lib_a-impure.o)
                0x1fff8150                _impure_ptr
                0x1fff8158                . = ALIGN (0x8)
 *fill*         0x1fff8154        0x4 
 *(.ram)
                0x1fff8158                _edata = .

.igot.plt       0x1fff8158        0x0 load address 0x00003210
 .igot.plt      0x1fff8158        0x0 c:/program files (x86)/cypress/psoc creator/4.4/psoc creator/import/gnu/arm/5.4.1/bin/../lib/gcc/arm-none-eabi/5.4.1/armv7-m/crtbegin.o

.bss            0x1fff8158       0x58 load address 0x00003210
                0x1fff8158                PROVIDE (__bss_start__, .)
 *(.shbss)
 *(.bss .bss.* .gnu.linkonce.b.*)
 .bss           0x1fff8158       0x1c c:/program files (x86)/cypress/psoc creator/4.4/psoc creator/import/gnu/arm/5.4.1/bin/../lib/gcc/arm-none-eabi/5.4.1/armv7-m/crtbegin.o
 *fill*         0x1fff8174        0x4 
 .bss           0x1fff8178        0x8 .\ARM_GCC_541\Debug\main.o
                0x1fff8178                temp
 .bss           0x1fff8180        0x2 .\ARM_GCC_541\Debug\DCMotor.a(UART.o)
                0x1fff8180                UART_initVar
 *fill*         0x1fff8182        0x2 
 .bss           0x1fff8184        0xc .\ARM_GCC_541\Debug\DCMotor.a(ADC.o)
                0x1fff8184                ADC_initVar
 .bss           0x1fff8190        0x1 .\ARM_GCC_541\Debug\DCMotor.a(ADC_SAR.o)
                0x1fff8190                ADC_SAR_initVar
 .bss           0x1fff8191        0x1 .\ARM_GCC_541\Debug\DCMotor.a(PWM_DC.o)
                0x1fff8191                PWM_DC_initVar
 *fill*         0x1fff8192        0x2 
 .bss.__malloc_sbrk_start
                0x1fff8194        0x4 c:/program files (x86)/cypress/psoc creator/4.4/psoc creator/import/gnu/arm/5.4.1/bin/../lib/gcc/arm-none-eabi/5.4.1/../../../../arm-none-eabi/lib/armv7-m\libg_nano.a(lib_a-nano-mallocr.o)
                0x1fff8194                __malloc_sbrk_start
 .bss.__malloc_free_list
                0x1fff8198        0x4 c:/program files (x86)/cypress/psoc creator/4.4/psoc creator/import/gnu/arm/5.4.1/bin/../lib/gcc/arm-none-eabi/5.4.1/../../../../arm-none-eabi/lib/armv7-m\libg_nano.a(lib_a-nano-mallocr.o)
                0x1fff8198                __malloc_free_list
 *(COMMON)
 COMMON         0x1fff819c        0x4 .\ARM_GCC_541\Debug\DCMotor.a(ADC.o)
                0x1fff819c                ADC_finalArray
 COMMON         0x1fff81a0        0xa .\ARM_GCC_541\Debug\DCMotor.a(ADC_SAR.o)
                0x1fff81a0                ADC_SAR_countsPerVolt
                0x1fff81a2                ADC_SAR_shift
                0x1fff81a4                ADC_SAR_countsPer10Volt
                0x1fff81a8                ADC_SAR_offset
 *fill*         0x1fff81aa        0x2 
 COMMON         0x1fff81ac        0x4 c:/program files (x86)/cypress/psoc creator/4.4/psoc creator/import/gnu/arm/5.4.1/bin/../lib/gcc/arm-none-eabi/5.4.1/../../../../arm-none-eabi/lib/armv7-m\libg_nano.a(lib_a-reent.o)
                0x1fff81ac                errno
                0x1fff81b0                . = ALIGN (0x8)
 *(.ram.b)
                0x1fff81b0                _end = .
                0x1fff81b0                __end = .
                0x1fff81b0                PROVIDE (end, .)
                0x1fff81b0                PROVIDE (__bss_end__, .)
                0x00003180                __cy_region_init_ram = LOADADDR (.data)
                0x00000090                __cy_region_init_size_ram = (_edata - ADDR (.data))
                0x00000058                __cy_region_zero_size_ram = (_end - _edata)

.heap           0x1fff81b0       0x80 load address 0x00003210
                0x1fff81b0                . = _end
                0x1fff8230                . = (. + 0x80)
 *fill*         0x1fff81b0       0x80 
                0x1fff8230                __cy_heap_limit = .

.stack          0x20007800      0x800
                0x20007800                __cy_stack_limit = .
                0x20008000                . = (. + 0x800)
 *fill*         0x20007800      0x800 
                0x00000001                ASSERT ((__cy_stack_limit >= __cy_heap_limit), region RAM overflowed with stack)
                0x00000000                cy_checksum_exclude_size = (CY_APPL_LOADABLE == 0x1)?SIZEOF (.cy_checksum_exclude):0x0
                0x00000001                ASSERT ((cy_checksum_exclude_size <= CY_CHECKSUM_EXCLUDE_SIZE), CY_BOOT: Section .cy_checksum_exclude size exceedes specified limit.)

.cyloadermeta
 *(.cyloadermeta)

.cyloadablemeta
 *(.cyloadablemeta)

.cyconfigecc    0x80000000        0x1
 *(.cyconfigecc)
 .cyconfigecc   0x80000000        0x1 .\ARM_GCC_541\Debug\cymetadata.o
                0x80000000                cy_meta_configecc

.cycustnvl      0x90000000        0x4
 *(.cycustnvl)
 .cycustnvl     0x90000000        0x4 .\ARM_GCC_541\Debug\cymetadata.o
                0x90000000                cy_meta_custnvl

.cywolatch      0x90100000        0x4
 *(.cywolatch)
 .cywolatch     0x90100000        0x4 .\ARM_GCC_541\Debug\cymetadata.o
                0x90100000                cy_meta_wonvl

.cyeeprom       0x90200000        0x0
 *(.cyeeprom)
                0x00000001                ASSERT ((. <= ((0x90200000 + ee_offset) + ee_size)), .cyeeprom data will not fit in EEPROM)

.cyflashprotect
                0x90400000      0x100
 *(.cyflashprotect)
 .cyflashprotect
                0x90400000      0x100 .\ARM_GCC_541\Debug\cymetadata.o
                0x90400000                cy_meta_flashprotect

.cymeta         0x90500000        0xc
 *(.cymeta)
 .cymeta        0x90500000        0xc .\ARM_GCC_541\Debug\cymetadata.o
                0x90500000                cy_metadata

.rel.dyn        0x00003210        0x0 load address 0x9050000c
 .rel.iplt      0x00003210        0x0 c:/program files (x86)/cypress/psoc creator/4.4/psoc creator/import/gnu/arm/5.4.1/bin/../lib/gcc/arm-none-eabi/5.4.1/armv7-m/crtbegin.o

.stab
 *(.stab)

.stabstr
 *(.stabstr)

.debug
 *(.debug)

.line
 *(.line)

.debug_srcinfo
 *(.debug_srcinfo)

.debug_sfnames
 *(.debug_sfnames)

.debug_aranges  0x00000000      0xb00
 *(.debug_aranges)
 .debug_aranges
                0x00000000       0x28 .\ARM_GCC_541\Debug\main.o
 .debug_aranges
                0x00000028       0x60 .\ARM_GCC_541\Debug\cyfitter_cfg.o
 .debug_aranges
                0x00000088       0x18 .\ARM_GCC_541\Debug\cymetadata.o
 .debug_aranges
                0x000000a0       0x48 .\ARM_GCC_541\Debug\Cm3Start.o
 .debug_aranges
                0x000000e8       0xf0 .\ARM_GCC_541\Debug\DCMotor.a(UART.o)
 .debug_aranges
                0x000001d8       0xa0 .\ARM_GCC_541\Debug\DCMotor.a(ADC.o)
 .debug_aranges
                0x00000278       0x20 .\ARM_GCC_541\Debug\DCMotor.a(ADC_INT.o)
 .debug_aranges
                0x00000298       0x70 .\ARM_GCC_541\Debug\DCMotor.a(UART_IntClock.o)
 .debug_aranges
                0x00000308       0xa8 .\ARM_GCC_541\Debug\DCMotor.a(ADC_SAR.o)
 .debug_aranges
                0x000003b0       0x28 .\ARM_GCC_541\Debug\DCMotor.a(ADC_TempBuf_dma.o)
 .debug_aranges
                0x000003d8       0x28 .\ARM_GCC_541\Debug\DCMotor.a(ADC_FinalBuf_dma.o)
 .debug_aranges
                0x00000400       0x80 .\ARM_GCC_541\Debug\DCMotor.a(ADC_IRQ.o)
 .debug_aranges
                0x00000480       0xd8 .\ARM_GCC_541\Debug\DCMotor.a(CyDmac.o)
 .debug_aranges
                0x00000558      0x2a0 .\ARM_GCC_541\Debug\DCMotor.a(CyLib.o)
 .debug_aranges
                0x000007f8       0x98 .\ARM_GCC_541\Debug\DCMotor.a(cyPm.o)
 .debug_aranges
                0x00000890       0x80 .\ARM_GCC_541\Debug\DCMotor.a(ISR_DCMotorControl.o)
 .debug_aranges
                0x00000910       0x98 .\ARM_GCC_541\Debug\DCMotor.a(PWM_DC.o)
 .debug_aranges
                0x000009a8       0x28 .\ARM_GCC_541\Debug\DCMotor.a(DriverControlReg.o)
 .debug_aranges
                0x000009d0       0x20 .\ARM_GCC_541\Debug\DCMotor.a(CyBootAsmGnu.o)
 .debug_aranges
                0x000009f0       0x90 .\ARM_GCC_541\Debug\DCMotor.a(CyFlash.o)
 .debug_aranges
                0x00000a80       0x80 .\ARM_GCC_541\Debug\DCMotor.a(CySpc.o)

.debug_pubnames
 *(.debug_pubnames)

.debug_info     0x00000000     0x4aa6
 *(.debug_info .gnu.linkonce.wi.*)
 .debug_info    0x00000000      0x122 .\ARM_GCC_541\Debug\main.o
 .debug_info    0x00000122      0x4ca .\ARM_GCC_541\Debug\cyfitter_cfg.o
 .debug_info    0x000005ec      0x134 .\ARM_GCC_541\Debug\cymetadata.o
 .debug_info    0x00000720      0x32b .\ARM_GCC_541\Debug\Cm3Start.o
 .debug_info    0x00000a4b      0x50a .\ARM_GCC_541\Debug\DCMotor.a(UART.o)
 .debug_info    0x00000f55      0x3ab .\ARM_GCC_541\Debug\DCMotor.a(ADC.o)
 .debug_info    0x00001300       0xa0 .\ARM_GCC_541\Debug\DCMotor.a(ADC_INT.o)
 .debug_info    0x000013a0      0x25d .\ARM_GCC_541\Debug\DCMotor.a(UART_IntClock.o)
 .debug_info    0x000015fd      0x462 .\ARM_GCC_541\Debug\DCMotor.a(ADC_SAR.o)
 .debug_info    0x00001a5f      0x11b .\ARM_GCC_541\Debug\DCMotor.a(ADC_TempBuf_dma.o)
 .debug_info    0x00001b7a      0x11b .\ARM_GCC_541\Debug\DCMotor.a(ADC_FinalBuf_dma.o)
 .debug_info    0x00001c95      0x241 .\ARM_GCC_541\Debug\DCMotor.a(ADC_IRQ.o)
 .debug_info    0x00001ed6      0x8c0 .\ARM_GCC_541\Debug\DCMotor.a(CyDmac.o)
 .debug_info    0x00002796      0xe51 .\ARM_GCC_541\Debug\DCMotor.a(CyLib.o)
 .debug_info    0x000035e7      0x57a .\ARM_GCC_541\Debug\DCMotor.a(cyPm.o)
 .debug_info    0x00003b61      0x241 .\ARM_GCC_541\Debug\DCMotor.a(ISR_DCMotorControl.o)
 .debug_info    0x00003da2      0x2a7 .\ARM_GCC_541\Debug\DCMotor.a(PWM_DC.o)
 .debug_info    0x00004049       0xd7 .\ARM_GCC_541\Debug\DCMotor.a(DriverControlReg.o)
 .debug_info    0x00004120       0xb6 .\ARM_GCC_541\Debug\DCMotor.a(CyBootAsmGnu.o)
 .debug_info    0x000041d6      0x410 .\ARM_GCC_541\Debug\DCMotor.a(CyFlash.o)
 .debug_info    0x000045e6      0x4c0 .\ARM_GCC_541\Debug\DCMotor.a(CySpc.o)

.debug_abbrev   0x00000000     0x1798
 *(.debug_abbrev)
 .debug_abbrev  0x00000000       0xb3 .\ARM_GCC_541\Debug\main.o
 .debug_abbrev  0x000000b3      0x1a8 .\ARM_GCC_541\Debug\cyfitter_cfg.o
 .debug_abbrev  0x0000025b       0x5d .\ARM_GCC_541\Debug\cymetadata.o
 .debug_abbrev  0x000002b8      0x1d6 .\ARM_GCC_541\Debug\Cm3Start.o
 .debug_abbrev  0x0000048e      0x163 .\ARM_GCC_541\Debug\DCMotor.a(UART.o)
 .debug_abbrev  0x000005f1      0x155 .\ARM_GCC_541\Debug\DCMotor.a(ADC.o)
 .debug_abbrev  0x00000746       0x42 .\ARM_GCC_541\Debug\DCMotor.a(ADC_INT.o)
 .debug_abbrev  0x00000788      0x11d .\ARM_GCC_541\Debug\DCMotor.a(UART_IntClock.o)
 .debug_abbrev  0x000008a5      0x173 .\ARM_GCC_541\Debug\DCMotor.a(ADC_SAR.o)
 .debug_abbrev  0x00000a18       0x8b .\ARM_GCC_541\Debug\DCMotor.a(ADC_TempBuf_dma.o)
 .debug_abbrev  0x00000aa3       0x8b .\ARM_GCC_541\Debug\DCMotor.a(ADC_FinalBuf_dma.o)
 .debug_abbrev  0x00000b2e      0x172 .\ARM_GCC_541\Debug\DCMotor.a(ADC_IRQ.o)
 .debug_abbrev  0x00000ca0      0x194 .\ARM_GCC_541\Debug\DCMotor.a(CyDmac.o)
 .debug_abbrev  0x00000e34      0x217 .\ARM_GCC_541\Debug\DCMotor.a(CyLib.o)
 .debug_abbrev  0x0000104b      0x161 .\ARM_GCC_541\Debug\DCMotor.a(cyPm.o)
 .debug_abbrev  0x000011ac      0x172 .\ARM_GCC_541\Debug\DCMotor.a(ISR_DCMotorControl.o)
 .debug_abbrev  0x0000131e      0x12e .\ARM_GCC_541\Debug\DCMotor.a(PWM_DC.o)
 .debug_abbrev  0x0000144c       0x81 .\ARM_GCC_541\Debug\DCMotor.a(DriverControlReg.o)
 .debug_abbrev  0x000014cd       0x14 .\ARM_GCC_541\Debug\DCMotor.a(CyBootAsmGnu.o)
 .debug_abbrev  0x000014e1      0x14b .\ARM_GCC_541\Debug\DCMotor.a(CyFlash.o)
 .debug_abbrev  0x0000162c      0x16c .\ARM_GCC_541\Debug\DCMotor.a(CySpc.o)

.debug_line     0x00000000     0x28d6
 *(.debug_line)
 .debug_line    0x00000000      0x196 .\ARM_GCC_541\Debug\main.o
 .debug_line    0x00000196      0x209 .\ARM_GCC_541\Debug\cyfitter_cfg.o
 .debug_line    0x0000039f      0x141 .\ARM_GCC_541\Debug\cymetadata.o
 .debug_line    0x000004e0      0x1db .\ARM_GCC_541\Debug\Cm3Start.o
 .debug_line    0x000006bb      0x2e2 .\ARM_GCC_541\Debug\DCMotor.a(UART.o)
 .debug_line    0x0000099d      0x1bf .\ARM_GCC_541\Debug\DCMotor.a(ADC.o)
 .debug_line    0x00000b5c       0x53 .\ARM_GCC_541\Debug\DCMotor.a(ADC_INT.o)
 .debug_line    0x00000baf      0x1ac .\ARM_GCC_541\Debug\DCMotor.a(UART_IntClock.o)
 .debug_line    0x00000d5b      0x205 .\ARM_GCC_541\Debug\DCMotor.a(ADC_SAR.o)
 .debug_line    0x00000f60       0x7e .\ARM_GCC_541\Debug\DCMotor.a(ADC_TempBuf_dma.o)
 .debug_line    0x00000fde       0x7f .\ARM_GCC_541\Debug\DCMotor.a(ADC_FinalBuf_dma.o)
 .debug_line    0x0000105d      0x152 .\ARM_GCC_541\Debug\DCMotor.a(ADC_IRQ.o)
 .debug_line    0x000011af      0x2b6 .\ARM_GCC_541\Debug\DCMotor.a(CyDmac.o)
 .debug_line    0x00001465      0x883 .\ARM_GCC_541\Debug\DCMotor.a(CyLib.o)
 .debug_line    0x00001ce8      0x38e .\ARM_GCC_541\Debug\DCMotor.a(cyPm.o)
 .debug_line    0x00002076      0x14d .\ARM_GCC_541\Debug\DCMotor.a(ISR_DCMotorControl.o)
 .debug_line    0x000021c3      0x18a .\ARM_GCC_541\Debug\DCMotor.a(PWM_DC.o)
 .debug_line    0x0000234d       0x79 .\ARM_GCC_541\Debug\DCMotor.a(DriverControlReg.o)
 .debug_line    0x000023c6       0x7d .\ARM_GCC_541\Debug\DCMotor.a(CyBootAsmGnu.o)
 .debug_line    0x00002443      0x242 .\ARM_GCC_541\Debug\DCMotor.a(CyFlash.o)
 .debug_line    0x00002685      0x251 .\ARM_GCC_541\Debug\DCMotor.a(CySpc.o)

.debug_frame    0x00000000     0x3000
 *(.debug_frame)
 .debug_frame   0x00000000       0x58 .\ARM_GCC_541\Debug\main.o
 .debug_frame   0x00000058      0x16c .\ARM_GCC_541\Debug\cyfitter_cfg.o
 .debug_frame   0x000001c4       0xd8 .\ARM_GCC_541\Debug\Cm3Start.o
 .debug_frame   0x0000029c      0x42c .\ARM_GCC_541\Debug\DCMotor.a(UART.o)
 .debug_frame   0x000006c8      0x264 .\ARM_GCC_541\Debug\DCMotor.a(ADC.o)
 .debug_frame   0x0000092c       0x34 .\ARM_GCC_541\Debug\DCMotor.a(ADC_INT.o)
 .debug_frame   0x00000960      0x1b4 .\ARM_GCC_541\Debug\DCMotor.a(UART_IntClock.o)
 .debug_frame   0x00000b14      0x2bc .\ARM_GCC_541\Debug\DCMotor.a(ADC_SAR.o)
 .debug_frame   0x00000dd0       0x58 .\ARM_GCC_541\Debug\DCMotor.a(ADC_TempBuf_dma.o)
 .debug_frame   0x00000e28       0x58 .\ARM_GCC_541\Debug\DCMotor.a(ADC_FinalBuf_dma.o)
 .debug_frame   0x00000e80      0x1e8 .\ARM_GCC_541\Debug\DCMotor.a(ADC_IRQ.o)
 .debug_frame   0x00001068      0x3d0 .\ARM_GCC_541\Debug\DCMotor.a(CyDmac.o)
 .debug_frame   0x00001438      0xc0c .\ARM_GCC_541\Debug\DCMotor.a(CyLib.o)
 .debug_frame   0x00002044      0x234 .\ARM_GCC_541\Debug\DCMotor.a(cyPm.o)
 .debug_frame   0x00002278      0x1e8 .\ARM_GCC_541\Debug\DCMotor.a(ISR_DCMotorControl.o)
 .debug_frame   0x00002460      0x25c .\ARM_GCC_541\Debug\DCMotor.a(PWM_DC.o)
 .debug_frame   0x000026bc       0x5c .\ARM_GCC_541\Debug\DCMotor.a(DriverControlReg.o)
 .debug_frame   0x00002718      0x260 .\ARM_GCC_541\Debug\DCMotor.a(CyFlash.o)
 .debug_frame   0x00002978      0x228 .\ARM_GCC_541\Debug\DCMotor.a(CySpc.o)
 .debug_frame   0x00002ba0       0x44 c:/program files (x86)/cypress/psoc creator/4.4/psoc creator/import/gnu/arm/5.4.1/bin/../lib/gcc/arm-none-eabi/5.4.1/armv7-m\libgcc.a(_aeabi_ldivmod.o)
 .debug_frame   0x00002be4       0x38 c:/program files (x86)/cypress/psoc creator/4.4/psoc creator/import/gnu/arm/5.4.1/bin/../lib/gcc/arm-none-eabi/5.4.1/armv7-m\libgcc.a(_udivmoddi4.o)
 .debug_frame   0x00002c1c       0x20 c:/program files (x86)/cypress/psoc creator/4.4/psoc creator/import/gnu/arm/5.4.1/bin/../lib/gcc/arm-none-eabi/5.4.1/../../../../arm-none-eabi/lib/armv7-m\libg_nano.a(lib_a-errno.o)
 .debug_frame   0x00002c3c       0x28 c:/program files (x86)/cypress/psoc creator/4.4/psoc creator/import/gnu/arm/5.4.1/bin/../lib/gcc/arm-none-eabi/5.4.1/../../../../arm-none-eabi/lib/armv7-m\libg_nano.a(lib_a-exit.o)
 .debug_frame   0x00002c64       0x2c c:/program files (x86)/cypress/psoc creator/4.4/psoc creator/import/gnu/arm/5.4.1/bin/../lib/gcc/arm-none-eabi/5.4.1/../../../../arm-none-eabi/lib/armv7-m\libg_nano.a(lib_a-init.o)
 .debug_frame   0x00002c90       0x28 c:/program files (x86)/cypress/psoc creator/4.4/psoc creator/import/gnu/arm/5.4.1/bin/../lib/gcc/arm-none-eabi/5.4.1/../../../../arm-none-eabi/lib/armv7-m\libg_nano.a(lib_a-memcpy-stub.o)
 .debug_frame   0x00002cb8       0x20 c:/program files (x86)/cypress/psoc creator/4.4/psoc creator/import/gnu/arm/5.4.1/bin/../lib/gcc/arm-none-eabi/5.4.1/../../../../arm-none-eabi/lib/armv7-m\libg_nano.a(lib_a-memset.o)
 .debug_frame   0x00002cd8       0x70 c:/program files (x86)/cypress/psoc creator/4.4/psoc creator/import/gnu/arm/5.4.1/bin/../lib/gcc/arm-none-eabi/5.4.1/../../../../arm-none-eabi/lib/armv7-m\libg_nano.a(lib_a-sprintf.o)
 .debug_frame   0x00002d48       0x90 c:/program files (x86)/cypress/psoc creator/4.4/psoc creator/import/gnu/arm/5.4.1/bin/../lib/gcc/arm-none-eabi/5.4.1/../../../../arm-none-eabi/lib/armv7-m\libg_nano.a(lib_a-nano-svfprintf.o)
 .debug_frame   0x00002dd8       0x60 c:/program files (x86)/cypress/psoc creator/4.4/psoc creator/import/gnu/arm/5.4.1/bin/../lib/gcc/arm-none-eabi/5.4.1/../../../../arm-none-eabi/lib/armv7-m\libg_nano.a(lib_a-nano-vfprintf_i.o)
 .debug_frame   0x00002e38       0x28 c:/program files (x86)/cypress/psoc creator/4.4/psoc creator/import/gnu/arm/5.4.1/bin/../lib/gcc/arm-none-eabi/5.4.1/../../../../arm-none-eabi/lib/armv7-m\libg_nano.a(lib_a-memchr-stub.o)
 .debug_frame   0x00002e60       0x28 c:/program files (x86)/cypress/psoc creator/4.4/psoc creator/import/gnu/arm/5.4.1/bin/../lib/gcc/arm-none-eabi/5.4.1/../../../../arm-none-eabi/lib/armv7-m\libg_nano.a(lib_a-memmove.o)
 .debug_frame   0x00002e88       0x38 c:/program files (x86)/cypress/psoc creator/4.4/psoc creator/import/gnu/arm/5.4.1/bin/../lib/gcc/arm-none-eabi/5.4.1/../../../../arm-none-eabi/lib/armv7-m\libg_nano.a(lib_a-nano-freer.o)
 .debug_frame   0x00002ec0       0x2c c:/program files (x86)/cypress/psoc creator/4.4/psoc creator/import/gnu/arm/5.4.1/bin/../lib/gcc/arm-none-eabi/5.4.1/../../../../arm-none-eabi/lib/armv7-m\libg_nano.a(lib_a-nano-mallocr.o)
 .debug_frame   0x00002eec       0x3c c:/program files (x86)/cypress/psoc creator/4.4/psoc creator/import/gnu/arm/5.4.1/bin/../lib/gcc/arm-none-eabi/5.4.1/../../../../arm-none-eabi/lib/armv7-m\libg_nano.a(lib_a-nano-reallocr.o)
 .debug_frame   0x00002f28       0x2c c:/program files (x86)/cypress/psoc creator/4.4/psoc creator/import/gnu/arm/5.4.1/bin/../lib/gcc/arm-none-eabi/5.4.1/../../../../arm-none-eabi/lib/armv7-m\libg_nano.a(lib_a-sbrkr.o)
 .debug_frame   0x00002f54       0x30 c:/program files (x86)/cypress/psoc creator/4.4/psoc creator/import/gnu/arm/5.4.1/bin/../lib/gcc/arm-none-eabi/5.4.1/../../../../arm-none-eabi/lib/armv7-m\libg_nano.a(lib_a-mlock.o)
 .debug_frame   0x00002f84       0x20 c:/program files (x86)/cypress/psoc creator/4.4/psoc creator/import/gnu/arm/5.4.1/bin/../lib/gcc/arm-none-eabi/5.4.1/../../../../arm-none-eabi/lib/armv7-m\libg_nano.a(lib_a-nano-msizer.o)
 .debug_frame   0x00002fa4       0x5c c:/program files (x86)/cypress/psoc creator/4.4/psoc creator/import/gnu/arm/5.4.1/bin/../lib/gcc/arm-none-eabi/5.4.1/../../../../arm-none-eabi/lib/armv7-m\libg_nano.a(lib_a-reent.o)

.debug_str      0x00000000     0x2421
 *(.debug_str)
 .debug_str     0x00000000      0x1a5 .\ARM_GCC_541\Debug\main.o
                                0x1ed (size before relaxing)
 .debug_str     0x000001a5      0x1eb .\ARM_GCC_541\Debug\cyfitter_cfg.o
                                0x3b6 (size before relaxing)
 .debug_str     0x00000390       0x7f .\ARM_GCC_541\Debug\cymetadata.o
                                0x20a (size before relaxing)
 .debug_str     0x0000040f      0x123 .\ARM_GCC_541\Debug\Cm3Start.o
                                0x2fd (size before relaxing)
 .debug_str     0x00000532      0x280 .\ARM_GCC_541\Debug\DCMotor.a(UART.o)
                                0x447 (size before relaxing)
 .debug_str     0x000007b2      0x1b2 .\ARM_GCC_541\Debug\DCMotor.a(ADC.o)
                                0x3a5 (size before relaxing)
 .debug_str     0x00000964       0x29 .\ARM_GCC_541\Debug\DCMotor.a(ADC_INT.o)
                                0x1ca (size before relaxing)
 .debug_str     0x0000098d      0x1b0 .\ARM_GCC_541\Debug\DCMotor.a(UART_IntClock.o)
                                0x35c (size before relaxing)
 .debug_str     0x00000b3d      0x1e4 .\ARM_GCC_541\Debug\DCMotor.a(ADC_SAR.o)
                                0x426 (size before relaxing)
 .debug_str     0x00000d21       0xab .\ARM_GCC_541\Debug\DCMotor.a(ADC_TempBuf_dma.o)
                                0x259 (size before relaxing)
 .debug_str     0x00000dcc       0x74 .\ARM_GCC_541\Debug\DCMotor.a(ADC_FinalBuf_dma.o)
                                0x25d (size before relaxing)
 .debug_str     0x00000e40      0x11a .\ARM_GCC_541\Debug\DCMotor.a(ADC_IRQ.o)
                                0x2e8 (size before relaxing)
 .debug_str     0x00000f5a      0x357 .\ARM_GCC_541\Debug\DCMotor.a(CyDmac.o)
                                0x543 (size before relaxing)
 .debug_str     0x000012b1      0x7cf .\ARM_GCC_541\Debug\DCMotor.a(CyLib.o)
                                0xa10 (size before relaxing)
 .debug_str     0x00001a80      0x371 .\ARM_GCC_541\Debug\DCMotor.a(cyPm.o)
                                0x569 (size before relaxing)
 .debug_str     0x00001df1      0x19c .\ARM_GCC_541\Debug\DCMotor.a(ISR_DCMotorControl.o)
                                0x382 (size before relaxing)
 .debug_str     0x00001f8d      0x1a9 .\ARM_GCC_541\Debug\DCMotor.a(PWM_DC.o)
                                0x36a (size before relaxing)
 .debug_str     0x00002136       0x57 .\ARM_GCC_541\Debug\DCMotor.a(DriverControlReg.o)
                                0x1f6 (size before relaxing)
 .debug_str     0x0000218d      0x167 .\ARM_GCC_541\Debug\DCMotor.a(CyFlash.o)
                                0x345 (size before relaxing)
 .debug_str     0x000022f4      0x12d .\ARM_GCC_541\Debug\DCMotor.a(CySpc.o)
                                0x327 (size before relaxing)

.debug_loc
 *(.debug_loc)

.debug_macinfo
 *(.debug_macinfo)

.debug_ranges   0x00000000      0x998
 *(.debug_ranges)
 .debug_ranges  0x00000000       0x18 .\ARM_GCC_541\Debug\main.o
 .debug_ranges  0x00000018       0x50 .\ARM_GCC_541\Debug\cyfitter_cfg.o
 .debug_ranges  0x00000068       0x38 .\ARM_GCC_541\Debug\Cm3Start.o
 .debug_ranges  0x000000a0       0xe0 .\ARM_GCC_541\Debug\DCMotor.a(UART.o)
 .debug_ranges  0x00000180       0x90 .\ARM_GCC_541\Debug\DCMotor.a(ADC.o)
 .debug_ranges  0x00000210       0x10 .\ARM_GCC_541\Debug\DCMotor.a(ADC_INT.o)
 .debug_ranges  0x00000220       0x60 .\ARM_GCC_541\Debug\DCMotor.a(UART_IntClock.o)
 .debug_ranges  0x00000280       0x98 .\ARM_GCC_541\Debug\DCMotor.a(ADC_SAR.o)
 .debug_ranges  0x00000318       0x18 .\ARM_GCC_541\Debug\DCMotor.a(ADC_TempBuf_dma.o)
 .debug_ranges  0x00000330       0x18 .\ARM_GCC_541\Debug\DCMotor.a(ADC_FinalBuf_dma.o)
 .debug_ranges  0x00000348       0x70 .\ARM_GCC_541\Debug\DCMotor.a(ADC_IRQ.o)
 .debug_ranges  0x000003b8       0xc8 .\ARM_GCC_541\Debug\DCMotor.a(CyDmac.o)
 .debug_ranges  0x00000480      0x290 .\ARM_GCC_541\Debug\DCMotor.a(CyLib.o)
 .debug_ranges  0x00000710       0x88 .\ARM_GCC_541\Debug\DCMotor.a(cyPm.o)
 .debug_ranges  0x00000798       0x70 .\ARM_GCC_541\Debug\DCMotor.a(ISR_DCMotorControl.o)
 .debug_ranges  0x00000808       0x88 .\ARM_GCC_541\Debug\DCMotor.a(PWM_DC.o)
 .debug_ranges  0x00000890       0x18 .\ARM_GCC_541\Debug\DCMotor.a(DriverControlReg.o)
 .debug_ranges  0x000008a8       0x80 .\ARM_GCC_541\Debug\DCMotor.a(CyFlash.o)
 .debug_ranges  0x00000928       0x70 .\ARM_GCC_541\Debug\DCMotor.a(CySpc.o)

.comment        0x00000000       0x6e
 .comment       0x00000000       0x6e .\ARM_GCC_541\Debug\main.o
                                 0x6f (size before relaxing)
 .comment       0x0000006e       0x6f .\ARM_GCC_541\Debug\cyfitter_cfg.o
 .comment       0x0000006e       0x6f .\ARM_GCC_541\Debug\cymetadata.o
 .comment       0x0000006e       0x6f .\ARM_GCC_541\Debug\Cm3Start.o
 .comment       0x0000006e       0x6f .\ARM_GCC_541\Debug\DCMotor.a(UART.o)
 .comment       0x0000006e       0x6f .\ARM_GCC_541\Debug\DCMotor.a(ADC.o)
 .comment       0x0000006e       0x6f .\ARM_GCC_541\Debug\DCMotor.a(ADC_INT.o)
 .comment       0x0000006e       0x6f .\ARM_GCC_541\Debug\DCMotor.a(UART_IntClock.o)
 .comment       0x0000006e       0x6f .\ARM_GCC_541\Debug\DCMotor.a(ADC_SAR.o)
 .comment       0x0000006e       0x6f .\ARM_GCC_541\Debug\DCMotor.a(ADC_TempBuf_dma.o)
 .comment       0x0000006e       0x6f .\ARM_GCC_541\Debug\DCMotor.a(ADC_FinalBuf_dma.o)
 .comment       0x0000006e       0x6f .\ARM_GCC_541\Debug\DCMotor.a(ADC_IRQ.o)
 .comment       0x0000006e       0x6f .\ARM_GCC_541\Debug\DCMotor.a(CyDmac.o)
 .comment       0x0000006e       0x6f .\ARM_GCC_541\Debug\DCMotor.a(CyLib.o)
 .comment       0x0000006e       0x6f .\ARM_GCC_541\Debug\DCMotor.a(cyPm.o)
 .comment       0x0000006e       0x6f .\ARM_GCC_541\Debug\DCMotor.a(ISR_DCMotorControl.o)
 .comment       0x0000006e       0x6f .\ARM_GCC_541\Debug\DCMotor.a(PWM_DC.o)
 .comment       0x0000006e       0x6f .\ARM_GCC_541\Debug\DCMotor.a(DriverControlReg.o)
 .comment       0x0000006e       0x6f .\ARM_GCC_541\Debug\DCMotor.a(CyFlash.o)
 .comment       0x0000006e       0x6f .\ARM_GCC_541\Debug\DCMotor.a(CySpc.o)

.debug_weaknames
 *(.debug_weaknames)

.debug_funcnames
 *(.debug_funcnames)

.debug_typenames
 *(.debug_typenames)

.debug_varnames
 *(.debug_varnames)

.note.gnu.arm.ident
 *(.note.gnu.arm.ident)

.ARM.attributes
                0x00000000       0x29
 *(.ARM.attributes)
 .ARM.attributes
                0x00000000       0x1d c:/program files (x86)/cypress/psoc creator/4.4/psoc creator/import/gnu/arm/5.4.1/bin/../lib/gcc/arm-none-eabi/5.4.1/armv7-m/crti.o
 .ARM.attributes
                0x0000001d       0x2d c:/program files (x86)/cypress/psoc creator/4.4/psoc creator/import/gnu/arm/5.4.1/bin/../lib/gcc/arm-none-eabi/5.4.1/armv7-m/crtbegin.o
 .ARM.attributes
                0x0000004a       0x1b c:/program files (x86)/cypress/psoc creator/4.4/psoc creator/import/gnu/arm/5.4.1/bin/../lib/gcc/arm-none-eabi/5.4.1/../../../../arm-none-eabi/lib/armv7-m/crt0.o
 .ARM.attributes
                0x00000065       0x33 .\ARM_GCC_541\Debug\main.o
 .ARM.attributes
                0x00000098       0x33 .\ARM_GCC_541\Debug\cyfitter_cfg.o
 .ARM.attributes
                0x000000cb       0x33 .\ARM_GCC_541\Debug\cymetadata.o
 .ARM.attributes
                0x000000fe       0x33 .\ARM_GCC_541\Debug\Cm3Start.o
 .ARM.attributes
                0x00000131       0x33 .\ARM_GCC_541\Debug\DCMotor.a(UART.o)
 .ARM.attributes
                0x00000164       0x33 .\ARM_GCC_541\Debug\DCMotor.a(ADC.o)
 .ARM.attributes
                0x00000197       0x33 .\ARM_GCC_541\Debug\DCMotor.a(ADC_INT.o)
 .ARM.attributes
                0x000001ca       0x33 .\ARM_GCC_541\Debug\DCMotor.a(UART_IntClock.o)
 .ARM.attributes
                0x000001fd       0x33 .\ARM_GCC_541\Debug\DCMotor.a(ADC_SAR.o)
 .ARM.attributes
                0x00000230       0x33 .\ARM_GCC_541\Debug\DCMotor.a(ADC_TempBuf_dma.o)
 .ARM.attributes
                0x00000263       0x33 .\ARM_GCC_541\Debug\DCMotor.a(ADC_FinalBuf_dma.o)
 .ARM.attributes
                0x00000296       0x33 .\ARM_GCC_541\Debug\DCMotor.a(ADC_IRQ.o)
 .ARM.attributes
                0x000002c9       0x33 .\ARM_GCC_541\Debug\DCMotor.a(CyDmac.o)
 .ARM.attributes
                0x000002fc       0x33 .\ARM_GCC_541\Debug\DCMotor.a(CyLib.o)
 .ARM.attributes
                0x0000032f       0x33 .\ARM_GCC_541\Debug\DCMotor.a(cyPm.o)
 .ARM.attributes
                0x00000362       0x33 .\ARM_GCC_541\Debug\DCMotor.a(ISR_DCMotorControl.o)
 .ARM.attributes
                0x00000395       0x33 .\ARM_GCC_541\Debug\DCMotor.a(PWM_DC.o)
 .ARM.attributes
                0x000003c8       0x33 .\ARM_GCC_541\Debug\DCMotor.a(DriverControlReg.o)
 .ARM.attributes
                0x000003fb       0x21 .\ARM_GCC_541\Debug\DCMotor.a(CyBootAsmGnu.o)
 .ARM.attributes
                0x0000041c       0x33 .\ARM_GCC_541\Debug\DCMotor.a(CyFlash.o)
 .ARM.attributes
                0x0000044f       0x33 .\ARM_GCC_541\Debug\DCMotor.a(CySpc.o)
 .ARM.attributes
                0x00000482       0x1d c:/program files (x86)/cypress/psoc creator/4.4/psoc creator/import/gnu/arm/5.4.1/bin/../lib/gcc/arm-none-eabi/5.4.1/armv7-m\libgcc.a(_arm_addsubdf3.o)
 .ARM.attributes
                0x0000049f       0x1d c:/program files (x86)/cypress/psoc creator/4.4/psoc creator/import/gnu/arm/5.4.1/bin/../lib/gcc/arm-none-eabi/5.4.1/armv7-m\libgcc.a(_arm_muldivdf3.o)
 .ARM.attributes
                0x000004bc       0x1d c:/program files (x86)/cypress/psoc creator/4.4/psoc creator/import/gnu/arm/5.4.1/bin/../lib/gcc/arm-none-eabi/5.4.1/armv7-m\libgcc.a(_arm_cmpdf2.o)
 .ARM.attributes
                0x000004d9       0x1d c:/program files (x86)/cypress/psoc creator/4.4/psoc creator/import/gnu/arm/5.4.1/bin/../lib/gcc/arm-none-eabi/5.4.1/armv7-m\libgcc.a(_arm_fixdfsi.o)
 .ARM.attributes
                0x000004f6       0x1d c:/program files (x86)/cypress/psoc creator/4.4/psoc creator/import/gnu/arm/5.4.1/bin/../lib/gcc/arm-none-eabi/5.4.1/armv7-m\libgcc.a(_arm_addsubsf3.o)
 .ARM.attributes
                0x00000513       0x1d c:/program files (x86)/cypress/psoc creator/4.4/psoc creator/import/gnu/arm/5.4.1/bin/../lib/gcc/arm-none-eabi/5.4.1/armv7-m\libgcc.a(_arm_muldivsf3.o)
 .ARM.attributes
                0x00000530       0x1d c:/program files (x86)/cypress/psoc creator/4.4/psoc creator/import/gnu/arm/5.4.1/bin/../lib/gcc/arm-none-eabi/5.4.1/armv7-m\libgcc.a(_aeabi_ldivmod.o)
 .ARM.attributes
                0x0000054d       0x2d c:/program files (x86)/cypress/psoc creator/4.4/psoc creator/import/gnu/arm/5.4.1/bin/../lib/gcc/arm-none-eabi/5.4.1/armv7-m\libgcc.a(_udivmoddi4.o)
 .ARM.attributes
                0x0000057a       0x1d c:/program files (x86)/cypress/psoc creator/4.4/psoc creator/import/gnu/arm/5.4.1/bin/../lib/gcc/arm-none-eabi/5.4.1/armv7-m\libgcc.a(_dvmd_tls.o)
 .ARM.attributes
                0x00000597       0x2d c:/program files (x86)/cypress/psoc creator/4.4/psoc creator/import/gnu/arm/5.4.1/bin/../lib/gcc/arm-none-eabi/5.4.1/../../../../arm-none-eabi/lib/armv7-m\libg_nano.a(lib_a-errno.o)
 .ARM.attributes
                0x000005c4       0x2d c:/program files (x86)/cypress/psoc creator/4.4/psoc creator/import/gnu/arm/5.4.1/bin/../lib/gcc/arm-none-eabi/5.4.1/../../../../arm-none-eabi/lib/armv7-m\libg_nano.a(lib_a-exit.o)
 .ARM.attributes
                0x000005f1       0x2d c:/program files (x86)/cypress/psoc creator/4.4/psoc creator/import/gnu/arm/5.4.1/bin/../lib/gcc/arm-none-eabi/5.4.1/../../../../arm-none-eabi/lib/armv7-m\libg_nano.a(lib_a-impure.o)
 .ARM.attributes
                0x0000061e       0x2d c:/program files (x86)/cypress/psoc creator/4.4/psoc creator/import/gnu/arm/5.4.1/bin/../lib/gcc/arm-none-eabi/5.4.1/../../../../arm-none-eabi/lib/armv7-m\libg_nano.a(lib_a-init.o)
 .ARM.attributes
                0x0000064b       0x2d c:/program files (x86)/cypress/psoc creator/4.4/psoc creator/import/gnu/arm/5.4.1/bin/../lib/gcc/arm-none-eabi/5.4.1/../../../../arm-none-eabi/lib/armv7-m\libg_nano.a(lib_a-memcpy-stub.o)
 .ARM.attributes
                0x00000678       0x2d c:/program files (x86)/cypress/psoc creator/4.4/psoc creator/import/gnu/arm/5.4.1/bin/../lib/gcc/arm-none-eabi/5.4.1/../../../../arm-none-eabi/lib/armv7-m\libg_nano.a(lib_a-memset.o)
 .ARM.attributes
                0x000006a5       0x2d c:/program files (x86)/cypress/psoc creator/4.4/psoc creator/import/gnu/arm/5.4.1/bin/../lib/gcc/arm-none-eabi/5.4.1/../../../../arm-none-eabi/lib/armv7-m\libg_nano.a(lib_a-sprintf.o)
 .ARM.attributes
                0x000006d2       0x2d c:/program files (x86)/cypress/psoc creator/4.4/psoc creator/import/gnu/arm/5.4.1/bin/../lib/gcc/arm-none-eabi/5.4.1/../../../../arm-none-eabi/lib/armv7-m\libg_nano.a(lib_a-nano-svfprintf.o)
 .ARM.attributes
                0x000006ff       0x2d c:/program files (x86)/cypress/psoc creator/4.4/psoc creator/import/gnu/arm/5.4.1/bin/../lib/gcc/arm-none-eabi/5.4.1/../../../../arm-none-eabi/lib/armv7-m\libg_nano.a(lib_a-nano-vfprintf_i.o)
 .ARM.attributes
                0x0000072c       0x2d c:/program files (x86)/cypress/psoc creator/4.4/psoc creator/import/gnu/arm/5.4.1/bin/../lib/gcc/arm-none-eabi/5.4.1/../../../../arm-none-eabi/lib/armv7-m\libg_nano.a(lib_a-memchr-stub.o)
 .ARM.attributes
                0x00000759       0x2d c:/program files (x86)/cypress/psoc creator/4.4/psoc creator/import/gnu/arm/5.4.1/bin/../lib/gcc/arm-none-eabi/5.4.1/../../../../arm-none-eabi/lib/armv7-m\libg_nano.a(lib_a-memmove.o)
 .ARM.attributes
                0x00000786       0x2d c:/program files (x86)/cypress/psoc creator/4.4/psoc creator/import/gnu/arm/5.4.1/bin/../lib/gcc/arm-none-eabi/5.4.1/../../../../arm-none-eabi/lib/armv7-m\libg_nano.a(lib_a-nano-freer.o)
 .ARM.attributes
                0x000007b3       0x2d c:/program files (x86)/cypress/psoc creator/4.4/psoc creator/import/gnu/arm/5.4.1/bin/../lib/gcc/arm-none-eabi/5.4.1/../../../../arm-none-eabi/lib/armv7-m\libg_nano.a(lib_a-nano-mallocr.o)
 .ARM.attributes
                0x000007e0       0x2d c:/program files (x86)/cypress/psoc creator/4.4/psoc creator/import/gnu/arm/5.4.1/bin/../lib/gcc/arm-none-eabi/5.4.1/../../../../arm-none-eabi/lib/armv7-m\libg_nano.a(lib_a-nano-reallocr.o)
 .ARM.attributes
                0x0000080d       0x2d c:/program files (x86)/cypress/psoc creator/4.4/psoc creator/import/gnu/arm/5.4.1/bin/../lib/gcc/arm-none-eabi/5.4.1/../../../../arm-none-eabi/lib/armv7-m\libg_nano.a(lib_a-sbrkr.o)
 .ARM.attributes
                0x0000083a       0x2d c:/program files (x86)/cypress/psoc creator/4.4/psoc creator/import/gnu/arm/5.4.1/bin/../lib/gcc/arm-none-eabi/5.4.1/../../../../arm-none-eabi/lib/armv7-m\libg_nano.a(lib_a-mlock.o)
 .ARM.attributes
                0x00000867       0x2d c:/program files (x86)/cypress/psoc creator/4.4/psoc creator/import/gnu/arm/5.4.1/bin/../lib/gcc/arm-none-eabi/5.4.1/../../../../arm-none-eabi/lib/armv7-m\libg_nano.a(lib_a-nano-msizer.o)
 .ARM.attributes
                0x00000894       0x2d c:/program files (x86)/cypress/psoc creator/4.4/psoc creator/import/gnu/arm/5.4.1/bin/../lib/gcc/arm-none-eabi/5.4.1/../../../../arm-none-eabi/lib/armv7-m\libg_nano.a(lib_a-reent.o)
 .ARM.attributes
                0x000008c1       0x2d c:/program files (x86)/cypress/psoc creator/4.4/psoc creator/import/gnu/arm/5.4.1/bin/../lib/gcc/arm-none-eabi/5.4.1/armv7-m/crtend.o
 .ARM.attributes
                0x000008ee       0x1d c:/program files (x86)/cypress/psoc creator/4.4/psoc creator/import/gnu/arm/5.4.1/bin/../lib/gcc/arm-none-eabi/5.4.1/armv7-m/crtn.o

/DISCARD/
 *(.note.GNU-stack)
OUTPUT(C:\Users\oars0\Documents\GitHub\Interfacing_Lab\Lab_3_motors\PSOC_Creator\JoystickDCMotor\DCMotor.cydsn\ARM_GCC_541\Debug\DCMotor.elf elf32-littlearm)
