Archive member included to satisfy reference by file (symbol)

.\ARM_GCC_541\Debug\I2C_Mouse.a(USBFS_1.o)
                              .\ARM_GCC_541\Debug\main.o (USBFS_1_Start)
.\ARM_GCC_541\Debug\I2C_Mouse.a(USBFS_1_drv.o)
                              .\ARM_GCC_541\Debug\I2C_Mouse.a(USBFS_1.o) (USBFS_1_EP)
.\ARM_GCC_541\Debug\I2C_Mouse.a(USBFS_1_episr.o)
                              .\ARM_GCC_541\Debug\I2C_Mouse.a(USBFS_1.o) (USBFS_1_EP_1_ISR)
.\ARM_GCC_541\Debug\I2C_Mouse.a(USBFS_1_hid.o)
                              .\ARM_GCC_541\Debug\I2C_Mouse.a(USBFS_1.o) (USBFS_1_hidProtocol)
.\ARM_GCC_541\Debug\I2C_Mouse.a(USBFS_1_pm.o)
                              .\ARM_GCC_541\Debug\I2C_Mouse.a(USBFS_1.o) (USBFS_1_DP_ISR)
.\ARM_GCC_541\Debug\I2C_Mouse.a(USBFS_1_std.o)
                              .\ARM_GCC_541\Debug\I2C_Mouse.a(USBFS_1_drv.o) (USBFS_1_HandleStandardRqst)
.\ARM_GCC_541\Debug\I2C_Mouse.a(USBFS_1_vnd.o)
                              .\ARM_GCC_541\Debug\I2C_Mouse.a(USBFS_1_drv.o) (USBFS_1_HandleVendorRqst)
.\ARM_GCC_541\Debug\I2C_Mouse.a(SW.o)
                              .\ARM_GCC_541\Debug\main.o (SW_Read)
.\ARM_GCC_541\Debug\I2C_Mouse.a(UART.o)
                              .\ARM_GCC_541\Debug\main.o (UART_Start)
.\ARM_GCC_541\Debug\I2C_Mouse.a(USBFS_1_Dp.o)
                              .\ARM_GCC_541\Debug\I2C_Mouse.a(USBFS_1.o) (USBFS_1_Dp_ClearInterrupt)
.\ARM_GCC_541\Debug\I2C_Mouse.a(UART_IntClock.o)
                              .\ARM_GCC_541\Debug\I2C_Mouse.a(UART.o) (UART_IntClock_Start)
.\ARM_GCC_541\Debug\I2C_Mouse.a(CyDmac.o)
                              .\ARM_GCC_541\Debug\Cm3Start.o (CyDmacConfigure)
.\ARM_GCC_541\Debug\I2C_Mouse.a(CyLib.o)
                              .\ARM_GCC_541\Debug\Cm3Start.o (CyResetStatus)
.\ARM_GCC_541\Debug\I2C_Mouse.a(cyPm.o)
                              .\ARM_GCC_541\Debug\I2C_Mouse.a(CyLib.o) (CyPmReadStatus)
.\ARM_GCC_541\Debug\I2C_Mouse.a(I2C.o)
                              .\ARM_GCC_541\Debug\main.o (I2C_Start)
.\ARM_GCC_541\Debug\I2C_Mouse.a(I2C_INT.o)
                              .\ARM_GCC_541\Debug\I2C_Mouse.a(I2C.o) (I2C_ISR)
.\ARM_GCC_541\Debug\I2C_Mouse.a(I2C_PM.o)
                              .\ARM_GCC_541\Debug\I2C_Mouse.a(I2C.o) (I2C_backup)
.\ARM_GCC_541\Debug\I2C_Mouse.a(I2C_MASTER.o)
                              .\ARM_GCC_541\Debug\I2C_Mouse.a(I2C.o) (I2C_mstrStatus)
.\ARM_GCC_541\Debug\I2C_Mouse.a(ADC.o)
                              .\ARM_GCC_541\Debug\main.o (ADC_Start)
.\ARM_GCC_541\Debug\I2C_Mouse.a(ADC_INT.o)
                              .\ARM_GCC_541\Debug\I2C_Mouse.a(ADC.o) (ADC_ISR)
.\ARM_GCC_541\Debug\I2C_Mouse.a(ADC_SAR.o)
                              .\ARM_GCC_541\Debug\I2C_Mouse.a(ADC.o) (ADC_SAR_shift)
.\ARM_GCC_541\Debug\I2C_Mouse.a(ADC_TempBuf_dma.o)
                              .\ARM_GCC_541\Debug\I2C_Mouse.a(ADC.o) (ADC_TempBuf_DmaInitialize)
.\ARM_GCC_541\Debug\I2C_Mouse.a(ADC_FinalBuf_dma.o)
                              .\ARM_GCC_541\Debug\I2C_Mouse.a(ADC.o) (ADC_FinalBuf_DmaInitialize)
.\ARM_GCC_541\Debug\I2C_Mouse.a(ADC_IRQ.o)
                              .\ARM_GCC_541\Debug\I2C_Mouse.a(ADC.o) (ADC_IRQ_SetVector)
.\ARM_GCC_541\Debug\I2C_Mouse.a(CyBootAsmGnu.o)
                              .\ARM_GCC_541\Debug\cyfitter_cfg.o (CyDelayCycles)
.\ARM_GCC_541\Debug\I2C_Mouse.a(USBFS_1_cls.o)
                              .\ARM_GCC_541\Debug\I2C_Mouse.a(USBFS_1_drv.o) (USBFS_1_DispatchClassRqst)
.\ARM_GCC_541\Debug\I2C_Mouse.a(USBFS_1_descr.o)
                              .\ARM_GCC_541\Debug\I2C_Mouse.a(USBFS_1_std.o) (USBFS_1_STRING_DESCRIPTORS)
.\ARM_GCC_541\Debug\I2C_Mouse.a(CyFlash.o)
                              .\ARM_GCC_541\Debug\I2C_Mouse.a(cyPm.o) (CyFlash_SetWaitCycles)
.\ARM_GCC_541\Debug\I2C_Mouse.a(CySpc.o)
                              .\ARM_GCC_541\Debug\I2C_Mouse.a(CyFlash.o) (CySpcStart)
c:/program files (x86)/cypress/psoc creator/4.4/psoc creator/import/gnu/arm/5.4.1/bin/../lib/gcc/arm-none-eabi/5.4.1/armv7-m\libgcc.a(_arm_addsubdf3.o)
                              .\ARM_GCC_541\Debug\main.o (__aeabi_dsub)
c:/program files (x86)/cypress/psoc creator/4.4/psoc creator/import/gnu/arm/5.4.1/bin/../lib/gcc/arm-none-eabi/5.4.1/armv7-m\libgcc.a(_arm_muldivdf3.o)
                              .\ARM_GCC_541\Debug\main.o (__aeabi_dmul)
c:/program files (x86)/cypress/psoc creator/4.4/psoc creator/import/gnu/arm/5.4.1/bin/../lib/gcc/arm-none-eabi/5.4.1/armv7-m\libgcc.a(_arm_fixdfsi.o)
                              .\ARM_GCC_541\Debug\main.o (__aeabi_d2iz)
c:/program files (x86)/cypress/psoc creator/4.4/psoc creator/import/gnu/arm/5.4.1/bin/../lib/gcc/arm-none-eabi/5.4.1/armv7-m\libgcc.a(_arm_fixunsdfsi.o)
                              .\ARM_GCC_541\Debug\main.o (__aeabi_d2uiz)
c:/program files (x86)/cypress/psoc creator/4.4/psoc creator/import/gnu/arm/5.4.1/bin/../lib/gcc/arm-none-eabi/5.4.1/armv7-m\libgcc.a(_arm_addsubsf3.o)
                              .\ARM_GCC_541\Debug\main.o (__aeabi_i2f)
[...]
Memory Configuration

Name             Origin             Length             Attributes
rom              0x00000000         0x00040000         xr
ram              0x1fff8000         0x00010000         xrw
*default*        0x00000000         0xffffffff

Linker script and memory map

LOAD c:/program files (x86)/cypress/psoc creator/4.4/psoc creator/import/gnu/arm/5.4.1/bin/../lib/gcc/arm-none-eabi/5.4.1/armv7-m/crti.o
LOAD c:/program files (x86)/cypress/psoc creator/4.4/psoc creator/import/gnu/arm/5.4.1/bin/../lib/gcc/arm-none-eabi/5.4.1/armv7-m/crtbegin.o
LOAD c:/program files (x86)/cypress/psoc creator/4.4/psoc creator/import/gnu/arm/5.4.1/bin/../lib/gcc/arm-none-eabi/5.4.1/../../../../arm-none-eabi/lib/armv7-m/crt0.o
START GROUP
LOAD .\ARM_GCC_541\Debug\main.o
LOAD .\ARM_GCC_541\Debug\cyfitter_cfg.o
LOAD .\ARM_GCC_541\Debug\cymetadata.o
LOAD .\ARM_GCC_541\Debug\Cm3Start.o
LOAD .\ARM_GCC_541\Debug\I2C_Mouse.a
LOAD C:\Program Files (x86)\Cypress\PSoC Creator\4.4\PSoC Creator\psoc\content\cycomponentlibrary\CyComponentLibrary.cylib\CortexM3\ARM_GCC_541\Debug\CyComponentLibrary.a
END GROUP
START GROUP
LOAD c:/program files (x86)/cypress/psoc creator/4.4/psoc creator/import/gnu/arm/5.4.1/bin/../lib/gcc/arm-none-eabi/5.4.1/armv7-m\libgcc.a
LOAD c:/program files (x86)/cypress/psoc creator/4.4/psoc creator/import/gnu/arm/5.4.1/bin/../lib/gcc/arm-none-eabi/5.4.1/../../../../arm-none-eabi/lib/armv7-m\libg_nano.a
LOAD c:/program files (x86)/cypress/psoc creator/4.4/psoc creator/import/gnu/arm/5.4.1/bin/../lib/gcc/arm-none-eabi/5.4.1/../../../../arm-none-eabi/lib/armv7-m\libc_nano.a
END GROUP
START GROUP
LOAD c:/program files (x86)/cypress/psoc creator/4.4/psoc creator/import/gnu/arm/5.4.1/bin/../lib/gcc/arm-none-eabi/5.4.1/armv7-m\libgcc.a
LOAD c:/program files (x86)/cypress/psoc creator/4.4/psoc creator/import/gnu/arm/5.4.1/bin/../lib/gcc/arm-none-eabi/5.4.1/../../../../arm-none-eabi/lib/armv7-m\libc_nano.a
END GROUP
LOAD c:/program files (x86)/cypress/psoc creator/4.4/psoc creator/import/gnu/arm/5.4.1/bin/../lib/gcc/arm-none-eabi/5.4.1/armv7-m/crtend.o
LOAD c:/program files (x86)/cypress/psoc creator/4.4/psoc creator/import/gnu/arm/5.4.1/bin/../lib/gcc/arm-none-eabi/5.4.1/armv7-m/crtn.o
START GROUP
LOAD c:/program files (x86)/cypress/psoc creator/4.4/psoc creator/import/gnu/arm/5.4.1/bin/../lib/gcc/arm-none-eabi/5.4.1/armv7-m\libgcc.a
LOAD c:/program files (x86)/cypress/psoc creator/4.4/psoc creator/import/gnu/arm/5.4.1/bin/../lib/gcc/arm-none-eabi/5.4.1/../../../../arm-none-eabi/lib/armv7-m\libc.a
LOAD c:/program files (x86)/cypress/psoc creator/4.4/psoc creator/import/gnu/arm/5.4.1/bin/../lib/gcc/arm-none-eabi/5.4.1/../../../../arm-none-eabi/lib/armv7-m\libnosys.a
END GROUP
                0x00000000                CY_APPL_ORIGIN = 0x0
                0x00000100                CY_FLASH_ROW_SIZE = 0x100
                0x00000020                CY_ECC_ROW_SIZE = 0x20
                0x00000000                CY_EE_IN_BTLDR = 0x0
                0x00000000                CY_APPL_LOADABLE = 0x0
                0x00000800                CY_EE_SIZE = 0x800
                0x00000001                CY_APPL_NUM = 0x1
                0x00000001                CY_APPL_MAX = 0x1
                0x00000040                CY_METADATA_SIZE = 0x40
                0x00000000                CY_APPL_LOADABLE = 0x0
                0x00000000                CY_CHECKSUM_EXCLUDE_SIZE = ALIGN (0x0, CY_FLASH_ROW_SIZE)
                [!provide]                PROVIDE (__cy_heap_start, _end)
                0x00000001                PROVIDE (__cy_region_num, ((__cy_regions_end - __cy_regions) / 0x10))
                0x20008000                PROVIDE (__cy_stack, (ORIGIN (ram) + LENGTH (ram)))
                [!provide]                PROVIDE (__cy_heap_end, (__cy_stack - 0x800))

.cybootloader   0x00000000        0x0
 *(.cybootloader)
                0x00000000                appl1_start = CY_APPL_ORIGIN?CY_APPL_ORIGIN:ALIGN (CY_FLASH_ROW_SIZE)
                0x0001ff00                appl2_start = (appl1_start + ALIGN ((((LENGTH (rom) - appl1_start) - (0x2 * CY_FLASH_ROW_SIZE)) / 0x2), CY_FLASH_ROW_SIZE))
                0x00000000                appl_start = (CY_APPL_NUM == 0x1)?appl1_start:appl2_start
                0x00000000                ecc_offset = ((appl_start / CY_FLASH_ROW_SIZE) * CY_ECC_ROW_SIZE)
                0x00000000                ee_offset = (CY_APPL_LOADABLE && ! (CY_EE_IN_BTLDR))?((CY_EE_SIZE / CY_APPL_MAX) * (CY_APPL_NUM - 0x1)):0x0
                0x00000800                ee_size = (CY_APPL_LOADABLE && ! (CY_EE_IN_BTLDR))?(CY_EE_SIZE / CY_APPL_MAX):CY_EE_SIZE
                [!provide]                PROVIDE (CY_ECC_OFFSET, ecc_offset)

.text           0x00000000     0x4eec
 CREATE_OBJECT_SYMBOLS
                0x00000000                PROVIDE (__cy_interrupt_vector, RomVectors)
 *(.romvectors)
 .romvectors    0x00000000       0x10 .\ARM_GCC_541\Debug\Cm3Start.o
                0x00000000                RomVectors
                0x00000001                ASSERT ((. != __cy_interrupt_vector), No interrupt vector)
                0x00000001                ASSERT (CY_APPL_ORIGIN?(SIZEOF (.cybootloader) <= CY_APPL_ORIGIN):0x1, Wrong image location)
                0x00000010                PROVIDE (__cy_reset, Reset)
 *(.text.Reset)
 .text.Reset    0x00000010       0x18 .\ARM_GCC_541\Debug\Cm3Start.o
                0x00000010                Reset
                0x00000001                ASSERT ((. != __cy_reset), No reset code)
 *(.dma_init)
                0x00000001                ASSERT ((((appl_start + .) <= 0x10000) || 0x1), DMA Init must be within the first 64k of flash)
 *(.text .text.* .gnu.linkonce.t.*)
 .text          0x00000028       0x5c c:/program files (x86)/cypress/psoc creator/4.4/psoc creator/import/gnu/arm/5.4.1/bin/../lib/gcc/arm-none-eabi/5.4.1/armv7-m/crtbegin.o
 .text.main     0x00000084      0x1e8 .\ARM_GCC_541\Debug\main.o
                0x00000084                main
 .text.CYMEMZERO
                0x0000026c       0x1c .\ARM_GCC_541\Debug\cyfitter_cfg.o
 .text.CYCONFIGCPY
                0x00000288       0x20 .\ARM_GCC_541\Debug\cyfitter_cfg.o
 .text.CYCONFIGCPYCODE
                0x000002a8       0x20 .\ARM_GCC_541\Debug\cyfitter_cfg.o
 .text.CyClockStartupError
                0x000002c8        0xc .\ARM_GCC_541\Debug\cyfitter_cfg.o
 .text.cfg_write_bytes32
                0x000002d4       0x74 .\ARM_GCC_541\Debug\cyfitter_cfg.o
 .text.ClockSetup
                0x00000348      0x118 .\ARM_GCC_541\Debug\cyfitter_cfg.o
 .text.AnalogSetDefault
                0x00000460       0xb0 .\ARM_GCC_541\Debug\cyfitter_cfg.o
 .text.cyfitter_cfg
                0x00000510      0x170 .\ARM_GCC_541\Debug\cyfitter_cfg.o
                0x00000510                cyfitter_cfg
 .text.IntDefaultHandler
                0x00000680       0x14 .\ARM_GCC_541\Debug\Cm3Start.o
                0x00000680                IntDefaultHandler
 .text._sbrk    0x00000694       0x50 .\ARM_GCC_541\Debug\Cm3Start.o
                0x00000694                _sbrk
 .text.Start_c  0x000006e4       0x98 .\ARM_GCC_541\Debug\Cm3Start.o
                0x000006e4                Start_c
 .text.initialize_psoc
                0x0000077c       0x94 .\ARM_GCC_541\Debug\Cm3Start.o
                0x0000077c                initialize_psoc
 .text.USBFS_1_Start
                0x00000810       0x3c .\ARM_GCC_541\Debug\I2C_Mouse.a(USBFS_1.o)
                0x00000810                USBFS_1_Start
 .text.USBFS_1_Init
                0x0000084c      0x17c .\ARM_GCC_541\Debug\I2C_Mouse.a(USBFS_1.o)
                0x0000084c                USBFS_1_Init
 .text.USBFS_1_InitComponent
                0x000009c8      0x114 .\ARM_GCC_541\Debug\I2C_Mouse.a(USBFS_1.o)
                0x000009c8                USBFS_1_InitComponent
 .text.USBFS_1_ReInitComponent
                0x00000adc       0x88 .\ARM_GCC_541\Debug\I2C_Mouse.a(USBFS_1.o)
                0x00000adc                USBFS_1_ReInitComponent
 .text.USBFS_1_GetConfiguration
                0x00000b64       0x18 .\ARM_GCC_541\Debug\I2C_Mouse.a(USBFS_1.o)
                0x00000b64                USBFS_1_GetConfiguration
 .text.USBFS_1_LoadInEP
                0x00000b7c      0x108 .\ARM_GCC_541\Debug\I2C_Mouse.a(USBFS_1.o)
                0x00000b7c                USBFS_1_LoadInEP
 .text.USBFS_1_GetEPAckState
                0x00000c84       0x40 .\ARM_GCC_541\Debug\I2C_Mouse.a(USBFS_1.o)
                0x00000c84                USBFS_1_GetEPAckState
 .text.USBFS_1_EP_0_ISR
                0x00000cc4       0xf8 .\ARM_GCC_541\Debug\I2C_Mouse.a(USBFS_1_drv.o)
                0x00000cc4                USBFS_1_EP_0_ISR
 .text.USBFS_1_HandleSetup
                0x00000dbc       0x88 .\ARM_GCC_541\Debug\I2C_Mouse.a(USBFS_1_drv.o)
                0x00000dbc                USBFS_1_HandleSetup
 .text.USBFS_1_HandleIN
                0x00000e44       0x4c .\ARM_GCC_541\Debug\I2C_Mouse.a(USBFS_1_drv.o)
                0x00000e44                USBFS_1_HandleIN
 .text.USBFS_1_HandleOUT
                0x00000e90       0x58 .\ARM_GCC_541\Debug\I2C_Mouse.a(USBFS_1_drv.o)
                0x00000e90                USBFS_1_HandleOUT
 .text.USBFS_1_LoadEP0
                0x00000ee8       0xd0 .\ARM_GCC_541\Debug\I2C_Mouse.a(USBFS_1_drv.o)
                0x00000ee8                USBFS_1_LoadEP0
 .text.USBFS_1_InitControlRead
                0x00000fb8       0x70 .\ARM_GCC_541\Debug\I2C_Mouse.a(USBFS_1_drv.o)
                0x00000fb8                USBFS_1_InitControlRead
 .text.USBFS_1_InitZeroLengthControlTransfer
                0x00001028       0x40 .\ARM_GCC_541\Debug\I2C_Mouse.a(USBFS_1_drv.o)
                0x00001028                USBFS_1_InitZeroLengthControlTransfer
 .text.USBFS_1_ControlReadDataStage
                0x00001068        0xc .\ARM_GCC_541\Debug\I2C_Mouse.a(USBFS_1_drv.o)
                0x00001068                USBFS_1_ControlReadDataStage
 .text.USBFS_1_ControlReadStatusStage
                0x00001074       0x40 .\ARM_GCC_541\Debug\I2C_Mouse.a(USBFS_1_drv.o)
                0x00001074                USBFS_1_ControlReadStatusStage
 .text.USBFS_1_InitControlWrite
                0x000010b4       0x64 .\ARM_GCC_541\Debug\I2C_Mouse.a(USBFS_1_drv.o)
                0x000010b4                USBFS_1_InitControlWrite
 .text.USBFS_1_ControlWriteDataStage
                0x00001118       0xb4 .\ARM_GCC_541\Debug\I2C_Mouse.a(USBFS_1_drv.o)
                0x00001118                USBFS_1_ControlWriteDataStage
 .text.USBFS_1_ControlWriteStatusStage
                0x000011cc       0x24 .\ARM_GCC_541\Debug\I2C_Mouse.a(USBFS_1_drv.o)
                0x000011cc                USBFS_1_ControlWriteStatusStage
 .text.USBFS_1_InitNoDataControlTransfer
                0x000011f0       0x38 .\ARM_GCC_541\Debug\I2C_Mouse.a(USBFS_1_drv.o)
                0x000011f0                USBFS_1_InitNoDataControlTransfer
 .text.USBFS_1_NoDataControlStatusStage
                0x00001228       0x4c .\ARM_GCC_541\Debug\I2C_Mouse.a(USBFS_1_drv.o)
                0x00001228                USBFS_1_NoDataControlStatusStage
 .text.USBFS_1_UpdateStatusBlock
                0x00001274       0x40 .\ARM_GCC_541\Debug\I2C_Mouse.a(USBFS_1_drv.o)
                0x00001274                USBFS_1_UpdateStatusBlock
 .text.USBFS_1_InitializeStatusBlock
                0x000012b4       0x34 .\ARM_GCC_541\Debug\I2C_Mouse.a(USBFS_1_drv.o)
                0x000012b4                USBFS_1_InitializeStatusBlock
 .text.USBFS_1_EP_1_ISR
                0x000012e8       0x48 .\ARM_GCC_541\Debug\I2C_Mouse.a(USBFS_1_episr.o)
                0x000012e8                USBFS_1_EP_1_ISR
 .text.USBFS_1_SOF_ISR
                0x00001330        0xc .\ARM_GCC_541\Debug\I2C_Mouse.a(USBFS_1_episr.o)
                0x00001330                USBFS_1_SOF_ISR
 .text.USBFS_1_BUS_RESET_ISR
                0x0000133c        0xc .\ARM_GCC_541\Debug\I2C_Mouse.a(USBFS_1_episr.o)
                0x0000133c                USBFS_1_BUS_RESET_ISR
 .text.USBFS_1_DispatchHIDClassRqst
                0x00001348      0x1e4 .\ARM_GCC_541\Debug\I2C_Mouse.a(USBFS_1_hid.o)
                0x00001348                USBFS_1_DispatchHIDClassRqst
 .text.USBFS_1_FindHidClassDecriptor
                0x0000152c       0x7c .\ARM_GCC_541\Debug\I2C_Mouse.a(USBFS_1_hid.o)
                0x0000152c                USBFS_1_FindHidClassDecriptor
 .text.USBFS_1_FindReportDescriptor
                0x000015a8       0x90 .\ARM_GCC_541\Debug\I2C_Mouse.a(USBFS_1_hid.o)
                0x000015a8                USBFS_1_FindReportDescriptor
 .text.USBFS_1_FindReport
                0x00001638       0xcc .\ARM_GCC_541\Debug\I2C_Mouse.a(USBFS_1_hid.o)
                0x00001638                USBFS_1_FindReport
 .text.USBFS_1_DP_ISR
                0x00001704        0xc .\ARM_GCC_541\Debug\I2C_Mouse.a(USBFS_1_pm.o)
                0x00001704                USBFS_1_DP_ISR
 .text.USBFS_1_HandleStandardRqst
                0x00001710      0x468 .\ARM_GCC_541\Debug\I2C_Mouse.a(USBFS_1_std.o)
                0x00001710                USBFS_1_HandleStandardRqst
 .text.USBFS_1_ConfigReg
                0x00001b78      0x138 .\ARM_GCC_541\Debug\I2C_Mouse.a(USBFS_1_std.o)
                0x00001b78                USBFS_1_ConfigReg
 .text.USBFS_1_Config
                0x00001cb0      0x320 .\ARM_GCC_541\Debug\I2C_Mouse.a(USBFS_1_std.o)
                0x00001cb0                USBFS_1_Config
 .text.USBFS_1_ConfigAltChanged
                0x00001fd0      0x25c .\ARM_GCC_541\Debug\I2C_Mouse.a(USBFS_1_std.o)
                0x00001fd0                USBFS_1_ConfigAltChanged
 .text.USBFS_1_GetConfigTablePtr
                0x0000222c       0x50 .\ARM_GCC_541\Debug\I2C_Mouse.a(USBFS_1_std.o)
                0x0000222c                USBFS_1_GetConfigTablePtr
 .text.USBFS_1_GetDeviceTablePtr
                0x0000227c       0x24 .\ARM_GCC_541\Debug\I2C_Mouse.a(USBFS_1_std.o)
                0x0000227c                USBFS_1_GetDeviceTablePtr
 .text.USBFS_1_GetInterfaceClassTablePtr
                0x000022a0       0x4c .\ARM_GCC_541\Debug\I2C_Mouse.a(USBFS_1_std.o)
                0x000022a0                USBFS_1_GetInterfaceClassTablePtr
 .text.USBFS_1_SetEndpointHalt
                0x000022ec       0xe8 .\ARM_GCC_541\Debug\I2C_Mouse.a(USBFS_1_std.o)
                0x000022ec                USBFS_1_SetEndpointHalt
 .text.USBFS_1_ClearEndpointHalt
                0x000023d4      0x158 .\ARM_GCC_541\Debug\I2C_Mouse.a(USBFS_1_std.o)
                0x000023d4                USBFS_1_ClearEndpointHalt
 .text.USBFS_1_ValidateAlternateSetting
                0x0000252c       0x70 .\ARM_GCC_541\Debug\I2C_Mouse.a(USBFS_1_std.o)
                0x0000252c                USBFS_1_ValidateAlternateSetting
 .text.USBFS_1_HandleVendorRqst
                0x0000259c       0x34 .\ARM_GCC_541\Debug\I2C_Mouse.a(USBFS_1_vnd.o)
                0x0000259c                USBFS_1_HandleVendorRqst
 .text.SW_Read  0x000025d0       0x20 .\ARM_GCC_541\Debug\I2C_Mouse.a(SW.o)
                0x000025d0                SW_Read
 .text.UART_Start
                0x000025f0       0x24 .\ARM_GCC_541\Debug\I2C_Mouse.a(UART.o)
                0x000025f0                UART_Start
 .text.UART_Init
                0x00002614       0x40 .\ARM_GCC_541\Debug\I2C_Mouse.a(UART.o)
                0x00002614                UART_Init
 .text.UART_Enable
                0x00002654       0x60 .\ARM_GCC_541\Debug\I2C_Mouse.a(UART.o)
                0x00002654                UART_Enable
 .text.UART_PutChar
                0x000026b4       0x34 .\ARM_GCC_541\Debug\I2C_Mouse.a(UART.o)
                0x000026b4                UART_PutChar
 .text.UART_PutString
                0x000026e8       0x44 .\ARM_GCC_541\Debug\I2C_Mouse.a(UART.o)
                0x000026e8                UART_PutString
 .text.USBFS_1_Dp_ClearInterrupt
                0x0000272c       0x20 .\ARM_GCC_541\Debug\I2C_Mouse.a(USBFS_1_Dp.o)
                0x0000272c                USBFS_1_Dp_ClearInterrupt
 .text.UART_IntClock_Start
                0x0000274c       0x34 .\ARM_GCC_541\Debug\I2C_Mouse.a(UART_IntClock.o)
                0x0000274c                UART_IntClock_Start
 .text.CyDmacConfigure
                0x00002780       0x5c .\ARM_GCC_541\Debug\I2C_Mouse.a(CyDmac.o)
                0x00002780                CyDmacConfigure
 .text.CyDmaChEnable
                0x000027dc       0x8c .\ARM_GCC_541\Debug\I2C_Mouse.a(CyDmac.o)
                0x000027dc                CyDmaChEnable
 .text.CyDmaClearPendingDrq
                0x00002868       0x60 .\ARM_GCC_541\Debug\I2C_Mouse.a(CyDmac.o)
                0x00002868                CyDmaClearPendingDrq
 .text.CyDmaChPriority
                0x000028c8       0x64 .\ARM_GCC_541\Debug\I2C_Mouse.a(CyDmac.o)
                0x000028c8                CyDmaChPriority
 .text.CyDmaChSetExtendedAddress
                0x0000292c       0x78 .\ARM_GCC_541\Debug\I2C_Mouse.a(CyDmac.o)
                0x0000292c                CyDmaChSetExtendedAddress
 .text.CyDmaChSetInitialTd
                0x000029a4       0x3c .\ARM_GCC_541\Debug\I2C_Mouse.a(CyDmac.o)
                0x000029a4                CyDmaChSetInitialTd
 .text.CyDmaChSetConfiguration
                0x000029e0       0xa0 .\ARM_GCC_541\Debug\I2C_Mouse.a(CyDmac.o)
                0x000029e0                CyDmaChSetConfiguration
 .text.CyDmaTdAllocate
                0x00002a80       0x5c .\ARM_GCC_541\Debug\I2C_Mouse.a(CyDmac.o)
                0x00002a80                CyDmaTdAllocate
 .text.CyDmaTdSetConfiguration
                0x00002adc       0x80 .\ARM_GCC_541\Debug\I2C_Mouse.a(CyDmac.o)
                0x00002adc                CyDmaTdSetConfiguration
 .text.CyDmaTdSetAddress
                0x00002b5c       0x5c .\ARM_GCC_541\Debug\I2C_Mouse.a(CyDmac.o)
                0x00002b5c                CyDmaTdSetAddress
 .text.CyHalt   0x00002bb8       0x18 .\ARM_GCC_541\Debug\I2C_Mouse.a(CyLib.o)
                0x00002bb8                CyHalt
 .text.CyDelay  0x00002bd0       0x44 .\ARM_GCC_541\Debug\I2C_Mouse.a(CyLib.o)
                0x00002bd0                CyDelay
 .text.CyDelayUs
                0x00002c14       0x28 .\ARM_GCC_541\Debug\I2C_Mouse.a(CyLib.o)
                0x00002c14                CyDelayUs
 .text.CyIntSetVector
                0x00002c3c       0x50 .\ARM_GCC_541\Debug\I2C_Mouse.a(CyLib.o)
                0x00002c3c                CyIntSetVector
 .text.CyIntSetPriority
                0x00002c8c       0x48 .\ARM_GCC_541\Debug\I2C_Mouse.a(CyLib.o)
                0x00002c8c                CyIntSetPriority
 .text.I2C_Init
                0x00002cd4       0x84 .\ARM_GCC_541\Debug\I2C_Mouse.a(I2C.o)
                0x00002cd4                I2C_Init
 .text.I2C_Enable
                0x00002d58       0x48 .\ARM_GCC_541\Debug\I2C_Mouse.a(I2C.o)
                0x00002d58                I2C_Enable
 .text.I2C_Start
                0x00002da0       0x30 .\ARM_GCC_541\Debug\I2C_Mouse.a(I2C.o)
                0x00002da0                I2C_Start
 .text.I2C_ISR  0x00002dd0      0x3a8 .\ARM_GCC_541\Debug\I2C_Mouse.a(I2C_INT.o)
                0x00002dd0                I2C_ISR
 .text.I2C_MasterReadBuf
                0x00003178      0x110 .\ARM_GCC_541\Debug\I2C_Mouse.a(I2C_MASTER.o)
                0x00003178                I2C_MasterReadBuf
 .text.I2C_MasterStatus
                0x00003288       0x50 .\ARM_GCC_541\Debug\I2C_Mouse.a(I2C_MASTER.o)
                0x00003288                I2C_MasterStatus
 .text.ADC_Init
                0x000032d8       0x50 .\ARM_GCC_541\Debug\I2C_Mouse.a(ADC.o)
                0x000032d8                ADC_Init
 .text.ADC_Enable
                0x00003328      0x130 .\ARM_GCC_541\Debug\I2C_Mouse.a(ADC.o)
                0x00003328                ADC_Enable
 .text.ADC_Start
                0x00003458       0x30 .\ARM_GCC_541\Debug\I2C_Mouse.a(ADC.o)
                0x00003458                ADC_Start
 .text.ADC_StartConvert
                0x00003488        0xc .\ARM_GCC_541\Debug\I2C_Mouse.a(ADC.o)
                0x00003488                ADC_StartConvert
 .text.ADC_IsEndConversion
                0x00003494       0x2c .\ARM_GCC_541\Debug\I2C_Mouse.a(ADC.o)
                0x00003494                ADC_IsEndConversion
 .text.ADC_GetResult16
                0x000034c0       0x38 .\ARM_GCC_541\Debug\I2C_Mouse.a(ADC.o)
                0x000034c0                ADC_GetResult16
 .text.ADC_ISR  0x000034f8        0xc .\ARM_GCC_541\Debug\I2C_Mouse.a(ADC_INT.o)
                0x000034f8                ADC_ISR
 .text.ADC_SAR_Start
                0x00003504       0x24 .\ARM_GCC_541\Debug\I2C_Mouse.a(ADC_SAR.o)
                0x00003504                ADC_SAR_Start
 .text.ADC_SAR_Init
                0x00003528       0x2c .\ARM_GCC_541\Debug\I2C_Mouse.a(ADC_SAR.o)
                0x00003528                ADC_SAR_Init
 .text.ADC_SAR_Enable
                0x00003554       0xc4 .\ARM_GCC_541\Debug\I2C_Mouse.a(ADC_SAR.o)
                0x00003554                ADC_SAR_Enable
 .text.ADC_SAR_SetResolution
                0x00003618       0x54 .\ARM_GCC_541\Debug\I2C_Mouse.a(ADC_SAR.o)
                0x00003618                ADC_SAR_SetResolution
 .text.ADC_SAR_StartConvert
                0x0000366c       0x20 .\ARM_GCC_541\Debug\I2C_Mouse.a(ADC_SAR.o)
                0x0000366c                ADC_SAR_StartConvert
 .text.ADC_SAR_CalcGain
                0x0000368c       0x80 .\ARM_GCC_541\Debug\I2C_Mouse.a(ADC_SAR.o)
 .text.ADC_TempBuf_DmaInitialize
                0x0000370c       0x64 .\ARM_GCC_541\Debug\I2C_Mouse.a(ADC_TempBuf_dma.o)
                0x0000370c                ADC_TempBuf_DmaInitialize
 .text.ADC_FinalBuf_DmaInitialize
                0x00003770       0x64 .\ARM_GCC_541\Debug\I2C_Mouse.a(ADC_FinalBuf_dma.o)
                0x00003770                ADC_FinalBuf_DmaInitialize
 .text.ADC_IRQ_SetVector
                0x000037d4       0x24 .\ARM_GCC_541\Debug\I2C_Mouse.a(ADC_IRQ.o)
                0x000037d4                ADC_IRQ_SetVector
 .text.ADC_IRQ_SetPriority
                0x000037f8       0x24 .\ARM_GCC_541\Debug\I2C_Mouse.a(ADC_IRQ.o)
                0x000037f8                ADC_IRQ_SetPriority
 *fill*         0x0000381c        0x4 
 .text          0x00003820       0x54 .\ARM_GCC_541\Debug\I2C_Mouse.a(CyBootAsmGnu.o)
                0x00003820                CyDelayCycles
                0x0000385e                CyEnterCriticalSection
                0x00003866                CyExitCriticalSection
 .text.USBFS_1_DispatchClassRqst
                0x00003874       0x84 .\ARM_GCC_541\Debug\I2C_Mouse.a(USBFS_1_cls.o)
                0x00003874                USBFS_1_DispatchClassRqst
 .text          0x000038f8      0x370 c:/program files (x86)/cypress/psoc creator/4.4/psoc creator/import/gnu/arm/5.4.1/bin/../lib/gcc/arm-none-eabi/5.4.1/armv7-m\libgcc.a(_arm_addsubdf3.o)
                0x000038f8                __aeabi_drsub
                0x00003900                __aeabi_dsub
                0x00003900                __subdf3
                0x00003904                __aeabi_dadd
                0x00003904                __adddf3
                0x00003b7c                __floatunsidf
                0x00003b7c                __aeabi_ui2d
                0x00003b9c                __floatsidf
                0x00003b9c                __aeabi_i2d
                0x00003bc0                __aeabi_f2d
                0x00003bc0                __extendsfdf2
                0x00003bfc                __floatundidf
                0x00003bfc                __aeabi_ul2d
                0x00003c0c                __floatdidf
                0x00003c0c                __aeabi_l2d
 .text          0x00003c68      0x424 c:/program files (x86)/cypress/psoc creator/4.4/psoc creator/import/gnu/arm/5.4.1/bin/../lib/gcc/arm-none-eabi/5.4.1/armv7-m\libgcc.a(_arm_muldivdf3.o)
                0x00003c68                __aeabi_dmul
                0x00003c68                __muldf3
                0x00003ebc                __divdf3
                0x00003ebc                __aeabi_ddiv
 .text          0x0000408c       0x50 c:/program files (x86)/cypress/psoc creator/4.4/psoc creator/import/gnu/arm/5.4.1/bin/../lib/gcc/arm-none-eabi/5.4.1/armv7-m\libgcc.a(_arm_fixdfsi.o)
                0x0000408c                __aeabi_d2iz
                0x0000408c                __fixdfsi
 .text          0x000040dc       0x40 c:/program files (x86)/cypress/psoc creator/4.4/psoc creator/import/gnu/arm/5.4.1/bin/../lib/gcc/arm-none-eabi/5.4.1/armv7-m\libgcc.a(_arm_fixunsdfsi.o)
                0x000040dc                __aeabi_d2uiz
                0x000040dc                __fixunsdfsi
 .text          0x0000411c      0x21c c:/program files (x86)/cypress/psoc creator/4.4/psoc creator/import/gnu/arm/5.4.1/bin/../lib/gcc/arm-none-eabi/5.4.1/armv7-m\libgcc.a(_arm_addsubsf3.o)
                0x0000411c                __aeabi_frsub
                0x00004124                __subsf3
                0x00004124                __aeabi_fsub
                0x00004128                __aeabi_fadd
                0x00004128                __addsf3
                0x00004288                __aeabi_ui2f
                0x00004288                __floatunsisf
                0x00004290                __aeabi_i2f
                0x00004290                __floatsisf
                0x000042ac                __aeabi_ul2f
                0x000042ac                __floatundisf
                0x000042bc                __aeabi_l2f
                0x000042bc                __floatdisf
 .text          0x00004338      0x2a0 c:/program files (x86)/cypress/psoc creator/4.4/psoc creator/import/gnu/arm/5.4.1/bin/../lib/gcc/arm-none-eabi/5.4.1/armv7-m\libgcc.a(_arm_muldivsf3.o)
                0x00004338                __mulsf3
                0x00004338                __aeabi_fmul
                0x000044a0                __aeabi_fdiv
                0x000044a0                __divsf3
 .text          0x000045d8       0x4c c:/program files (x86)/cypress/psoc creator/4.4/psoc creator/import/gnu/arm/5.4.1/bin/../lib/gcc/arm-none-eabi/5.4.1/armv7-m\libgcc.a(_arm_fixsfsi.o)
                0x000045d8                __aeabi_f2iz
                0x000045d8                __fixsfsi
 .text.__errno  0x00004624        0xc c:/program files (x86)/cypress/psoc creator/4.4/psoc creator/import/gnu/arm/5.4.1/bin/../lib/gcc/arm-none-eabi/5.4.1/../../../../arm-none-eabi/lib/armv7-m\libg_nano.a(lib_a-errno.o)
                0x00004624                __errno
 .text.__libc_init_array
                0x00004630       0x4c c:/program files (x86)/cypress/psoc creator/4.4/psoc creator/import/gnu/arm/5.4.1/bin/../lib/gcc/arm-none-eabi/5.4.1/../../../../arm-none-eabi/lib/armv7-m\libg_nano.a(lib_a-init.o)
                0x00004630                __libc_init_array
 .text.memcpy   0x0000467c       0x16 c:/program files (x86)/cypress/psoc creator/4.4/psoc creator/import/gnu/arm/5.4.1/bin/../lib/gcc/arm-none-eabi/5.4.1/../../../../arm-none-eabi/lib/armv7-m\libg_nano.a(lib_a-memcpy-stub.o)
                0x0000467c                memcpy
 .text.memset   0x00004692       0x10 c:/program files (x86)/cypress/psoc creator/4.4/psoc creator/import/gnu/arm/5.4.1/bin/../lib/gcc/arm-none-eabi/5.4.1/../../../../arm-none-eabi/lib/armv7-m\libg_nano.a(lib_a-memset.o)
                0x00004692                memset
 *fill*         0x000046a2        0x2 
 .text.sprintf  0x000046a4       0x48 c:/program files (x86)/cypress/psoc creator/4.4/psoc creator/import/gnu/arm/5.4.1/bin/../lib/gcc/arm-none-eabi/5.4.1/../../../../arm-none-eabi/lib/armv7-m\libg_nano.a(lib_a-sprintf.o)
                0x000046a4                siprintf
                0x000046a4                sprintf
 .text.__ssputs_r
                0x000046ec       0xb2 c:/program files (x86)/cypress/psoc creator/4.4/psoc creator/import/gnu/arm/5.4.1/bin/../lib/gcc/arm-none-eabi/5.4.1/../../../../arm-none-eabi/lib/armv7-m\libg_nano.a(lib_a-nano-svfprintf.o)
                0x000046ec                __ssputs_r
 *fill*         0x0000479e        0x2 
 .text._svfprintf_r
                0x000047a0      0x1e8 c:/program files (x86)/cypress/psoc creator/4.4/psoc creator/import/gnu/arm/5.4.1/bin/../lib/gcc/arm-none-eabi/5.4.1/../../../../arm-none-eabi/lib/armv7-m\libg_nano.a(lib_a-nano-svfprintf.o)
                0x000047a0                _svfiprintf_r
                0x000047a0                _svfprintf_r
 .text._printf_common
                0x00004988       0xec c:/program files (x86)/cypress/psoc creator/4.4/psoc creator/import/gnu/arm/5.4.1/bin/../lib/gcc/arm-none-eabi/5.4.1/../../../../arm-none-eabi/lib/armv7-m\libg_nano.a(lib_a-nano-vfprintf_i.o)
                0x00004988                _printf_common
 .text._printf_i
                0x00004a74      0x24c c:/program files (x86)/cypress/psoc creator/4.4/psoc creator/import/gnu/arm/5.4.1/bin/../lib/gcc/arm-none-eabi/5.4.1/../../../../arm-none-eabi/lib/armv7-m\libg_nano.a(lib_a-nano-vfprintf_i.o)
                0x00004a74                _printf_i
 .text.memchr   0x00004cc0       0x1c c:/program files (x86)/cypress/psoc creator/4.4/psoc creator/import/gnu/arm/5.4.1/bin/../lib/gcc/arm-none-eabi/5.4.1/../../../../arm-none-eabi/lib/armv7-m\libg_nano.a(lib_a-memchr-stub.o)
                0x00004cc0                memchr
 .text.memmove  0x00004cdc       0x36 c:/program files (x86)/cypress/psoc creator/4.4/psoc creator/import/gnu/arm/5.4.1/bin/../lib/gcc/arm-none-eabi/5.4.1/../../../../arm-none-eabi/lib/armv7-m\libg_nano.a(lib_a-memmove.o)
                0x00004cdc                memmove
 *fill*         0x00004d12        0x2 
 .text._free_r  0x00004d14       0x98 c:/program files (x86)/cypress/psoc creator/4.4/psoc creator/import/gnu/arm/5.4.1/bin/../lib/gcc/arm-none-eabi/5.4.1/../../../../arm-none-eabi/lib/armv7-m\libg_nano.a(lib_a-nano-freer.o)
                0x00004d14                _free_r
 .text._malloc_r
                0x00004dac       0xbc c:/program files (x86)/cypress/psoc creator/4.4/psoc creator/import/gnu/arm/5.4.1/bin/../lib/gcc/arm-none-eabi/5.4.1/../../../../arm-none-eabi/lib/armv7-m\libg_nano.a(lib_a-nano-mallocr.o)
                0x00004dac                _malloc_r
 .text._realloc_r
                0x00004e68       0x4c c:/program files (x86)/cypress/psoc creator/4.4/psoc creator/import/gnu/arm/5.4.1/bin/../lib/gcc/arm-none-eabi/5.4.1/../../../../arm-none-eabi/lib/armv7-m\libg_nano.a(lib_a-nano-reallocr.o)
                0x00004e68                _realloc_r
 .text._sbrk_r  0x00004eb4       0x20 c:/program files (x86)/cypress/psoc creator/4.4/psoc creator/import/gnu/arm/5.4.1/bin/../lib/gcc/arm-none-eabi/5.4.1/../../../../arm-none-eabi/lib/armv7-m\libg_nano.a(lib_a-sbrkr.o)
                0x00004eb4                _sbrk_r
 .text.__malloc_lock
                0x00004ed4        0x2 c:/program files (x86)/cypress/psoc creator/4.4/psoc creator/import/gnu/arm/5.4.1/bin/../lib/gcc/arm-none-eabi/5.4.1/../../../../arm-none-eabi/lib/armv7-m\libg_nano.a(lib_a-mlock.o)
                0x00004ed4                __malloc_lock
 .text.__malloc_unlock
                0x00004ed6        0x2 c:/program files (x86)/cypress/psoc creator/4.4/psoc creator/import/gnu/arm/5.4.1/bin/../lib/gcc/arm-none-eabi/5.4.1/../../../../arm-none-eabi/lib/armv7-m\libg_nano.a(lib_a-mlock.o)
                0x00004ed6                __malloc_unlock
 .text._malloc_usable_size_r
                0x00004ed8       0x14 c:/program files (x86)/cypress/psoc creator/4.4/psoc creator/import/gnu/arm/5.4.1/bin/../lib/gcc/arm-none-eabi/5.4.1/../../../../arm-none-eabi/lib/armv7-m\libg_nano.a(lib_a-nano-msizer.o)
                0x00004ed8                _malloc_usable_size_r
 *(.plt)
 *(.gnu.warning)
 *(.glue_7t)
 .glue_7t       0x00004eec        0x0 linker stubs
 *(.glue_7)
 .glue_7        0x00004eec        0x0 linker stubs
 *(.vfp11_veneer)
 .vfp11_veneer  0x00004eec        0x0 linker stubs
 *(.bootloader)
 *(.ARM.extab* .gnu.linkonce.armextab.*)
 *(.gcc_except_table)

.v4_bx          0x00004eec        0x0
 .v4_bx         0x00004eec        0x0 linker stubs

.iplt           0x00004eec        0x0
 .iplt          0x00004eec        0x0 c:/program files (x86)/cypress/psoc creator/4.4/psoc creator/import/gnu/arm/5.4.1/bin/../lib/gcc/arm-none-eabi/5.4.1/armv7-m/crtbegin.o

.eh_frame_hdr
 *(.eh_frame_hdr)

.eh_frame       0x00004eec        0x4
 *(.eh_frame)
 .eh_frame      0x00004eec        0x0 c:/program files (x86)/cypress/psoc creator/4.4/psoc creator/import/gnu/arm/5.4.1/bin/../lib/gcc/arm-none-eabi/5.4.1/armv7-m/crtbegin.o
 .eh_frame      0x00004eec        0x4 c:/program files (x86)/cypress/psoc creator/4.4/psoc creator/import/gnu/arm/5.4.1/bin/../lib/gcc/arm-none-eabi/5.4.1/armv7-m/crtend.o
                [!provide]                PROVIDE (__exidx_start, .)

.ARM.exidx
 *(.ARM.exidx* .gnu.linkonce.armexidx.*)
                0x00004ef0                __exidx_end = .

.rodata         0x00004ef0      0xa10
 *(.rodata .rodata.* .gnu.linkonce.r.*)
 .rodata        0x00004ef0       0x33 .\ARM_GCC_541\Debug\main.o
 *fill*         0x00004f23        0x1 
 .rodata        0x00004f24      0x82a .\ARM_GCC_541\Debug\cyfitter_cfg.o
 *fill*         0x0000574e        0x2 
 .rodata        0x00005750      0x144 .\ARM_GCC_541\Debug\I2C_Mouse.a(USBFS_1_descr.o)
                0x00005750                USBFS_1_DEVICE0_DESCR
                0x00005764                USBFS_1_DEVICE0_CONFIGURATION0_DESCR
                0x00005788                USBFS_1_STRING_DESCRIPTORS
                0x000057d4                USBFS_1_HIDREPORT_DESCRIPTOR1
                0x0000580c                USBFS_1_DEVICE0_CONFIGURATION0_INTERFACE0_ALTERNATE0_HID_IN_RPT_TABLE
                0x00005818                USBFS_1_DEVICE0_CONFIGURATION0_INTERFACE0_ALTERNATE0_HID_TABLE
                0x00005840                USBFS_1_DEVICE0_CONFIGURATION0_INTERFACE0_TABLE
                0x00005848                USBFS_1_DEVICE0_CONFIGURATION0_EP_SETTINGS_TABLE
                0x00005850                USBFS_1_DEVICE0_CONFIGURATION0_INTERFACE_CLASS
                0x00005854                USBFS_1_DEVICE0_CONFIGURATION0_TABLE
                0x00005874                USBFS_1_DEVICE0_TABLE
                0x0000588c                USBFS_1_TABLE
 .rodata.str1.1
                0x00005894        0x2 c:/program files (x86)/cypress/psoc creator/4.4/psoc creator/import/gnu/arm/5.4.1/bin/../lib/gcc/arm-none-eabi/5.4.1/../../../../arm-none-eabi/lib/armv7-m\libg_nano.a(lib_a-impure.o)
 .rodata.str1.1
                0x00005896       0x11 c:/program files (x86)/cypress/psoc creator/4.4/psoc creator/import/gnu/arm/5.4.1/bin/../lib/gcc/arm-none-eabi/5.4.1/../../../../arm-none-eabi/lib/armv7-m\libg_nano.a(lib_a-nano-svfprintf.o)
 .rodata.str1.1
                0x000058a7       0x22 c:/program files (x86)/cypress/psoc creator/4.4/psoc creator/import/gnu/arm/5.4.1/bin/../lib/gcc/arm-none-eabi/5.4.1/../../../../arm-none-eabi/lib/armv7-m\libg_nano.a(lib_a-nano-vfprintf_i.o)
                0x000058cc                . = ALIGN (0x4)
 *fill*         0x000058c9        0x3 
 *(.init)
 .init          0x000058cc        0x4 c:/program files (x86)/cypress/psoc creator/4.4/psoc creator/import/gnu/arm/5.4.1/bin/../lib/gcc/arm-none-eabi/5.4.1/armv7-m/crti.o
                0x000058cc                _init
 .init          0x000058d0        0x8 c:/program files (x86)/cypress/psoc creator/4.4/psoc creator/import/gnu/arm/5.4.1/bin/../lib/gcc/arm-none-eabi/5.4.1/armv7-m/crtn.o
                0x000058d8                . = ALIGN (0x4)
                0x000058d8                __preinit_array_start = .
 *(.preinit_array)
                0x000058d8                __preinit_array_end = .
                0x000058d8                . = ALIGN (0x4)
                0x000058d8                __init_array_start = .
 *(SORT(.init_array.*))
 *(.init_array)
 .init_array    0x000058d8        0x4 c:/program files (x86)/cypress/psoc creator/4.4/psoc creator/import/gnu/arm/5.4.1/bin/../lib/gcc/arm-none-eabi/5.4.1/armv7-m/crtbegin.o
 .init_array    0x000058dc        0x4 .\ARM_GCC_541\Debug\Cm3Start.o
                0x000058e0                __init_array_end = .
                0x000058e0                . = ALIGN (0x4)
 *(.fini)
 .fini          0x000058e0        0x4 c:/program files (x86)/cypress/psoc creator/4.4/psoc creator/import/gnu/arm/5.4.1/bin/../lib/gcc/arm-none-eabi/5.4.1/armv7-m/crti.o
                0x000058e0                _fini
 .fini          0x000058e4        0x8 c:/program files (x86)/cypress/psoc creator/4.4/psoc creator/import/gnu/arm/5.4.1/bin/../lib/gcc/arm-none-eabi/5.4.1/armv7-m/crtn.o
                0x000058ec                . = ALIGN (0x4)
                0x000058ec                __fini_array_start = .
 *(.fini_array)
 .fini_array    0x000058ec        0x4 c:/program files (x86)/cypress/psoc creator/4.4/psoc creator/import/gnu/arm/5.4.1/bin/../lib/gcc/arm-none-eabi/5.4.1/armv7-m/crtbegin.o
 *(SORT(.fini_array.*))
                0x000058f0                __fini_array_end = .
                0x000058f0                . = ALIGN (0x4)
 *crtbegin.o(.ctors)
 *(EXCLUDE_FILE(*crtend.o) .ctors)
 *(SORT(.ctors.*))
 *crtend.o(.ctors)
                0x000058f0                . = ALIGN (0x4)
 *crtbegin.o(.dtors)
 *(EXCLUDE_FILE(*crtend.o) .dtors)
 *(SORT(.dtors.*))
 *crtend.o(.dtors)
                0x000058f0                . = ALIGN (0x4)
                0x000058f0                __cy_regions = .
                0x000058f0        0x4 LONG 0x5900 __cy_region_init_ram
                0x000058f4        0x4 LONG 0x1fff80c8 __cy_region_start_data
                0x000058f8        0x4 LONG 0x88 __cy_region_init_size_ram
                0x000058fc        0x4 LONG 0x110 __cy_region_zero_size_ram
                0x00005900                __cy_regions_end = .
                0x00005900                . = ALIGN (0x8)
                0x00005900                _etext = .

.cy_checksum_exclude
                0x00005900        0x0
 *(.cy_checksum_exclude)

.ramvectors     0x1fff8000       0xc0
                0x1fff8000                __cy_region_start_ram = .
 *(.ramvectors)
 .ramvectors    0x1fff8000       0xc0 .\ARM_GCC_541\Debug\Cm3Start.o
                0x1fff8000                CyRamVectors

.noinit         0x1fff80c0        0x5
 *(.noinit)
 .noinit        0x1fff80c0        0x4 .\ARM_GCC_541\Debug\Cm3Start.o
 .noinit        0x1fff80c4        0x1 .\ARM_GCC_541\Debug\I2C_Mouse.a(CyLib.o)
                0x1fff80c4                CyResetStatus

.data           0x1fff80c8       0x88 load address 0x00005900
                0x1fff80c8                __cy_region_start_data = .
 *(.jcr)
 .jcr           0x1fff80c8        0x0 c:/program files (x86)/cypress/psoc creator/4.4/psoc creator/import/gnu/arm/5.4.1/bin/../lib/gcc/arm-none-eabi/5.4.1/armv7-m/crtbegin.o
 .jcr           0x1fff80c8        0x4 c:/program files (x86)/cypress/psoc creator/4.4/psoc creator/import/gnu/arm/5.4.1/bin/../lib/gcc/arm-none-eabi/5.4.1/armv7-m/crtend.o
 *(.got.plt)
 *(.got)
 *(.shdata)
 *(.data .data.* .gnu.linkonce.d.*)
 .data          0x1fff80cc        0x4 .\ARM_GCC_541\Debug\Cm3Start.o
 .data          0x1fff80d0        0x8 .\ARM_GCC_541\Debug\I2C_Mouse.a(CyDmac.o)
 .data          0x1fff80d8       0x10 .\ARM_GCC_541\Debug\I2C_Mouse.a(CyLib.o)
                0x1fff80d8                cydelay_freq_hz
                0x1fff80dc                cydelay_freq_khz
                0x1fff80e0                cydelay_freq_mhz
                0x1fff80e4                cydelay_32k_ms
 .data          0x1fff80e8        0x2 .\ARM_GCC_541\Debug\I2C_Mouse.a(ADC.o)
 .data          0x1fff80ea        0x1 .\ARM_GCC_541\Debug\I2C_Mouse.a(ADC_TempBuf_dma.o)
                0x1fff80ea                ADC_TempBuf_DmaHandle
 .data          0x1fff80eb        0x1 .\ARM_GCC_541\Debug\I2C_Mouse.a(ADC_FinalBuf_dma.o)
                0x1fff80eb                ADC_FinalBuf_DmaHandle
 .data.impure_data
                0x1fff80ec       0x60 c:/program files (x86)/cypress/psoc creator/4.4/psoc creator/import/gnu/arm/5.4.1/bin/../lib/gcc/arm-none-eabi/5.4.1/../../../../arm-none-eabi/lib/armv7-m\libg_nano.a(lib_a-impure.o)
 .data._impure_ptr
                0x1fff814c        0x4 c:/program files (x86)/cypress/psoc creator/4.4/psoc creator/import/gnu/arm/5.4.1/bin/../lib/gcc/arm-none-eabi/5.4.1/../../../../arm-none-eabi/lib/armv7-m\libg_nano.a(lib_a-impure.o)
                0x1fff814c                _impure_ptr
                0x1fff8150                . = ALIGN (0x8)
 *(.ram)
                0x1fff8150                _edata = .

.igot.plt       0x1fff8150        0x0 load address 0x00005988
 .igot.plt      0x1fff8150        0x0 c:/program files (x86)/cypress/psoc creator/4.4/psoc creator/import/gnu/arm/5.4.1/bin/../lib/gcc/arm-none-eabi/5.4.1/armv7-m/crtbegin.o

.bss            0x1fff8150      0x110 load address 0x00005988
                0x1fff8150                PROVIDE (__bss_start__, .)
 *(.shbss)
 *(.bss .bss.* .gnu.linkonce.b.*)
 .bss           0x1fff8150       0x1c c:/program files (x86)/cypress/psoc creator/4.4/psoc creator/import/gnu/arm/5.4.1/bin/../lib/gcc/arm-none-eabi/5.4.1/armv7-m/crtbegin.o
 .bss           0x1fff816c        0x3 .\ARM_GCC_541\Debug\main.o
 .bss           0x1fff816f        0x1 .\ARM_GCC_541\Debug\I2C_Mouse.a(USBFS_1.o)
                0x1fff816f                USBFS_1_initVar
 .bss           0x1fff8170        0x2 .\ARM_GCC_541\Debug\I2C_Mouse.a(USBFS_1_std.o)
 .bss           0x1fff8172        0x2 .\ARM_GCC_541\Debug\I2C_Mouse.a(UART.o)
                0x1fff8172                UART_initVar
 .bss           0x1fff8174        0x1 .\ARM_GCC_541\Debug\I2C_Mouse.a(I2C.o)
                0x1fff8174                I2C_initVar
 *fill*         0x1fff8175        0x3 
 .bss           0x1fff8178        0xc .\ARM_GCC_541\Debug\I2C_Mouse.a(ADC.o)
                0x1fff8178                ADC_initVar
 .bss           0x1fff8184        0x1 .\ARM_GCC_541\Debug\I2C_Mouse.a(ADC_SAR.o)
                0x1fff8184                ADC_SAR_initVar
 *fill*         0x1fff8185        0x3 
 .bss.__malloc_sbrk_start
                0x1fff8188        0x4 c:/program files (x86)/cypress/psoc creator/4.4/psoc creator/import/gnu/arm/5.4.1/bin/../lib/gcc/arm-none-eabi/5.4.1/../../../../arm-none-eabi/lib/armv7-m\libg_nano.a(lib_a-nano-mallocr.o)
                0x1fff8188                __malloc_sbrk_start
 .bss.__malloc_free_list
                0x1fff818c        0x4 c:/program files (x86)/cypress/psoc creator/4.4/psoc creator/import/gnu/arm/5.4.1/bin/../lib/gcc/arm-none-eabi/5.4.1/../../../../arm-none-eabi/lib/armv7-m\libg_nano.a(lib_a-nano-mallocr.o)
                0x1fff818c                __malloc_free_list
 *(COMMON)
 COMMON         0x1fff8190       0x96 .\ARM_GCC_541\Debug\I2C_Mouse.a(USBFS_1_drv.o)
                0x1fff8190                USBFS_1_lastPacketSize
                0x1fff8192                USBFS_1_transferByteCount
                0x1fff8194                USBFS_1_interfaceSetting
                0x1fff8198                USBFS_1_interfaceClass
                0x1fff819c                USBFS_1_device
                0x1fff819d                USBFS_1_deviceAddress
                0x1fff819e                USBFS_1_ep0Count
                0x1fff819f                USBFS_1_ep0Mode
                0x1fff81a0                USBFS_1_currentTD
                0x1fff81ac                USBFS_1_configuration
                0x1fff81b0                USBFS_1_interfaceSettingLast
                0x1fff81b1                USBFS_1_interfaceNumber
                0x1fff81b2                USBFS_1_configurationChanged
                0x1fff81b3                USBFS_1_transferState
                0x1fff81b4                USBFS_1_EP
                0x1fff8220                USBFS_1_ep0Toggle
                0x1fff8224                USBFS_1_interfaceStatus
                0x1fff8225                USBFS_1_deviceStatus
 *fill*         0x1fff8226        0x2 
 COMMON         0x1fff8228        0x9 .\ARM_GCC_541\Debug\I2C_Mouse.a(USBFS_1_hid.o)
                0x1fff8228                USBFS_1_hidIdleTimer
                0x1fff822c                USBFS_1_hidIdleRate
                0x1fff8230                USBFS_1_hidProtocol
 COMMON         0x1fff8231        0x1 .\ARM_GCC_541\Debug\I2C_Mouse.a(I2C.o)
                0x1fff8231                I2C_state
 *fill*         0x1fff8232        0x2 
 COMMON         0x1fff8234       0x10 .\ARM_GCC_541\Debug\I2C_Mouse.a(I2C_MASTER.o)
                0x1fff8234                I2C_mstrWrBufIndex
                0x1fff8235                I2C_mstrWrBufSize
                0x1fff8236                I2C_mstrStatus
                0x1fff8238                I2C_mstrRdBufPtr
                0x1fff823c                I2C_mstrControl
                0x1fff823d                I2C_mstrRdBufSize
                0x1fff823e                I2C_mstrRdBufIndex
                0x1fff8240                I2C_mstrWrBufPtr
 COMMON         0x1fff8244        0x4 .\ARM_GCC_541\Debug\I2C_Mouse.a(ADC.o)
                0x1fff8244                ADC_finalArray
 COMMON         0x1fff8248        0xa .\ARM_GCC_541\Debug\I2C_Mouse.a(ADC_SAR.o)
                0x1fff8248                ADC_SAR_countsPerVolt
                0x1fff824a                ADC_SAR_shift
                0x1fff824c                ADC_SAR_countsPer10Volt
                0x1fff8250                ADC_SAR_offset
 *fill*         0x1fff8252        0x2 
 COMMON         0x1fff8254        0x8 .\ARM_GCC_541\Debug\I2C_Mouse.a(USBFS_1_descr.o)
                0x1fff8254                USBFS_1_DEVICE0_CONFIGURATION0_INTERFACE0_ALTERNATE0_HID_IN_RPT_SCB
                0x1fff8258                USBFS_1_DEVICE0_CONFIGURATION0_INTERFACE0_ALTERNATE0_HID_IN_BUF
 COMMON         0x1fff825c        0x4 c:/program files (x86)/cypress/psoc creator/4.4/psoc creator/import/gnu/arm/5.4.1/bin/../lib/gcc/arm-none-eabi/5.4.1/../../../../arm-none-eabi/lib/armv7-m\libg_nano.a(lib_a-reent.o)
                0x1fff825c                errno
                0x1fff8260                . = ALIGN (0x8)
 *(.ram.b)
                0x1fff8260                _end = .
                0x1fff8260                __end = .
                0x1fff8260                PROVIDE (end, .)
                0x1fff8260                PROVIDE (__bss_end__, .)
                0x00005900                __cy_region_init_ram = LOADADDR (.data)
                0x00000088                __cy_region_init_size_ram = (_edata - ADDR (.data))
                0x00000110                __cy_region_zero_size_ram = (_end - _edata)

.heap           0x1fff8260       0x80 load address 0x00005988
                0x1fff8260                . = _end
                0x1fff82e0                . = (. + 0x80)
 *fill*         0x1fff8260       0x80 
                0x1fff82e0                __cy_heap_limit = .

.stack          0x20007800      0x800
                0x20007800                __cy_stack_limit = .
                0x20008000                . = (. + 0x800)
 *fill*         0x20007800      0x800 
                0x00000001                ASSERT ((__cy_stack_limit >= __cy_heap_limit), region RAM overflowed with stack)
                0x00000000                cy_checksum_exclude_size = (CY_APPL_LOADABLE == 0x1)?SIZEOF (.cy_checksum_exclude):0x0
                0x00000001                ASSERT ((cy_checksum_exclude_size <= CY_CHECKSUM_EXCLUDE_SIZE), CY_BOOT: Section .cy_checksum_exclude size exceedes specified limit.)

.cyloadermeta
 *(.cyloadermeta)

.cyloadablemeta
 *(.cyloadablemeta)

.cyconfigecc    0x80000000        0x1
 *(.cyconfigecc)
 .cyconfigecc   0x80000000        0x1 .\ARM_GCC_541\Debug\cymetadata.o
                0x80000000                cy_meta_configecc

.cycustnvl      0x90000000        0x4
 *(.cycustnvl)
 .cycustnvl     0x90000000        0x4 .\ARM_GCC_541\Debug\cymetadata.o
                0x90000000                cy_meta_custnvl

.cywolatch      0x90100000        0x4
 *(.cywolatch)
 .cywolatch     0x90100000        0x4 .\ARM_GCC_541\Debug\cymetadata.o
                0x90100000                cy_meta_wonvl

.cyeeprom       0x90200000        0x0
 *(.cyeeprom)
                0x00000001                ASSERT ((. <= ((0x90200000 + ee_offset) + ee_size)), .cyeeprom data will not fit in EEPROM)

.cyflashprotect
                0x90400000      0x100
 *(.cyflashprotect)
 .cyflashprotect
                0x90400000      0x100 .\ARM_GCC_541\Debug\cymetadata.o
                0x90400000                cy_meta_flashprotect

.cymeta         0x90500000        0xc
 *(.cymeta)
 .cymeta        0x90500000        0xc .\ARM_GCC_541\Debug\cymetadata.o
                0x90500000                cy_metadata

.rel.dyn        0x00005988        0x0 load address 0x9050000c
 .rel.iplt      0x00005988        0x0 c:/program files (x86)/cypress/psoc creator/4.4/psoc creator/import/gnu/arm/5.4.1/bin/../lib/gcc/arm-none-eabi/5.4.1/armv7-m/crtbegin.o

.stab
 *(.stab)

.stabstr
 *(.stabstr)

.debug
 *(.debug)

.line
 *(.line)

.debug_srcinfo
 *(.debug_srcinfo)

.debug_sfnames
 *(.debug_sfnames)

.debug_aranges  0x00000000      0xe30
 *(.debug_aranges)
 .debug_aranges
                0x00000000       0x20 .\ARM_GCC_541\Debug\main.o
 .debug_aranges
                0x00000020       0x60 .\ARM_GCC_541\Debug\cyfitter_cfg.o
 .debug_aranges
                0x00000080       0x18 .\ARM_GCC_541\Debug\cymetadata.o
 .debug_aranges
                0x00000098       0x48 .\ARM_GCC_541\Debug\Cm3Start.o
 .debug_aranges
                0x000000e0       0xc8 .\ARM_GCC_541\Debug\I2C_Mouse.a(USBFS_1.o)
 .debug_aranges
                0x000001a8       0x98 .\ARM_GCC_541\Debug\I2C_Mouse.a(USBFS_1_drv.o)
 .debug_aranges
                0x00000240       0x30 .\ARM_GCC_541\Debug\I2C_Mouse.a(USBFS_1_episr.o)
 .debug_aranges
                0x00000270       0x48 .\ARM_GCC_541\Debug\I2C_Mouse.a(USBFS_1_hid.o)
 .debug_aranges
                0x000002b8       0x40 .\ARM_GCC_541\Debug\I2C_Mouse.a(USBFS_1_pm.o)
 .debug_aranges
                0x000002f8       0x78 .\ARM_GCC_541\Debug\I2C_Mouse.a(USBFS_1_std.o)
 .debug_aranges
                0x00000370       0x20 .\ARM_GCC_541\Debug\I2C_Mouse.a(USBFS_1_vnd.o)
 .debug_aranges
                0x00000390       0x38 .\ARM_GCC_541\Debug\I2C_Mouse.a(SW.o)
 .debug_aranges
                0x000003c8       0xf0 .\ARM_GCC_541\Debug\I2C_Mouse.a(UART.o)
 .debug_aranges
                0x000004b8       0x48 .\ARM_GCC_541\Debug\I2C_Mouse.a(USBFS_1_Dp.o)
 .debug_aranges
                0x00000500       0x70 .\ARM_GCC_541\Debug\I2C_Mouse.a(UART_IntClock.o)
 .debug_aranges
                0x00000570       0xd8 .\ARM_GCC_541\Debug\I2C_Mouse.a(CyDmac.o)
 .debug_aranges
                0x00000648      0x2a0 .\ARM_GCC_541\Debug\I2C_Mouse.a(CyLib.o)
 .debug_aranges
                0x000008e8       0x98 .\ARM_GCC_541\Debug\I2C_Mouse.a(cyPm.o)
 .debug_aranges
                0x00000980       0x38 .\ARM_GCC_541\Debug\I2C_Mouse.a(I2C.o)
 .debug_aranges
                0x000009b8       0x20 .\ARM_GCC_541\Debug\I2C_Mouse.a(I2C_INT.o)
 .debug_aranges
                0x000009d8       0x38 .\ARM_GCC_541\Debug\I2C_Mouse.a(I2C_PM.o)
 .debug_aranges
                0x00000a10       0x80 .\ARM_GCC_541\Debug\I2C_Mouse.a(I2C_MASTER.o)
 .debug_aranges
                0x00000a90       0xa0 .\ARM_GCC_541\Debug\I2C_Mouse.a(ADC.o)
 .debug_aranges
                0x00000b30       0x20 .\ARM_GCC_541\Debug\I2C_Mouse.a(ADC_INT.o)
 .debug_aranges
                0x00000b50       0xa8 .\ARM_GCC_541\Debug\I2C_Mouse.a(ADC_SAR.o)
 .debug_aranges
                0x00000bf8       0x28 .\ARM_GCC_541\Debug\I2C_Mouse.a(ADC_TempBuf_dma.o)
 .debug_aranges
                0x00000c20       0x28 .\ARM_GCC_541\Debug\I2C_Mouse.a(ADC_FinalBuf_dma.o)
 .debug_aranges
                0x00000c48       0x80 .\ARM_GCC_541\Debug\I2C_Mouse.a(ADC_IRQ.o)
 .debug_aranges
                0x00000cc8       0x20 .\ARM_GCC_541\Debug\I2C_Mouse.a(CyBootAsmGnu.o)
 .debug_aranges
                0x00000ce8       0x20 .\ARM_GCC_541\Debug\I2C_Mouse.a(USBFS_1_cls.o)
 .debug_aranges
                0x00000d08       0x18 .\ARM_GCC_541\Debug\I2C_Mouse.a(USBFS_1_descr.o)
 .debug_aranges
                0x00000d20       0x90 .\ARM_GCC_541\Debug\I2C_Mouse.a(CyFlash.o)
 .debug_aranges
                0x00000db0       0x80 .\ARM_GCC_541\Debug\I2C_Mouse.a(CySpc.o)

.debug_pubnames
 *(.debug_pubnames)

.debug_info     0x00000000     0x7327
 *(.debug_info .gnu.linkonce.wi.*)
 .debug_info    0x00000000      0x16d .\ARM_GCC_541\Debug\main.o
 .debug_info    0x0000016d      0x4ca .\ARM_GCC_541\Debug\cyfitter_cfg.o
 .debug_info    0x00000637      0x134 .\ARM_GCC_541\Debug\cymetadata.o
 .debug_info    0x0000076b      0x32b .\ARM_GCC_541\Debug\Cm3Start.o
 .debug_info    0x00000a96      0x747 .\ARM_GCC_541\Debug\I2C_Mouse.a(USBFS_1.o)
 .debug_info    0x000011dd      0x52d .\ARM_GCC_541\Debug\I2C_Mouse.a(USBFS_1_drv.o)
 .debug_info    0x0000170a      0x219 .\ARM_GCC_541\Debug\I2C_Mouse.a(USBFS_1_episr.o)
 .debug_info    0x00001923      0x37b .\ARM_GCC_541\Debug\I2C_Mouse.a(USBFS_1_hid.o)
 .debug_info    0x00001c9e      0x18d .\ARM_GCC_541\Debug\I2C_Mouse.a(USBFS_1_pm.o)
 .debug_info    0x00001e2b      0x877 .\ARM_GCC_541\Debug\I2C_Mouse.a(USBFS_1_std.o)
 .debug_info    0x000026a2       0xef .\ARM_GCC_541\Debug\I2C_Mouse.a(USBFS_1_vnd.o)
 .debug_info    0x00002791      0x11e .\ARM_GCC_541\Debug\I2C_Mouse.a(SW.o)
 .debug_info    0x000028af      0x50a .\ARM_GCC_541\Debug\I2C_Mouse.a(UART.o)
 .debug_info    0x00002db9      0x171 .\ARM_GCC_541\Debug\I2C_Mouse.a(USBFS_1_Dp.o)
 .debug_info    0x00002f2a      0x25d .\ARM_GCC_541\Debug\I2C_Mouse.a(UART_IntClock.o)
 .debug_info    0x00003187      0x8c0 .\ARM_GCC_541\Debug\I2C_Mouse.a(CyDmac.o)
 .debug_info    0x00003a47      0xe51 .\ARM_GCC_541\Debug\I2C_Mouse.a(CyLib.o)
 .debug_info    0x00004898      0x57a .\ARM_GCC_541\Debug\I2C_Mouse.a(cyPm.o)
 .debug_info    0x00004e12      0x201 .\ARM_GCC_541\Debug\I2C_Mouse.a(I2C.o)
 .debug_info    0x00005013      0x156 .\ARM_GCC_541\Debug\I2C_Mouse.a(I2C_INT.o)
 .debug_info    0x00005169      0x19a .\ARM_GCC_541\Debug\I2C_Mouse.a(I2C_PM.o)
 .debug_info    0x00005303      0x3f8 .\ARM_GCC_541\Debug\I2C_Mouse.a(I2C_MASTER.o)
 .debug_info    0x000056fb      0x3ab .\ARM_GCC_541\Debug\I2C_Mouse.a(ADC.o)
 .debug_info    0x00005aa6       0xa0 .\ARM_GCC_541\Debug\I2C_Mouse.a(ADC_INT.o)
 .debug_info    0x00005b46      0x462 .\ARM_GCC_541\Debug\I2C_Mouse.a(ADC_SAR.o)
 .debug_info    0x00005fa8      0x11b .\ARM_GCC_541\Debug\I2C_Mouse.a(ADC_TempBuf_dma.o)
 .debug_info    0x000060c3      0x11b .\ARM_GCC_541\Debug\I2C_Mouse.a(ADC_FinalBuf_dma.o)
 .debug_info    0x000061de      0x241 .\ARM_GCC_541\Debug\I2C_Mouse.a(ADC_IRQ.o)
 .debug_info    0x0000641f       0xd1 .\ARM_GCC_541\Debug\I2C_Mouse.a(CyBootAsmGnu.o)
 .debug_info    0x000064f0      0x1c8 .\ARM_GCC_541\Debug\I2C_Mouse.a(USBFS_1_cls.o)
 .debug_info    0x000066b8      0x39f .\ARM_GCC_541\Debug\I2C_Mouse.a(USBFS_1_descr.o)
 .debug_info    0x00006a57      0x410 .\ARM_GCC_541\Debug\I2C_Mouse.a(CyFlash.o)
 .debug_info    0x00006e67      0x4c0 .\ARM_GCC_541\Debug\I2C_Mouse.a(CySpc.o)

.debug_abbrev   0x00000000     0x2340
 *(.debug_abbrev)
 .debug_abbrev  0x00000000       0xa0 .\ARM_GCC_541\Debug\main.o
 .debug_abbrev  0x000000a0      0x1a8 .\ARM_GCC_541\Debug\cyfitter_cfg.o
 .debug_abbrev  0x00000248       0x5d .\ARM_GCC_541\Debug\cymetadata.o
 .debug_abbrev  0x000002a5      0x1d6 .\ARM_GCC_541\Debug\Cm3Start.o
 .debug_abbrev  0x0000047b      0x1f3 .\ARM_GCC_541\Debug\I2C_Mouse.a(USBFS_1.o)
 .debug_abbrev  0x0000066e      0x161 .\ARM_GCC_541\Debug\I2C_Mouse.a(USBFS_1_drv.o)
 .debug_abbrev  0x000007cf       0xfd .\ARM_GCC_541\Debug\I2C_Mouse.a(USBFS_1_episr.o)
 .debug_abbrev  0x000008cc      0x15e .\ARM_GCC_541\Debug\I2C_Mouse.a(USBFS_1_hid.o)
 .debug_abbrev  0x00000a2a       0xd1 .\ARM_GCC_541\Debug\I2C_Mouse.a(USBFS_1_pm.o)
 .debug_abbrev  0x00000afb      0x1b9 .\ARM_GCC_541\Debug\I2C_Mouse.a(USBFS_1_std.o)
 .debug_abbrev  0x00000cb4       0x9b .\ARM_GCC_541\Debug\I2C_Mouse.a(USBFS_1_vnd.o)
 .debug_abbrev  0x00000d4f       0x90 .\ARM_GCC_541\Debug\I2C_Mouse.a(SW.o)
 .debug_abbrev  0x00000ddf      0x163 .\ARM_GCC_541\Debug\I2C_Mouse.a(UART.o)
 .debug_abbrev  0x00000f42       0x90 .\ARM_GCC_541\Debug\I2C_Mouse.a(USBFS_1_Dp.o)
 .debug_abbrev  0x00000fd2      0x11d .\ARM_GCC_541\Debug\I2C_Mouse.a(UART_IntClock.o)
 .debug_abbrev  0x000010ef      0x194 .\ARM_GCC_541\Debug\I2C_Mouse.a(CyDmac.o)
 .debug_abbrev  0x00001283      0x217 .\ARM_GCC_541\Debug\I2C_Mouse.a(CyLib.o)
 .debug_abbrev  0x0000149a      0x161 .\ARM_GCC_541\Debug\I2C_Mouse.a(cyPm.o)
 .debug_abbrev  0x000015fb       0xe2 .\ARM_GCC_541\Debug\I2C_Mouse.a(I2C.o)
 .debug_abbrev  0x000016dd       0x81 .\ARM_GCC_541\Debug\I2C_Mouse.a(I2C_INT.o)
 .debug_abbrev  0x0000175e       0xf8 .\ARM_GCC_541\Debug\I2C_Mouse.a(I2C_PM.o)
 .debug_abbrev  0x00001856      0x11e .\ARM_GCC_541\Debug\I2C_Mouse.a(I2C_MASTER.o)
 .debug_abbrev  0x00001974      0x155 .\ARM_GCC_541\Debug\I2C_Mouse.a(ADC.o)
 .debug_abbrev  0x00001ac9       0x42 .\ARM_GCC_541\Debug\I2C_Mouse.a(ADC_INT.o)
 .debug_abbrev  0x00001b0b      0x173 .\ARM_GCC_541\Debug\I2C_Mouse.a(ADC_SAR.o)
 .debug_abbrev  0x00001c7e       0x8b .\ARM_GCC_541\Debug\I2C_Mouse.a(ADC_TempBuf_dma.o)
 .debug_abbrev  0x00001d09       0x8b .\ARM_GCC_541\Debug\I2C_Mouse.a(ADC_FinalBuf_dma.o)
 .debug_abbrev  0x00001d94      0x172 .\ARM_GCC_541\Debug\I2C_Mouse.a(ADC_IRQ.o)
 .debug_abbrev  0x00001f06       0x14 .\ARM_GCC_541\Debug\I2C_Mouse.a(CyBootAsmGnu.o)
 .debug_abbrev  0x00001f1a       0xc5 .\ARM_GCC_541\Debug\I2C_Mouse.a(USBFS_1_cls.o)
 .debug_abbrev  0x00001fdf       0xaa .\ARM_GCC_541\Debug\I2C_Mouse.a(USBFS_1_descr.o)
 .debug_abbrev  0x00002089      0x14b .\ARM_GCC_541\Debug\I2C_Mouse.a(CyFlash.o)
 .debug_abbrev  0x000021d4      0x16c .\ARM_GCC_541\Debug\I2C_Mouse.a(CySpc.o)

.debug_line     0x00000000     0x397f
 *(.debug_line)
 .debug_line    0x00000000      0x1d0 .\ARM_GCC_541\Debug\main.o
 .debug_line    0x000001d0      0x204 .\ARM_GCC_541\Debug\cyfitter_cfg.o
 .debug_line    0x000003d4      0x141 .\ARM_GCC_541\Debug\cymetadata.o
 .debug_line    0x00000515      0x1db .\ARM_GCC_541\Debug\Cm3Start.o
 .debug_line    0x000006f0      0x31f .\ARM_GCC_541\Debug\I2C_Mouse.a(USBFS_1.o)
 .debug_line    0x00000a0f      0x21f .\ARM_GCC_541\Debug\I2C_Mouse.a(USBFS_1_drv.o)
 .debug_line    0x00000c2e       0xb6 .\ARM_GCC_541\Debug\I2C_Mouse.a(USBFS_1_episr.o)
 .debug_line    0x00000ce4      0x179 .\ARM_GCC_541\Debug\I2C_Mouse.a(USBFS_1_hid.o)
 .debug_line    0x00000e5d       0xe6 .\ARM_GCC_541\Debug\I2C_Mouse.a(USBFS_1_pm.o)
 .debug_line    0x00000f43      0x410 .\ARM_GCC_541\Debug\I2C_Mouse.a(USBFS_1_std.o)
 .debug_line    0x00001353       0x79 .\ARM_GCC_541\Debug\I2C_Mouse.a(USBFS_1_vnd.o)
 .debug_line    0x000013cc       0x92 .\ARM_GCC_541\Debug\I2C_Mouse.a(SW.o)
 .debug_line    0x0000145e      0x2e2 .\ARM_GCC_541\Debug\I2C_Mouse.a(UART.o)
 .debug_line    0x00001740       0xbf .\ARM_GCC_541\Debug\I2C_Mouse.a(USBFS_1_Dp.o)
 .debug_line    0x000017ff      0x1ac .\ARM_GCC_541\Debug\I2C_Mouse.a(UART_IntClock.o)
 .debug_line    0x000019ab      0x2b6 .\ARM_GCC_541\Debug\I2C_Mouse.a(CyDmac.o)
 .debug_line    0x00001c61      0x883 .\ARM_GCC_541\Debug\I2C_Mouse.a(CyLib.o)
 .debug_line    0x000024e4      0x38e .\ARM_GCC_541\Debug\I2C_Mouse.a(cyPm.o)
 .debug_line    0x00002872       0xd5 .\ARM_GCC_541\Debug\I2C_Mouse.a(I2C.o)
 .debug_line    0x00002947      0x13b .\ARM_GCC_541\Debug\I2C_Mouse.a(I2C_INT.o)
 .debug_line    0x00002a82       0xbb .\ARM_GCC_541\Debug\I2C_Mouse.a(I2C_PM.o)
 .debug_line    0x00002b3d      0x1e8 .\ARM_GCC_541\Debug\I2C_Mouse.a(I2C_MASTER.o)
 .debug_line    0x00002d25      0x1bf .\ARM_GCC_541\Debug\I2C_Mouse.a(ADC.o)
 .debug_line    0x00002ee4       0x53 .\ARM_GCC_541\Debug\I2C_Mouse.a(ADC_INT.o)
 .debug_line    0x00002f37      0x205 .\ARM_GCC_541\Debug\I2C_Mouse.a(ADC_SAR.o)
 .debug_line    0x0000313c       0x7e .\ARM_GCC_541\Debug\I2C_Mouse.a(ADC_TempBuf_dma.o)
 .debug_line    0x000031ba       0x7f .\ARM_GCC_541\Debug\I2C_Mouse.a(ADC_FinalBuf_dma.o)
 .debug_line    0x00003239      0x142 .\ARM_GCC_541\Debug\I2C_Mouse.a(ADC_IRQ.o)
 .debug_line    0x0000337b       0x7d .\ARM_GCC_541\Debug\I2C_Mouse.a(CyBootAsmGnu.o)
 .debug_line    0x000033f8       0x93 .\ARM_GCC_541\Debug\I2C_Mouse.a(USBFS_1_cls.o)
 .debug_line    0x0000348b       0x61 .\ARM_GCC_541\Debug\I2C_Mouse.a(USBFS_1_descr.o)
 .debug_line    0x000034ec      0x242 .\ARM_GCC_541\Debug\I2C_Mouse.a(CyFlash.o)
 .debug_line    0x0000372e      0x251 .\ARM_GCC_541\Debug\I2C_Mouse.a(CySpc.o)

.debug_frame    0x00000000     0x3a9c
 *(.debug_frame)
 .debug_frame   0x00000000       0x38 .\ARM_GCC_541\Debug\main.o
 .debug_frame   0x00000038      0x16c .\ARM_GCC_541\Debug\cyfitter_cfg.o
 .debug_frame   0x000001a4       0xd8 .\ARM_GCC_541\Debug\Cm3Start.o
 .debug_frame   0x0000027c      0x380 .\ARM_GCC_541\Debug\I2C_Mouse.a(USBFS_1.o)
 .debug_frame   0x000005fc      0x23c .\ARM_GCC_541\Debug\I2C_Mouse.a(USBFS_1_drv.o)
 .debug_frame   0x00000838       0x74 .\ARM_GCC_541\Debug\I2C_Mouse.a(USBFS_1_episr.o)
 .debug_frame   0x000008ac      0x100 .\ARM_GCC_541\Debug\I2C_Mouse.a(USBFS_1_hid.o)
 .debug_frame   0x000009ac       0xbc .\ARM_GCC_541\Debug\I2C_Mouse.a(USBFS_1_pm.o)
 .debug_frame   0x00000a68      0x1f8 .\ARM_GCC_541\Debug\I2C_Mouse.a(USBFS_1_std.o)
 .debug_frame   0x00000c60       0x38 .\ARM_GCC_541\Debug\I2C_Mouse.a(USBFS_1_vnd.o)
 .debug_frame   0x00000c98       0xa8 .\ARM_GCC_541\Debug\I2C_Mouse.a(SW.o)
 .debug_frame   0x00000d40      0x42c .\ARM_GCC_541\Debug\I2C_Mouse.a(UART.o)
 .debug_frame   0x0000116c       0xf4 .\ARM_GCC_541\Debug\I2C_Mouse.a(USBFS_1_Dp.o)
 .debug_frame   0x00001260      0x1b4 .\ARM_GCC_541\Debug\I2C_Mouse.a(UART_IntClock.o)
 .debug_frame   0x00001414      0x3d0 .\ARM_GCC_541\Debug\I2C_Mouse.a(CyDmac.o)
 .debug_frame   0x000017e4      0xc0c .\ARM_GCC_541\Debug\I2C_Mouse.a(CyLib.o)
 .debug_frame   0x000023f0      0x234 .\ARM_GCC_541\Debug\I2C_Mouse.a(cyPm.o)
 .debug_frame   0x00002624       0x98 .\ARM_GCC_541\Debug\I2C_Mouse.a(I2C.o)
 .debug_frame   0x000026bc       0x38 .\ARM_GCC_541\Debug\I2C_Mouse.a(I2C_INT.o)
 .debug_frame   0x000026f4       0x94 .\ARM_GCC_541\Debug\I2C_Mouse.a(I2C_PM.o)
 .debug_frame   0x00002788      0x208 .\ARM_GCC_541\Debug\I2C_Mouse.a(I2C_MASTER.o)
 .debug_frame   0x00002990      0x264 .\ARM_GCC_541\Debug\I2C_Mouse.a(ADC.o)
 .debug_frame   0x00002bf4       0x34 .\ARM_GCC_541\Debug\I2C_Mouse.a(ADC_INT.o)
 .debug_frame   0x00002c28      0x2bc .\ARM_GCC_541\Debug\I2C_Mouse.a(ADC_SAR.o)
 .debug_frame   0x00002ee4       0x58 .\ARM_GCC_541\Debug\I2C_Mouse.a(ADC_TempBuf_dma.o)
 .debug_frame   0x00002f3c       0x58 .\ARM_GCC_541\Debug\I2C_Mouse.a(ADC_FinalBuf_dma.o)
 .debug_frame   0x00002f94      0x1e8 .\ARM_GCC_541\Debug\I2C_Mouse.a(ADC_IRQ.o)
 .debug_frame   0x0000317c       0x38 .\ARM_GCC_541\Debug\I2C_Mouse.a(USBFS_1_cls.o)
 .debug_frame   0x000031b4      0x260 .\ARM_GCC_541\Debug\I2C_Mouse.a(CyFlash.o)
 .debug_frame   0x00003414      0x228 .\ARM_GCC_541\Debug\I2C_Mouse.a(CySpc.o)
 .debug_frame   0x0000363c       0x44 c:/program files (x86)/cypress/psoc creator/4.4/psoc creator/import/gnu/arm/5.4.1/bin/../lib/gcc/arm-none-eabi/5.4.1/armv7-m\libgcc.a(_aeabi_ldivmod.o)
 .debug_frame   0x00003680       0x38 c:/program files (x86)/cypress/psoc creator/4.4/psoc creator/import/gnu/arm/5.4.1/bin/../lib/gcc/arm-none-eabi/5.4.1/armv7-m\libgcc.a(_udivmoddi4.o)
 .debug_frame   0x000036b8       0x20 c:/program files (x86)/cypress/psoc creator/4.4/psoc creator/import/gnu/arm/5.4.1/bin/../lib/gcc/arm-none-eabi/5.4.1/../../../../arm-none-eabi/lib/armv7-m\libg_nano.a(lib_a-errno.o)
 .debug_frame   0x000036d8       0x28 c:/program files (x86)/cypress/psoc creator/4.4/psoc creator/import/gnu/arm/5.4.1/bin/../lib/gcc/arm-none-eabi/5.4.1/../../../../arm-none-eabi/lib/armv7-m\libg_nano.a(lib_a-exit.o)
 .debug_frame   0x00003700       0x2c c:/program files (x86)/cypress/psoc creator/4.4/psoc creator/import/gnu/arm/5.4.1/bin/../lib/gcc/arm-none-eabi/5.4.1/../../../../arm-none-eabi/lib/armv7-m\libg_nano.a(lib_a-init.o)
 .debug_frame   0x0000372c       0x28 c:/program files (x86)/cypress/psoc creator/4.4/psoc creator/import/gnu/arm/5.4.1/bin/../lib/gcc/arm-none-eabi/5.4.1/../../../../arm-none-eabi/lib/armv7-m\libg_nano.a(lib_a-memcpy-stub.o)
 .debug_frame   0x00003754       0x20 c:/program files (x86)/cypress/psoc creator/4.4/psoc creator/import/gnu/arm/5.4.1/bin/../lib/gcc/arm-none-eabi/5.4.1/../../../../arm-none-eabi/lib/armv7-m\libg_nano.a(lib_a-memset.o)
 .debug_frame   0x00003774       0x70 c:/program files (x86)/cypress/psoc creator/4.4/psoc creator/import/gnu/arm/5.4.1/bin/../lib/gcc/arm-none-eabi/5.4.1/../../../../arm-none-eabi/lib/armv7-m\libg_nano.a(lib_a-sprintf.o)
 .debug_frame   0x000037e4       0x90 c:/program files (x86)/cypress/psoc creator/4.4/psoc creator/import/gnu/arm/5.4.1/bin/../lib/gcc/arm-none-eabi/5.4.1/../../../../arm-none-eabi/lib/armv7-m\libg_nano.a(lib_a-nano-svfprintf.o)
 .debug_frame   0x00003874       0x60 c:/program files (x86)/cypress/psoc creator/4.4/psoc creator/import/gnu/arm/5.4.1/bin/../lib/gcc/arm-none-eabi/5.4.1/../../../../arm-none-eabi/lib/armv7-m\libg_nano.a(lib_a-nano-vfprintf_i.o)
 .debug_frame   0x000038d4       0x28 c:/program files (x86)/cypress/psoc creator/4.4/psoc creator/import/gnu/arm/5.4.1/bin/../lib/gcc/arm-none-eabi/5.4.1/../../../../arm-none-eabi/lib/armv7-m\libg_nano.a(lib_a-memchr-stub.o)
 .debug_frame   0x000038fc       0x28 c:/program files (x86)/cypress/psoc creator/4.4/psoc creator/import/gnu/arm/5.4.1/bin/../lib/gcc/arm-none-eabi/5.4.1/../../../../arm-none-eabi/lib/armv7-m\libg_nano.a(lib_a-memmove.o)
 .debug_frame   0x00003924       0x38 c:/program files (x86)/cypress/psoc creator/4.4/psoc creator/import/gnu/arm/5.4.1/bin/../lib/gcc/arm-none-eabi/5.4.1/../../../../arm-none-eabi/lib/armv7-m\libg_nano.a(lib_a-nano-freer.o)
 .debug_frame   0x0000395c       0x2c c:/program files (x86)/cypress/psoc creator/4.4/psoc creator/import/gnu/arm/5.4.1/bin/../lib/gcc/arm-none-eabi/5.4.1/../../../../arm-none-eabi/lib/armv7-m\libg_nano.a(lib_a-nano-mallocr.o)
 .debug_frame   0x00003988       0x3c c:/program files (x86)/cypress/psoc creator/4.4/psoc creator/import/gnu/arm/5.4.1/bin/../lib/gcc/arm-none-eabi/5.4.1/../../../../arm-none-eabi/lib/armv7-m\libg_nano.a(lib_a-nano-reallocr.o)
 .debug_frame   0x000039c4       0x2c c:/program files (x86)/cypress/psoc creator/4.4/psoc creator/import/gnu/arm/5.4.1/bin/../lib/gcc/arm-none-eabi/5.4.1/../../../../arm-none-eabi/lib/armv7-m\libg_nano.a(lib_a-sbrkr.o)
 .debug_frame   0x000039f0       0x30 c:/program files (x86)/cypress/psoc creator/4.4/psoc creator/import/gnu/arm/5.4.1/bin/../lib/gcc/arm-none-eabi/5.4.1/../../../../arm-none-eabi/lib/armv7-m\libg_nano.a(lib_a-mlock.o)
 .debug_frame   0x00003a20       0x20 c:/program files (x86)/cypress/psoc creator/4.4/psoc creator/import/gnu/arm/5.4.1/bin/../lib/gcc/arm-none-eabi/5.4.1/../../../../arm-none-eabi/lib/armv7-m\libg_nano.a(lib_a-nano-msizer.o)
 .debug_frame   0x00003a40       0x5c c:/program files (x86)/cypress/psoc creator/4.4/psoc creator/import/gnu/arm/5.4.1/bin/../lib/gcc/arm-none-eabi/5.4.1/../../../../arm-none-eabi/lib/armv7-m\libg_nano.a(lib_a-reent.o)

.debug_str      0x00000000     0x3354
 *(.debug_str)
 .debug_str     0x00000000      0x1cc .\ARM_GCC_541\Debug\main.o
                                0x219 (size before relaxing)
 .debug_str     0x000001cc      0x1e5 .\ARM_GCC_541\Debug\cyfitter_cfg.o
                                0x3d1 (size before relaxing)
 .debug_str     0x000003b1       0x7f .\ARM_GCC_541\Debug\cymetadata.o
                                0x225 (size before relaxing)
 .debug_str     0x00000430      0x123 .\ARM_GCC_541\Debug\Cm3Start.o
                                0x318 (size before relaxing)
 .debug_str     0x00000553      0x448 .\ARM_GCC_541\Debug\I2C_Mouse.a(USBFS_1.o)
                                0x640 (size before relaxing)
 .debug_str     0x0000099b      0x30c .\ARM_GCC_541\Debug\I2C_Mouse.a(USBFS_1_drv.o)
                                0x63b (size before relaxing)
 .debug_str     0x00000ca7       0x5e .\ARM_GCC_541\Debug\I2C_Mouse.a(USBFS_1_episr.o)
                                0x2e6 (size before relaxing)
 .debug_str     0x00000d05      0x120 .\ARM_GCC_541\Debug\I2C_Mouse.a(USBFS_1_hid.o)
                                0x3d6 (size before relaxing)
 .debug_str     0x00000e25       0xac .\ARM_GCC_541\Debug\I2C_Mouse.a(USBFS_1_pm.o)
                                0x2ac (size before relaxing)
 .debug_str     0x00000ed1      0x263 .\ARM_GCC_541\Debug\I2C_Mouse.a(USBFS_1_std.o)
                                0x70d (size before relaxing)
 .debug_str     0x00001134       0x3e .\ARM_GCC_541\Debug\I2C_Mouse.a(USBFS_1_vnd.o)
                                0x22e (size before relaxing)
 .debug_str     0x00001172       0x57 .\ARM_GCC_541\Debug\I2C_Mouse.a(SW.o)
                                0x214 (size before relaxing)
 .debug_str     0x000011c9      0x26f .\ARM_GCC_541\Debug\I2C_Mouse.a(UART.o)
                                0x462 (size before relaxing)
 .debug_str     0x00001438       0xb3 .\ARM_GCC_541\Debug\I2C_Mouse.a(USBFS_1_Dp.o)
                                0x282 (size before relaxing)
 .debug_str     0x000014eb      0x1aa .\ARM_GCC_541\Debug\I2C_Mouse.a(UART_IntClock.o)
                                0x377 (size before relaxing)
 .debug_str     0x00001695      0x350 .\ARM_GCC_541\Debug\I2C_Mouse.a(CyDmac.o)
                                0x55e (size before relaxing)
 .debug_str     0x000019e5      0x7d9 .\ARM_GCC_541\Debug\I2C_Mouse.a(CyLib.o)
                                0xa2b (size before relaxing)
 .debug_str     0x000021be      0x371 .\ARM_GCC_541\Debug\I2C_Mouse.a(cyPm.o)
                                0x584 (size before relaxing)
 .debug_str     0x0000252f       0xd2 .\ARM_GCC_541\Debug\I2C_Mouse.a(I2C.o)
                                0x2c7 (size before relaxing)
 .debug_str     0x00002601       0x86 .\ARM_GCC_541\Debug\I2C_Mouse.a(I2C_INT.o)
                                0x299 (size before relaxing)
 .debug_str     0x00002687       0x56 .\ARM_GCC_541\Debug\I2C_Mouse.a(I2C_PM.o)
                                0x27d (size before relaxing)
 .debug_str     0x000026dd      0x170 .\ARM_GCC_541\Debug\I2C_Mouse.a(I2C_MASTER.o)
                                0x3e5 (size before relaxing)
 .debug_str     0x0000284d      0x1b2 .\ARM_GCC_541\Debug\I2C_Mouse.a(ADC.o)
                                0x3c0 (size before relaxing)
 .debug_str     0x000029ff       0x29 .\ARM_GCC_541\Debug\I2C_Mouse.a(ADC_INT.o)
                                0x1e5 (size before relaxing)
 .debug_str     0x00002a28      0x1e4 .\ARM_GCC_541\Debug\I2C_Mouse.a(ADC_SAR.o)
                                0x441 (size before relaxing)
 .debug_str     0x00002c0c       0xab .\ARM_GCC_541\Debug\I2C_Mouse.a(ADC_TempBuf_dma.o)
                                0x274 (size before relaxing)
 .debug_str     0x00002cb7       0x74 .\ARM_GCC_541\Debug\I2C_Mouse.a(ADC_FinalBuf_dma.o)
                                0x278 (size before relaxing)
 .debug_str     0x00002d2b      0x102 .\ARM_GCC_541\Debug\I2C_Mouse.a(ADC_IRQ.o)
                                0x303 (size before relaxing)
 .debug_str     0x00002e2d       0x3f .\ARM_GCC_541\Debug\I2C_Mouse.a(USBFS_1_cls.o)
                                0x2d0 (size before relaxing)
 .debug_str     0x00002e6c      0x254 .\ARM_GCC_541\Debug\I2C_Mouse.a(USBFS_1_descr.o)
                                0x4fd (size before relaxing)
 .debug_str     0x000030c0      0x167 .\ARM_GCC_541\Debug\I2C_Mouse.a(CyFlash.o)
                                0x360 (size before relaxing)
 .debug_str     0x00003227      0x12d .\ARM_GCC_541\Debug\I2C_Mouse.a(CySpc.o)
                                0x342 (size before relaxing)

.debug_loc
 *(.debug_loc)

.debug_macinfo
 *(.debug_macinfo)

.debug_ranges   0x00000000      0xc00
 *(.debug_ranges)
 .debug_ranges  0x00000000       0x10 .\ARM_GCC_541\Debug\main.o
 .debug_ranges  0x00000010       0x50 .\ARM_GCC_541\Debug\cyfitter_cfg.o
 .debug_ranges  0x00000060       0x38 .\ARM_GCC_541\Debug\Cm3Start.o
 .debug_ranges  0x00000098       0xb8 .\ARM_GCC_541\Debug\I2C_Mouse.a(USBFS_1.o)
 .debug_ranges  0x00000150       0x88 .\ARM_GCC_541\Debug\I2C_Mouse.a(USBFS_1_drv.o)
 .debug_ranges  0x000001d8       0x20 .\ARM_GCC_541\Debug\I2C_Mouse.a(USBFS_1_episr.o)
 .debug_ranges  0x000001f8       0x38 .\ARM_GCC_541\Debug\I2C_Mouse.a(USBFS_1_hid.o)
 .debug_ranges  0x00000230       0x30 .\ARM_GCC_541\Debug\I2C_Mouse.a(USBFS_1_pm.o)
 .debug_ranges  0x00000260       0x68 .\ARM_GCC_541\Debug\I2C_Mouse.a(USBFS_1_std.o)
 .debug_ranges  0x000002c8       0x10 .\ARM_GCC_541\Debug\I2C_Mouse.a(USBFS_1_vnd.o)
 .debug_ranges  0x000002d8       0x28 .\ARM_GCC_541\Debug\I2C_Mouse.a(SW.o)
 .debug_ranges  0x00000300       0xe0 .\ARM_GCC_541\Debug\I2C_Mouse.a(UART.o)
 .debug_ranges  0x000003e0       0x38 .\ARM_GCC_541\Debug\I2C_Mouse.a(USBFS_1_Dp.o)
 .debug_ranges  0x00000418       0x60 .\ARM_GCC_541\Debug\I2C_Mouse.a(UART_IntClock.o)
 .debug_ranges  0x00000478       0xc8 .\ARM_GCC_541\Debug\I2C_Mouse.a(CyDmac.o)
 .debug_ranges  0x00000540      0x290 .\ARM_GCC_541\Debug\I2C_Mouse.a(CyLib.o)
 .debug_ranges  0x000007d0       0x88 .\ARM_GCC_541\Debug\I2C_Mouse.a(cyPm.o)
 .debug_ranges  0x00000858       0x28 .\ARM_GCC_541\Debug\I2C_Mouse.a(I2C.o)
 .debug_ranges  0x00000880       0x10 .\ARM_GCC_541\Debug\I2C_Mouse.a(I2C_INT.o)
 .debug_ranges  0x00000890       0x28 .\ARM_GCC_541\Debug\I2C_Mouse.a(I2C_PM.o)
 .debug_ranges  0x000008b8       0x70 .\ARM_GCC_541\Debug\I2C_Mouse.a(I2C_MASTER.o)
 .debug_ranges  0x00000928       0x90 .\ARM_GCC_541\Debug\I2C_Mouse.a(ADC.o)
 .debug_ranges  0x000009b8       0x10 .\ARM_GCC_541\Debug\I2C_Mouse.a(ADC_INT.o)
 .debug_ranges  0x000009c8       0x98 .\ARM_GCC_541\Debug\I2C_Mouse.a(ADC_SAR.o)
 .debug_ranges  0x00000a60       0x18 .\ARM_GCC_541\Debug\I2C_Mouse.a(ADC_TempBuf_dma.o)
 .debug_ranges  0x00000a78       0x18 .\ARM_GCC_541\Debug\I2C_Mouse.a(ADC_FinalBuf_dma.o)
 .debug_ranges  0x00000a90       0x70 .\ARM_GCC_541\Debug\I2C_Mouse.a(ADC_IRQ.o)
 .debug_ranges  0x00000b00       0x10 .\ARM_GCC_541\Debug\I2C_Mouse.a(USBFS_1_cls.o)
 .debug_ranges  0x00000b10       0x80 .\ARM_GCC_541\Debug\I2C_Mouse.a(CyFlash.o)
 .debug_ranges  0x00000b90       0x70 .\ARM_GCC_541\Debug\I2C_Mouse.a(CySpc.o)

.comment        0x00000000       0x6e
 .comment       0x00000000       0x6e .\ARM_GCC_541\Debug\main.o
                                 0x6f (size before relaxing)
 .comment       0x0000006e       0x6f .\ARM_GCC_541\Debug\cyfitter_cfg.o
 .comment       0x0000006e       0x6f .\ARM_GCC_541\Debug\cymetadata.o
 .comment       0x0000006e       0x6f .\ARM_GCC_541\Debug\Cm3Start.o
 .comment       0x0000006e       0x6f .\ARM_GCC_541\Debug\I2C_Mouse.a(USBFS_1.o)
 .comment       0x0000006e       0x6f .\ARM_GCC_541\Debug\I2C_Mouse.a(USBFS_1_drv.o)
 .comment       0x0000006e       0x6f .\ARM_GCC_541\Debug\I2C_Mouse.a(USBFS_1_episr.o)
 .comment       0x0000006e       0x6f .\ARM_GCC_541\Debug\I2C_Mouse.a(USBFS_1_hid.o)
 .comment       0x0000006e       0x6f .\ARM_GCC_541\Debug\I2C_Mouse.a(USBFS_1_pm.o)
 .comment       0x0000006e       0x6f .\ARM_GCC_541\Debug\I2C_Mouse.a(USBFS_1_std.o)
 .comment       0x0000006e       0x6f .\ARM_GCC_541\Debug\I2C_Mouse.a(USBFS_1_vnd.o)
 .comment       0x0000006e       0x6f .\ARM_GCC_541\Debug\I2C_Mouse.a(SW.o)
 .comment       0x0000006e       0x6f .\ARM_GCC_541\Debug\I2C_Mouse.a(UART.o)
 .comment       0x0000006e       0x6f .\ARM_GCC_541\Debug\I2C_Mouse.a(USBFS_1_Dp.o)
 .comment       0x0000006e       0x6f .\ARM_GCC_541\Debug\I2C_Mouse.a(UART_IntClock.o)
 .comment       0x0000006e       0x6f .\ARM_GCC_541\Debug\I2C_Mouse.a(CyDmac.o)
 .comment       0x0000006e       0x6f .\ARM_GCC_541\Debug\I2C_Mouse.a(CyLib.o)
 .comment       0x0000006e       0x6f .\ARM_GCC_541\Debug\I2C_Mouse.a(cyPm.o)
 .comment       0x0000006e       0x6f .\ARM_GCC_541\Debug\I2C_Mouse.a(I2C.o)
 .comment       0x0000006e       0x6f .\ARM_GCC_541\Debug\I2C_Mouse.a(I2C_INT.o)
 .comment       0x0000006e       0x6f .\ARM_GCC_541\Debug\I2C_Mouse.a(I2C_PM.o)
 .comment       0x0000006e       0x6f .\ARM_GCC_541\Debug\I2C_Mouse.a(I2C_MASTER.o)
 .comment       0x0000006e       0x6f .\ARM_GCC_541\Debug\I2C_Mouse.a(ADC.o)
 .comment       0x0000006e       0x6f .\ARM_GCC_541\Debug\I2C_Mouse.a(ADC_INT.o)
 .comment       0x0000006e       0x6f .\ARM_GCC_541\Debug\I2C_Mouse.a(ADC_SAR.o)
 .comment       0x0000006e       0x6f .\ARM_GCC_541\Debug\I2C_Mouse.a(ADC_TempBuf_dma.o)
 .comment       0x0000006e       0x6f .\ARM_GCC_541\Debug\I2C_Mouse.a(ADC_FinalBuf_dma.o)
 .comment       0x0000006e       0x6f .\ARM_GCC_541\Debug\I2C_Mouse.a(ADC_IRQ.o)
 .comment       0x0000006e       0x6f .\ARM_GCC_541\Debug\I2C_Mouse.a(USBFS_1_cls.o)
 .comment       0x0000006e       0x6f .\ARM_GCC_541\Debug\I2C_Mouse.a(USBFS_1_descr.o)
 .comment       0x0000006e       0x6f .\ARM_GCC_541\Debug\I2C_Mouse.a(CyFlash.o)
 .comment       0x0000006e       0x6f .\ARM_GCC_541\Debug\I2C_Mouse.a(CySpc.o)

.debug_weaknames
 *(.debug_weaknames)

.debug_funcnames
 *(.debug_funcnames)

.debug_typenames
 *(.debug_typenames)

.debug_varnames
 *(.debug_varnames)

.note.gnu.arm.ident
 *(.note.gnu.arm.ident)

.ARM.attributes
                0x00000000       0x29
 *(.ARM.attributes)
 .ARM.attributes
                0x00000000       0x1d c:/program files (x86)/cypress/psoc creator/4.4/psoc creator/import/gnu/arm/5.4.1/bin/../lib/gcc/arm-none-eabi/5.4.1/armv7-m/crti.o
 .ARM.attributes
                0x0000001d       0x2d c:/program files (x86)/cypress/psoc creator/4.4/psoc creator/import/gnu/arm/5.4.1/bin/../lib/gcc/arm-none-eabi/5.4.1/armv7-m/crtbegin.o
 .ARM.attributes
                0x0000004a       0x1b c:/program files (x86)/cypress/psoc creator/4.4/psoc creator/import/gnu/arm/5.4.1/bin/../lib/gcc/arm-none-eabi/5.4.1/../../../../arm-none-eabi/lib/armv7-m/crt0.o
 .ARM.attributes
                0x00000065       0x33 .\ARM_GCC_541\Debug\main.o
 .ARM.attributes
                0x00000098       0x33 .\ARM_GCC_541\Debug\cyfitter_cfg.o
 .ARM.attributes
                0x000000cb       0x33 .\ARM_GCC_541\Debug\cymetadata.o
 .ARM.attributes
                0x000000fe       0x33 .\ARM_GCC_541\Debug\Cm3Start.o
 .ARM.attributes
                0x00000131       0x33 .\ARM_GCC_541\Debug\I2C_Mouse.a(USBFS_1.o)
 .ARM.attributes
                0x00000164       0x33 .\ARM_GCC_541\Debug\I2C_Mouse.a(USBFS_1_drv.o)
 .ARM.attributes
                0x00000197       0x33 .\ARM_GCC_541\Debug\I2C_Mouse.a(USBFS_1_episr.o)
 .ARM.attributes
                0x000001ca       0x33 .\ARM_GCC_541\Debug\I2C_Mouse.a(USBFS_1_hid.o)
 .ARM.attributes
                0x000001fd       0x33 .\ARM_GCC_541\Debug\I2C_Mouse.a(USBFS_1_pm.o)
 .ARM.attributes
                0x00000230       0x33 .\ARM_GCC_541\Debug\I2C_Mouse.a(USBFS_1_std.o)
 .ARM.attributes
                0x00000263       0x33 .\ARM_GCC_541\Debug\I2C_Mouse.a(USBFS_1_vnd.o)
 .ARM.attributes
                0x00000296       0x33 .\ARM_GCC_541\Debug\I2C_Mouse.a(SW.o)
 .ARM.attributes
                0x000002c9       0x33 .\ARM_GCC_541\Debug\I2C_Mouse.a(UART.o)
 .ARM.attributes
                0x000002fc       0x33 .\ARM_GCC_541\Debug\I2C_Mouse.a(USBFS_1_Dp.o)
 .ARM.attributes
                0x0000032f       0x33 .\ARM_GCC_541\Debug\I2C_Mouse.a(UART_IntClock.o)
 .ARM.attributes
                0x00000362       0x33 .\ARM_GCC_541\Debug\I2C_Mouse.a(CyDmac.o)
 .ARM.attributes
                0x00000395       0x33 .\ARM_GCC_541\Debug\I2C_Mouse.a(CyLib.o)
 .ARM.attributes
                0x000003c8       0x33 .\ARM_GCC_541\Debug\I2C_Mouse.a(cyPm.o)
 .ARM.attributes
                0x000003fb       0x33 .\ARM_GCC_541\Debug\I2C_Mouse.a(I2C.o)
 .ARM.attributes
                0x0000042e       0x33 .\ARM_GCC_541\Debug\I2C_Mouse.a(I2C_INT.o)
 .ARM.attributes
                0x00000461       0x33 .\ARM_GCC_541\Debug\I2C_Mouse.a(I2C_PM.o)
 .ARM.attributes
                0x00000494       0x33 .\ARM_GCC_541\Debug\I2C_Mouse.a(I2C_MASTER.o)
 .ARM.attributes
                0x000004c7       0x33 .\ARM_GCC_541\Debug\I2C_Mouse.a(ADC.o)
 .ARM.attributes
                0x000004fa       0x33 .\ARM_GCC_541\Debug\I2C_Mouse.a(ADC_INT.o)
 .ARM.attributes
                0x0000052d       0x33 .\ARM_GCC_541\Debug\I2C_Mouse.a(ADC_SAR.o)
 .ARM.attributes
                0x00000560       0x33 .\ARM_GCC_541\Debug\I2C_Mouse.a(ADC_TempBuf_dma.o)
 .ARM.attributes
                0x00000593       0x33 .\ARM_GCC_541\Debug\I2C_Mouse.a(ADC_FinalBuf_dma.o)
 .ARM.attributes
                0x000005c6       0x33 .\ARM_GCC_541\Debug\I2C_Mouse.a(ADC_IRQ.o)
 .ARM.attributes
                0x000005f9       0x21 .\ARM_GCC_541\Debug\I2C_Mouse.a(CyBootAsmGnu.o)
 .ARM.attributes
                0x0000061a       0x33 .\ARM_GCC_541\Debug\I2C_Mouse.a(USBFS_1_cls.o)
 .ARM.attributes
                0x0000064d       0x33 .\ARM_GCC_541\Debug\I2C_Mouse.a(USBFS_1_descr.o)
 .ARM.attributes
                0x00000680       0x33 .\ARM_GCC_541\Debug\I2C_Mouse.a(CyFlash.o)
 .ARM.attributes
                0x000006b3       0x33 .\ARM_GCC_541\Debug\I2C_Mouse.a(CySpc.o)
 .ARM.attributes
                0x000006e6       0x1d c:/program files (x86)/cypress/psoc creator/4.4/psoc creator/import/gnu/arm/5.4.1/bin/../lib/gcc/arm-none-eabi/5.4.1/armv7-m\libgcc.a(_arm_addsubdf3.o)
 .ARM.attributes
                0x00000703       0x1d c:/program files (x86)/cypress/psoc creator/4.4/psoc creator/import/gnu/arm/5.4.1/bin/../lib/gcc/arm-none-eabi/5.4.1/armv7-m\libgcc.a(_arm_muldivdf3.o)
 .ARM.attributes
                0x00000720       0x1d c:/program files (x86)/cypress/psoc creator/4.4/psoc creator/import/gnu/arm/5.4.1/bin/../lib/gcc/arm-none-eabi/5.4.1/armv7-m\libgcc.a(_arm_fixdfsi.o)
 .ARM.attributes
                0x0000073d       0x1d c:/program files (x86)/cypress/psoc creator/4.4/psoc creator/import/gnu/arm/5.4.1/bin/../lib/gcc/arm-none-eabi/5.4.1/armv7-m\libgcc.a(_arm_fixunsdfsi.o)
 .ARM.attributes
                0x0000075a       0x1d c:/program files (x86)/cypress/psoc creator/4.4/psoc creator/import/gnu/arm/5.4.1/bin/../lib/gcc/arm-none-eabi/5.4.1/armv7-m\libgcc.a(_arm_addsubsf3.o)
 .ARM.attributes
                0x00000777       0x1d c:/program files (x86)/cypress/psoc creator/4.4/psoc creator/import/gnu/arm/5.4.1/bin/../lib/gcc/arm-none-eabi/5.4.1/armv7-m\libgcc.a(_arm_muldivsf3.o)
 .ARM.attributes
                0x00000794       0x1d c:/program files (x86)/cypress/psoc creator/4.4/psoc creator/import/gnu/arm/5.4.1/bin/../lib/gcc/arm-none-eabi/5.4.1/armv7-m\libgcc.a(_arm_fixsfsi.o)
 .ARM.attributes
                0x000007b1       0x1d c:/program files (x86)/cypress/psoc creator/4.4/psoc creator/import/gnu/arm/5.4.1/bin/../lib/gcc/arm-none-eabi/5.4.1/armv7-m\libgcc.a(_aeabi_ldivmod.o)
 .ARM.attributes
                0x000007ce       0x2d c:/program files (x86)/cypress/psoc creator/4.4/psoc creator/import/gnu/arm/5.4.1/bin/../lib/gcc/arm-none-eabi/5.4.1/armv7-m\libgcc.a(_udivmoddi4.o)
 .ARM.attributes
                0x000007fb       0x1d c:/program files (x86)/cypress/psoc creator/4.4/psoc creator/import/gnu/arm/5.4.1/bin/../lib/gcc/arm-none-eabi/5.4.1/armv7-m\libgcc.a(_dvmd_tls.o)
 .ARM.attributes
                0x00000818       0x2d c:/program files (x86)/cypress/psoc creator/4.4/psoc creator/import/gnu/arm/5.4.1/bin/../lib/gcc/arm-none-eabi/5.4.1/../../../../arm-none-eabi/lib/armv7-m\libg_nano.a(lib_a-errno.o)
 .ARM.attributes
                0x00000845       0x2d c:/program files (x86)/cypress/psoc creator/4.4/psoc creator/import/gnu/arm/5.4.1/bin/../lib/gcc/arm-none-eabi/5.4.1/../../../../arm-none-eabi/lib/armv7-m\libg_nano.a(lib_a-exit.o)
 .ARM.attributes
                0x00000872       0x2d c:/program files (x86)/cypress/psoc creator/4.4/psoc creator/import/gnu/arm/5.4.1/bin/../lib/gcc/arm-none-eabi/5.4.1/../../../../arm-none-eabi/lib/armv7-m\libg_nano.a(lib_a-impure.o)
 .ARM.attributes
                0x0000089f       0x2d c:/program files (x86)/cypress/psoc creator/4.4/psoc creator/import/gnu/arm/5.4.1/bin/../lib/gcc/arm-none-eabi/5.4.1/../../../../arm-none-eabi/lib/armv7-m\libg_nano.a(lib_a-init.o)
 .ARM.attributes
                0x000008cc       0x2d c:/program files (x86)/cypress/psoc creator/4.4/psoc creator/import/gnu/arm/5.4.1/bin/../lib/gcc/arm-none-eabi/5.4.1/../../../../arm-none-eabi/lib/armv7-m\libg_nano.a(lib_a-memcpy-stub.o)
 .ARM.attributes
                0x000008f9       0x2d c:/program files (x86)/cypress/psoc creator/4.4/psoc creator/import/gnu/arm/5.4.1/bin/../lib/gcc/arm-none-eabi/5.4.1/../../../../arm-none-eabi/lib/armv7-m\libg_nano.a(lib_a-memset.o)
 .ARM.attributes
                0x00000926       0x2d c:/program files (x86)/cypress/psoc creator/4.4/psoc creator/import/gnu/arm/5.4.1/bin/../lib/gcc/arm-none-eabi/5.4.1/../../../../arm-none-eabi/lib/armv7-m\libg_nano.a(lib_a-sprintf.o)
 .ARM.attributes
                0x00000953       0x2d c:/program files (x86)/cypress/psoc creator/4.4/psoc creator/import/gnu/arm/5.4.1/bin/../lib/gcc/arm-none-eabi/5.4.1/../../../../arm-none-eabi/lib/armv7-m\libg_nano.a(lib_a-nano-svfprintf.o)
 .ARM.attributes
                0x00000980       0x2d c:/program files (x86)/cypress/psoc creator/4.4/psoc creator/import/gnu/arm/5.4.1/bin/../lib/gcc/arm-none-eabi/5.4.1/../../../../arm-none-eabi/lib/armv7-m\libg_nano.a(lib_a-nano-vfprintf_i.o)
 .ARM.attributes
                0x000009ad       0x2d c:/program files (x86)/cypress/psoc creator/4.4/psoc creator/import/gnu/arm/5.4.1/bin/../lib/gcc/arm-none-eabi/5.4.1/../../../../arm-none-eabi/lib/armv7-m\libg_nano.a(lib_a-memchr-stub.o)
 .ARM.attributes
                0x000009da       0x2d c:/program files (x86)/cypress/psoc creator/4.4/psoc creator/import/gnu/arm/5.4.1/bin/../lib/gcc/arm-none-eabi/5.4.1/../../../../arm-none-eabi/lib/armv7-m\libg_nano.a(lib_a-memmove.o)
 .ARM.attributes
                0x00000a07       0x2d c:/program files (x86)/cypress/psoc creator/4.4/psoc creator/import/gnu/arm/5.4.1/bin/../lib/gcc/arm-none-eabi/5.4.1/../../../../arm-none-eabi/lib/armv7-m\libg_nano.a(lib_a-nano-freer.o)
 .ARM.attributes
                0x00000a34       0x2d c:/program files (x86)/cypress/psoc creator/4.4/psoc creator/import/gnu/arm/5.4.1/bin/../lib/gcc/arm-none-eabi/5.4.1/../../../../arm-none-eabi/lib/armv7-m\libg_nano.a(lib_a-nano-mallocr.o)
 .ARM.attributes
                0x00000a61       0x2d c:/program files (x86)/cypress/psoc creator/4.4/psoc creator/import/gnu/arm/5.4.1/bin/../lib/gcc/arm-none-eabi/5.4.1/../../../../arm-none-eabi/lib/armv7-m\libg_nano.a(lib_a-nano-reallocr.o)
 .ARM.attributes
                0x00000a8e       0x2d c:/program files (x86)/cypress/psoc creator/4.4/psoc creator/import/gnu/arm/5.4.1/bin/../lib/gcc/arm-none-eabi/5.4.1/../../../../arm-none-eabi/lib/armv7-m\libg_nano.a(lib_a-sbrkr.o)
 .ARM.attributes
                0x00000abb       0x2d c:/program files (x86)/cypress/psoc creator/4.4/psoc creator/import/gnu/arm/5.4.1/bin/../lib/gcc/arm-none-eabi/5.4.1/../../../../arm-none-eabi/lib/armv7-m\libg_nano.a(lib_a-mlock.o)
 .ARM.attributes
                0x00000ae8       0x2d c:/program files (x86)/cypress/psoc creator/4.4/psoc creator/import/gnu/arm/5.4.1/bin/../lib/gcc/arm-none-eabi/5.4.1/../../../../arm-none-eabi/lib/armv7-m\libg_nano.a(lib_a-nano-msizer.o)
 .ARM.attributes
                0x00000b15       0x2d c:/program files (x86)/cypress/psoc creator/4.4/psoc creator/import/gnu/arm/5.4.1/bin/../lib/gcc/arm-none-eabi/5.4.1/../../../../arm-none-eabi/lib/armv7-m\libg_nano.a(lib_a-reent.o)
 .ARM.attributes
                0x00000b42       0x2d c:/program files (x86)/cypress/psoc creator/4.4/psoc creator/import/gnu/arm/5.4.1/bin/../lib/gcc/arm-none-eabi/5.4.1/armv7-m/crtend.o
 .ARM.attributes
                0x00000b6f       0x1d c:/program files (x86)/cypress/psoc creator/4.4/psoc creator/import/gnu/arm/5.4.1/bin/../lib/gcc/arm-none-eabi/5.4.1/armv7-m/crtn.o

/DISCARD/
 *(.note.GNU-stack)
OUTPUT(C:\Users\oars0\Documents\GitHub\Interfacing_Lab\Lab_2-usb-i2c-mouse-reyessanchezo\PSoC_Creator\I2C_mouse\I2C_Mouse\I2C_Mouse.cydsn\ARM_GCC_541\Debug\I2C_Mouse.elf elf32-littlearm)
