Archive member included to satisfy reference by file (symbol)

.\ARM_GCC_541\Debug\CE195394_HID_Mouse01.a(USBFS_1.o)
                              .\ARM_GCC_541\Debug\main.o (USBFS_1_Start)
.\ARM_GCC_541\Debug\CE195394_HID_Mouse01.a(USBFS_1_drv.o)
                              .\ARM_GCC_541\Debug\CE195394_HID_Mouse01.a(USBFS_1.o) (USBFS_1_EP)
.\ARM_GCC_541\Debug\CE195394_HID_Mouse01.a(USBFS_1_episr.o)
                              .\ARM_GCC_541\Debug\CE195394_HID_Mouse01.a(USBFS_1.o) (USBFS_1_EP_1_ISR)
.\ARM_GCC_541\Debug\CE195394_HID_Mouse01.a(USBFS_1_hid.o)
                              .\ARM_GCC_541\Debug\CE195394_HID_Mouse01.a(USBFS_1.o) (USBFS_1_hidProtocol)
.\ARM_GCC_541\Debug\CE195394_HID_Mouse01.a(USBFS_1_pm.o)
                              .\ARM_GCC_541\Debug\CE195394_HID_Mouse01.a(USBFS_1.o) (USBFS_1_DP_ISR)
.\ARM_GCC_541\Debug\CE195394_HID_Mouse01.a(USBFS_1_std.o)
                              .\ARM_GCC_541\Debug\CE195394_HID_Mouse01.a(USBFS_1_drv.o) (USBFS_1_HandleStandardRqst)
.\ARM_GCC_541\Debug\CE195394_HID_Mouse01.a(USBFS_1_vnd.o)
                              .\ARM_GCC_541\Debug\CE195394_HID_Mouse01.a(USBFS_1_drv.o) (USBFS_1_HandleVendorRqst)
.\ARM_GCC_541\Debug\CE195394_HID_Mouse01.a(USBFS_1_Dp.o)
                              .\ARM_GCC_541\Debug\CE195394_HID_Mouse01.a(USBFS_1.o) (USBFS_1_Dp_ClearInterrupt)
.\ARM_GCC_541\Debug\CE195394_HID_Mouse01.a(CyDmac.o)
                              .\ARM_GCC_541\Debug\Cm3Start.o (CyDmacConfigure)
.\ARM_GCC_541\Debug\CE195394_HID_Mouse01.a(CyLib.o)
                              .\ARM_GCC_541\Debug\Cm3Start.o (CyResetStatus)
.\ARM_GCC_541\Debug\CE195394_HID_Mouse01.a(cyPm.o)
                              .\ARM_GCC_541\Debug\CE195394_HID_Mouse01.a(CyLib.o) (CyPmReadStatus)
.\ARM_GCC_541\Debug\CE195394_HID_Mouse01.a(SW.o)
                              .\ARM_GCC_541\Debug\main.o (SW_Read)
.\ARM_GCC_541\Debug\CE195394_HID_Mouse01.a(ADC.o)
                              .\ARM_GCC_541\Debug\main.o (ADC_Start)
.\ARM_GCC_541\Debug\CE195394_HID_Mouse01.a(ADC_INT.o)
                              .\ARM_GCC_541\Debug\CE195394_HID_Mouse01.a(ADC.o) (ADC_ISR)
.\ARM_GCC_541\Debug\CE195394_HID_Mouse01.a(UART.o)
                              .\ARM_GCC_541\Debug\main.o (UART_Start)
.\ARM_GCC_541\Debug\CE195394_HID_Mouse01.a(ADC_SAR.o)
                              .\ARM_GCC_541\Debug\CE195394_HID_Mouse01.a(ADC.o) (ADC_SAR_shift)
.\ARM_GCC_541\Debug\CE195394_HID_Mouse01.a(ADC_TempBuf_dma.o)
                              .\ARM_GCC_541\Debug\CE195394_HID_Mouse01.a(ADC.o) (ADC_TempBuf_DmaInitialize)
.\ARM_GCC_541\Debug\CE195394_HID_Mouse01.a(ADC_FinalBuf_dma.o)
                              .\ARM_GCC_541\Debug\CE195394_HID_Mouse01.a(ADC.o) (ADC_FinalBuf_DmaInitialize)
.\ARM_GCC_541\Debug\CE195394_HID_Mouse01.a(ADC_IRQ.o)
                              .\ARM_GCC_541\Debug\CE195394_HID_Mouse01.a(ADC.o) (ADC_IRQ_SetVector)
.\ARM_GCC_541\Debug\CE195394_HID_Mouse01.a(UART_IntClock.o)
                              .\ARM_GCC_541\Debug\CE195394_HID_Mouse01.a(UART.o) (UART_IntClock_Start)
.\ARM_GCC_541\Debug\CE195394_HID_Mouse01.a(CyBootAsmGnu.o)
                              .\ARM_GCC_541\Debug\cyfitter_cfg.o (CyDelayCycles)
.\ARM_GCC_541\Debug\CE195394_HID_Mouse01.a(USBFS_1_cls.o)
                              .\ARM_GCC_541\Debug\CE195394_HID_Mouse01.a(USBFS_1_drv.o) (USBFS_1_DispatchClassRqst)
.\ARM_GCC_541\Debug\CE195394_HID_Mouse01.a(USBFS_1_descr.o)
                              .\ARM_GCC_541\Debug\CE195394_HID_Mouse01.a(USBFS_1_std.o) (USBFS_1_STRING_DESCRIPTORS)
.\ARM_GCC_541\Debug\CE195394_HID_Mouse01.a(CyFlash.o)
                              .\ARM_GCC_541\Debug\CE195394_HID_Mouse01.a(cyPm.o) (CyFlash_SetWaitCycles)
.\ARM_GCC_541\Debug\CE195394_HID_Mouse01.a(CySpc.o)
                              .\ARM_GCC_541\Debug\CE195394_HID_Mouse01.a(CyFlash.o) (CySpcStart)
c:/program files (x86)/cypress/psoc creator/4.4/psoc creator/import/gnu/arm/5.4.1/bin/../lib/gcc/arm-none-eabi/5.4.1/armv7-m\libgcc.a(_arm_addsubsf3.o)
                              .\ARM_GCC_541\Debug\main.o (__aeabi_i2f)
c:/program files (x86)/cypress/psoc creator/4.4/psoc creator/import/gnu/arm/5.4.1/bin/../lib/gcc/arm-none-eabi/5.4.1/armv7-m\libgcc.a(_arm_muldivsf3.o)
                              .\ARM_GCC_541\Debug\CE195394_HID_Mouse01.a(ADC_SAR.o) (__aeabi_fmul)
c:/program files (x86)/cypress/psoc creator/4.4/psoc creator/import/gnu/arm/5.4.1/bin/../lib/gcc/arm-none-eabi/5.4.1/armv7-m\libgcc.a(_arm_fixsfsi.o)
                              .\ARM_GCC_541\Debug\main.o (__aeabi_f2iz)
c:/program files (x86)/cypress/psoc creator/4.4/psoc creator/import/gnu/arm/5.4.1/bin/../lib/gcc/arm-none-eabi/5.4.1/armv7-m\libgcc.a(_aeabi_ldivmod.o)
                              .\ARM_GCC_541\Debug\CE195394_HID_Mouse01.a(ADC_SAR.o) (__aeabi_ldivmod)
c:/program files (x86)/cypress/psoc creator/4.4/psoc creator/import/gnu/arm/5.4.1/bin/../lib/gcc/arm-none-eabi/5.4.1/armv7-m\libgcc.a(_udivmoddi4.o)
[...]
Memory Configuration

Name             Origin             Length             Attributes
rom              0x00000000         0x00040000         xr
ram              0x1fff8000         0x00010000         xrw
*default*        0x00000000         0xffffffff

Linker script and memory map

LOAD c:/program files (x86)/cypress/psoc creator/4.4/psoc creator/import/gnu/arm/5.4.1/bin/../lib/gcc/arm-none-eabi/5.4.1/armv7-m/crti.o
LOAD c:/program files (x86)/cypress/psoc creator/4.4/psoc creator/import/gnu/arm/5.4.1/bin/../lib/gcc/arm-none-eabi/5.4.1/armv7-m/crtbegin.o
LOAD c:/program files (x86)/cypress/psoc creator/4.4/psoc creator/import/gnu/arm/5.4.1/bin/../lib/gcc/arm-none-eabi/5.4.1/../../../../arm-none-eabi/lib/armv7-m/crt0.o
START GROUP
LOAD .\ARM_GCC_541\Debug\main.o
LOAD .\ARM_GCC_541\Debug\cyfitter_cfg.o
LOAD .\ARM_GCC_541\Debug\cymetadata.o
LOAD .\ARM_GCC_541\Debug\Cm3Start.o
LOAD .\ARM_GCC_541\Debug\CE195394_HID_Mouse01.a
LOAD C:\Program Files (x86)\Cypress\PSoC Creator\4.4\PSoC Creator\psoc\content\cycomponentlibrary\CyComponentLibrary.cylib\CortexM3\ARM_GCC_541\Debug\CyComponentLibrary.a
END GROUP
START GROUP
LOAD c:/program files (x86)/cypress/psoc creator/4.4/psoc creator/import/gnu/arm/5.4.1/bin/../lib/gcc/arm-none-eabi/5.4.1/armv7-m\libgcc.a
LOAD c:/program files (x86)/cypress/psoc creator/4.4/psoc creator/import/gnu/arm/5.4.1/bin/../lib/gcc/arm-none-eabi/5.4.1/../../../../arm-none-eabi/lib/armv7-m\libg_nano.a
LOAD c:/program files (x86)/cypress/psoc creator/4.4/psoc creator/import/gnu/arm/5.4.1/bin/../lib/gcc/arm-none-eabi/5.4.1/../../../../arm-none-eabi/lib/armv7-m\libc_nano.a
END GROUP
START GROUP
LOAD c:/program files (x86)/cypress/psoc creator/4.4/psoc creator/import/gnu/arm/5.4.1/bin/../lib/gcc/arm-none-eabi/5.4.1/armv7-m\libgcc.a
LOAD c:/program files (x86)/cypress/psoc creator/4.4/psoc creator/import/gnu/arm/5.4.1/bin/../lib/gcc/arm-none-eabi/5.4.1/../../../../arm-none-eabi/lib/armv7-m\libc_nano.a
END GROUP
LOAD c:/program files (x86)/cypress/psoc creator/4.4/psoc creator/import/gnu/arm/5.4.1/bin/../lib/gcc/arm-none-eabi/5.4.1/armv7-m/crtend.o
LOAD c:/program files (x86)/cypress/psoc creator/4.4/psoc creator/import/gnu/arm/5.4.1/bin/../lib/gcc/arm-none-eabi/5.4.1/armv7-m/crtn.o
START GROUP
LOAD c:/program files (x86)/cypress/psoc creator/4.4/psoc creator/import/gnu/arm/5.4.1/bin/../lib/gcc/arm-none-eabi/5.4.1/armv7-m\libgcc.a
LOAD c:/program files (x86)/cypress/psoc creator/4.4/psoc creator/import/gnu/arm/5.4.1/bin/../lib/gcc/arm-none-eabi/5.4.1/../../../../arm-none-eabi/lib/armv7-m\libc.a
LOAD c:/program files (x86)/cypress/psoc creator/4.4/psoc creator/import/gnu/arm/5.4.1/bin/../lib/gcc/arm-none-eabi/5.4.1/../../../../arm-none-eabi/lib/armv7-m\libnosys.a
END GROUP
                0x00000000                CY_APPL_ORIGIN = 0x0
                0x00000100                CY_FLASH_ROW_SIZE = 0x100
                0x00000020                CY_ECC_ROW_SIZE = 0x20
                0x00000000                CY_EE_IN_BTLDR = 0x0
                0x00000000                CY_APPL_LOADABLE = 0x0
                0x00000800                CY_EE_SIZE = 0x800
                0x00000001                CY_APPL_NUM = 0x1
                0x00000001                CY_APPL_MAX = 0x1
                0x00000040                CY_METADATA_SIZE = 0x40
                0x00000000                CY_APPL_LOADABLE = 0x0
                0x00000000                CY_CHECKSUM_EXCLUDE_SIZE = ALIGN (0x0, CY_FLASH_ROW_SIZE)
                [!provide]                PROVIDE (__cy_heap_start, _end)
                0x00000001                PROVIDE (__cy_region_num, ((__cy_regions_end - __cy_regions) / 0x10))
                0x20008000                PROVIDE (__cy_stack, (ORIGIN (ram) + LENGTH (ram)))
                [!provide]                PROVIDE (__cy_heap_end, (__cy_stack - 0x800))

.cybootloader   0x00000000        0x0
 *(.cybootloader)
                0x00000000                appl1_start = CY_APPL_ORIGIN?CY_APPL_ORIGIN:ALIGN (CY_FLASH_ROW_SIZE)
                0x0001ff00                appl2_start = (appl1_start + ALIGN ((((LENGTH (rom) - appl1_start) - (0x2 * CY_FLASH_ROW_SIZE)) / 0x2), CY_FLASH_ROW_SIZE))
                0x00000000                appl_start = (CY_APPL_NUM == 0x1)?appl1_start:appl2_start
                0x00000000                ecc_offset = ((appl_start / CY_FLASH_ROW_SIZE) * CY_ECC_ROW_SIZE)
                0x00000000                ee_offset = (CY_APPL_LOADABLE && ! (CY_EE_IN_BTLDR))?((CY_EE_SIZE / CY_APPL_MAX) * (CY_APPL_NUM - 0x1)):0x0
                0x00000800                ee_size = (CY_APPL_LOADABLE && ! (CY_EE_IN_BTLDR))?(CY_EE_SIZE / CY_APPL_MAX):CY_EE_SIZE
                [!provide]                PROVIDE (CY_ECC_OFFSET, ecc_offset)

.text           0x00000000     0x3d60
 CREATE_OBJECT_SYMBOLS
                0x00000000                PROVIDE (__cy_interrupt_vector, RomVectors)
 *(.romvectors)
 .romvectors    0x00000000       0x10 .\ARM_GCC_541\Debug\Cm3Start.o
                0x00000000                RomVectors
                0x00000001                ASSERT ((. != __cy_interrupt_vector), No interrupt vector)
                0x00000001                ASSERT (CY_APPL_ORIGIN?(SIZEOF (.cybootloader) <= CY_APPL_ORIGIN):0x1, Wrong image location)
                0x00000010                PROVIDE (__cy_reset, Reset)
 *(.text.Reset)
 .text.Reset    0x00000010       0x18 .\ARM_GCC_541\Debug\Cm3Start.o
                0x00000010                Reset
                0x00000001                ASSERT ((. != __cy_reset), No reset code)
 *(.dma_init)
                0x00000001                ASSERT ((((appl_start + .) <= 0x10000) || 0x1), DMA Init must be within the first 64k of flash)
 *(.text .text.* .gnu.linkonce.t.*)
 .text          0x00000028       0x5c c:/program files (x86)/cypress/psoc creator/4.4/psoc creator/import/gnu/arm/5.4.1/bin/../lib/gcc/arm-none-eabi/5.4.1/armv7-m/crtbegin.o
 .text.main     0x00000084      0x124 .\ARM_GCC_541\Debug\main.o
                0x00000084                main
 .text.CYMEMZERO
                0x000001a8       0x1c .\ARM_GCC_541\Debug\cyfitter_cfg.o
 .text.CYCONFIGCPY
                0x000001c4       0x20 .\ARM_GCC_541\Debug\cyfitter_cfg.o
 .text.CYCONFIGCPYCODE
                0x000001e4       0x20 .\ARM_GCC_541\Debug\cyfitter_cfg.o
 .text.CyClockStartupError
                0x00000204        0xc .\ARM_GCC_541\Debug\cyfitter_cfg.o
 .text.cfg_write_bytes32
                0x00000210       0x74 .\ARM_GCC_541\Debug\cyfitter_cfg.o
 .text.ClockSetup
                0x00000284      0x118 .\ARM_GCC_541\Debug\cyfitter_cfg.o
 .text.AnalogSetDefault
                0x0000039c       0xb0 .\ARM_GCC_541\Debug\cyfitter_cfg.o
 .text.cyfitter_cfg
                0x0000044c      0x170 .\ARM_GCC_541\Debug\cyfitter_cfg.o
                0x0000044c                cyfitter_cfg
 .text.IntDefaultHandler
                0x000005bc       0x14 .\ARM_GCC_541\Debug\Cm3Start.o
                0x000005bc                IntDefaultHandler
 .text._sbrk    0x000005d0       0x50 .\ARM_GCC_541\Debug\Cm3Start.o
                0x000005d0                _sbrk
 .text.Start_c  0x00000620       0x98 .\ARM_GCC_541\Debug\Cm3Start.o
                0x00000620                Start_c
 .text.initialize_psoc
                0x000006b8       0x94 .\ARM_GCC_541\Debug\Cm3Start.o
                0x000006b8                initialize_psoc
 .text.USBFS_1_Start
                0x0000074c       0x3c .\ARM_GCC_541\Debug\CE195394_HID_Mouse01.a(USBFS_1.o)
                0x0000074c                USBFS_1_Start
 .text.USBFS_1_Init
                0x00000788      0x17c .\ARM_GCC_541\Debug\CE195394_HID_Mouse01.a(USBFS_1.o)
                0x00000788                USBFS_1_Init
 .text.USBFS_1_InitComponent
                0x00000904      0x114 .\ARM_GCC_541\Debug\CE195394_HID_Mouse01.a(USBFS_1.o)
                0x00000904                USBFS_1_InitComponent
 .text.USBFS_1_ReInitComponent
                0x00000a18       0x88 .\ARM_GCC_541\Debug\CE195394_HID_Mouse01.a(USBFS_1.o)
                0x00000a18                USBFS_1_ReInitComponent
 .text.USBFS_1_GetConfiguration
                0x00000aa0       0x18 .\ARM_GCC_541\Debug\CE195394_HID_Mouse01.a(USBFS_1.o)
                0x00000aa0                USBFS_1_GetConfiguration
 .text.USBFS_1_LoadInEP
                0x00000ab8      0x108 .\ARM_GCC_541\Debug\CE195394_HID_Mouse01.a(USBFS_1.o)
                0x00000ab8                USBFS_1_LoadInEP
 .text.USBFS_1_GetEPAckState
                0x00000bc0       0x40 .\ARM_GCC_541\Debug\CE195394_HID_Mouse01.a(USBFS_1.o)
                0x00000bc0                USBFS_1_GetEPAckState
 .text.USBFS_1_EP_0_ISR
                0x00000c00       0xf8 .\ARM_GCC_541\Debug\CE195394_HID_Mouse01.a(USBFS_1_drv.o)
                0x00000c00                USBFS_1_EP_0_ISR
 .text.USBFS_1_HandleSetup
                0x00000cf8       0x88 .\ARM_GCC_541\Debug\CE195394_HID_Mouse01.a(USBFS_1_drv.o)
                0x00000cf8                USBFS_1_HandleSetup
 .text.USBFS_1_HandleIN
                0x00000d80       0x4c .\ARM_GCC_541\Debug\CE195394_HID_Mouse01.a(USBFS_1_drv.o)
                0x00000d80                USBFS_1_HandleIN
 .text.USBFS_1_HandleOUT
                0x00000dcc       0x58 .\ARM_GCC_541\Debug\CE195394_HID_Mouse01.a(USBFS_1_drv.o)
                0x00000dcc                USBFS_1_HandleOUT
 .text.USBFS_1_LoadEP0
                0x00000e24       0xd0 .\ARM_GCC_541\Debug\CE195394_HID_Mouse01.a(USBFS_1_drv.o)
                0x00000e24                USBFS_1_LoadEP0
 .text.USBFS_1_InitControlRead
                0x00000ef4       0x70 .\ARM_GCC_541\Debug\CE195394_HID_Mouse01.a(USBFS_1_drv.o)
                0x00000ef4                USBFS_1_InitControlRead
 .text.USBFS_1_InitZeroLengthControlTransfer
                0x00000f64       0x40 .\ARM_GCC_541\Debug\CE195394_HID_Mouse01.a(USBFS_1_drv.o)
                0x00000f64                USBFS_1_InitZeroLengthControlTransfer
 .text.USBFS_1_ControlReadDataStage
                0x00000fa4        0xc .\ARM_GCC_541\Debug\CE195394_HID_Mouse01.a(USBFS_1_drv.o)
                0x00000fa4                USBFS_1_ControlReadDataStage
 .text.USBFS_1_ControlReadStatusStage
                0x00000fb0       0x40 .\ARM_GCC_541\Debug\CE195394_HID_Mouse01.a(USBFS_1_drv.o)
                0x00000fb0                USBFS_1_ControlReadStatusStage
 .text.USBFS_1_InitControlWrite
                0x00000ff0       0x64 .\ARM_GCC_541\Debug\CE195394_HID_Mouse01.a(USBFS_1_drv.o)
                0x00000ff0                USBFS_1_InitControlWrite
 .text.USBFS_1_ControlWriteDataStage
                0x00001054       0xb4 .\ARM_GCC_541\Debug\CE195394_HID_Mouse01.a(USBFS_1_drv.o)
                0x00001054                USBFS_1_ControlWriteDataStage
 .text.USBFS_1_ControlWriteStatusStage
                0x00001108       0x24 .\ARM_GCC_541\Debug\CE195394_HID_Mouse01.a(USBFS_1_drv.o)
                0x00001108                USBFS_1_ControlWriteStatusStage
 .text.USBFS_1_InitNoDataControlTransfer
                0x0000112c       0x38 .\ARM_GCC_541\Debug\CE195394_HID_Mouse01.a(USBFS_1_drv.o)
                0x0000112c                USBFS_1_InitNoDataControlTransfer
 .text.USBFS_1_NoDataControlStatusStage
                0x00001164       0x4c .\ARM_GCC_541\Debug\CE195394_HID_Mouse01.a(USBFS_1_drv.o)
                0x00001164                USBFS_1_NoDataControlStatusStage
 .text.USBFS_1_UpdateStatusBlock
                0x000011b0       0x40 .\ARM_GCC_541\Debug\CE195394_HID_Mouse01.a(USBFS_1_drv.o)
                0x000011b0                USBFS_1_UpdateStatusBlock
 .text.USBFS_1_InitializeStatusBlock
                0x000011f0       0x34 .\ARM_GCC_541\Debug\CE195394_HID_Mouse01.a(USBFS_1_drv.o)
                0x000011f0                USBFS_1_InitializeStatusBlock
 .text.USBFS_1_EP_1_ISR
                0x00001224       0x48 .\ARM_GCC_541\Debug\CE195394_HID_Mouse01.a(USBFS_1_episr.o)
                0x00001224                USBFS_1_EP_1_ISR
 .text.USBFS_1_SOF_ISR
                0x0000126c        0xc .\ARM_GCC_541\Debug\CE195394_HID_Mouse01.a(USBFS_1_episr.o)
                0x0000126c                USBFS_1_SOF_ISR
 .text.USBFS_1_BUS_RESET_ISR
                0x00001278        0xc .\ARM_GCC_541\Debug\CE195394_HID_Mouse01.a(USBFS_1_episr.o)
                0x00001278                USBFS_1_BUS_RESET_ISR
 .text.USBFS_1_DispatchHIDClassRqst
                0x00001284      0x1e4 .\ARM_GCC_541\Debug\CE195394_HID_Mouse01.a(USBFS_1_hid.o)
                0x00001284                USBFS_1_DispatchHIDClassRqst
 .text.USBFS_1_FindHidClassDecriptor
                0x00001468       0x7c .\ARM_GCC_541\Debug\CE195394_HID_Mouse01.a(USBFS_1_hid.o)
                0x00001468                USBFS_1_FindHidClassDecriptor
 .text.USBFS_1_FindReportDescriptor
                0x000014e4       0x90 .\ARM_GCC_541\Debug\CE195394_HID_Mouse01.a(USBFS_1_hid.o)
                0x000014e4                USBFS_1_FindReportDescriptor
 .text.USBFS_1_FindReport
                0x00001574       0xcc .\ARM_GCC_541\Debug\CE195394_HID_Mouse01.a(USBFS_1_hid.o)
                0x00001574                USBFS_1_FindReport
 .text.USBFS_1_DP_ISR
                0x00001640        0xc .\ARM_GCC_541\Debug\CE195394_HID_Mouse01.a(USBFS_1_pm.o)
                0x00001640                USBFS_1_DP_ISR
 .text.USBFS_1_HandleStandardRqst
                0x0000164c      0x468 .\ARM_GCC_541\Debug\CE195394_HID_Mouse01.a(USBFS_1_std.o)
                0x0000164c                USBFS_1_HandleStandardRqst
 .text.USBFS_1_ConfigReg
                0x00001ab4      0x138 .\ARM_GCC_541\Debug\CE195394_HID_Mouse01.a(USBFS_1_std.o)
                0x00001ab4                USBFS_1_ConfigReg
 .text.USBFS_1_Config
                0x00001bec      0x320 .\ARM_GCC_541\Debug\CE195394_HID_Mouse01.a(USBFS_1_std.o)
                0x00001bec                USBFS_1_Config
 .text.USBFS_1_ConfigAltChanged
                0x00001f0c      0x25c .\ARM_GCC_541\Debug\CE195394_HID_Mouse01.a(USBFS_1_std.o)
                0x00001f0c                USBFS_1_ConfigAltChanged
 .text.USBFS_1_GetConfigTablePtr
                0x00002168       0x50 .\ARM_GCC_541\Debug\CE195394_HID_Mouse01.a(USBFS_1_std.o)
                0x00002168                USBFS_1_GetConfigTablePtr
 .text.USBFS_1_GetDeviceTablePtr
                0x000021b8       0x24 .\ARM_GCC_541\Debug\CE195394_HID_Mouse01.a(USBFS_1_std.o)
                0x000021b8                USBFS_1_GetDeviceTablePtr
 .text.USBFS_1_GetInterfaceClassTablePtr
                0x000021dc       0x4c .\ARM_GCC_541\Debug\CE195394_HID_Mouse01.a(USBFS_1_std.o)
                0x000021dc                USBFS_1_GetInterfaceClassTablePtr
 .text.USBFS_1_SetEndpointHalt
                0x00002228       0xe8 .\ARM_GCC_541\Debug\CE195394_HID_Mouse01.a(USBFS_1_std.o)
                0x00002228                USBFS_1_SetEndpointHalt
 .text.USBFS_1_ClearEndpointHalt
                0x00002310      0x158 .\ARM_GCC_541\Debug\CE195394_HID_Mouse01.a(USBFS_1_std.o)
                0x00002310                USBFS_1_ClearEndpointHalt
 .text.USBFS_1_ValidateAlternateSetting
                0x00002468       0x70 .\ARM_GCC_541\Debug\CE195394_HID_Mouse01.a(USBFS_1_std.o)
                0x00002468                USBFS_1_ValidateAlternateSetting
 .text.USBFS_1_HandleVendorRqst
                0x000024d8       0x34 .\ARM_GCC_541\Debug\CE195394_HID_Mouse01.a(USBFS_1_vnd.o)
                0x000024d8                USBFS_1_HandleVendorRqst
 .text.USBFS_1_Dp_ClearInterrupt
                0x0000250c       0x20 .\ARM_GCC_541\Debug\CE195394_HID_Mouse01.a(USBFS_1_Dp.o)
                0x0000250c                USBFS_1_Dp_ClearInterrupt
 .text.CyDmacConfigure
                0x0000252c       0x5c .\ARM_GCC_541\Debug\CE195394_HID_Mouse01.a(CyDmac.o)
                0x0000252c                CyDmacConfigure
 .text.CyDmaChEnable
                0x00002588       0x8c .\ARM_GCC_541\Debug\CE195394_HID_Mouse01.a(CyDmac.o)
                0x00002588                CyDmaChEnable
 .text.CyDmaClearPendingDrq
                0x00002614       0x60 .\ARM_GCC_541\Debug\CE195394_HID_Mouse01.a(CyDmac.o)
                0x00002614                CyDmaClearPendingDrq
 .text.CyDmaChPriority
                0x00002674       0x64 .\ARM_GCC_541\Debug\CE195394_HID_Mouse01.a(CyDmac.o)
                0x00002674                CyDmaChPriority
 .text.CyDmaChSetExtendedAddress
                0x000026d8       0x78 .\ARM_GCC_541\Debug\CE195394_HID_Mouse01.a(CyDmac.o)
                0x000026d8                CyDmaChSetExtendedAddress
 .text.CyDmaChSetInitialTd
                0x00002750       0x3c .\ARM_GCC_541\Debug\CE195394_HID_Mouse01.a(CyDmac.o)
                0x00002750                CyDmaChSetInitialTd
 .text.CyDmaChSetConfiguration
                0x0000278c       0xa0 .\ARM_GCC_541\Debug\CE195394_HID_Mouse01.a(CyDmac.o)
                0x0000278c                CyDmaChSetConfiguration
 .text.CyDmaTdAllocate
                0x0000282c       0x5c .\ARM_GCC_541\Debug\CE195394_HID_Mouse01.a(CyDmac.o)
                0x0000282c                CyDmaTdAllocate
 .text.CyDmaTdSetConfiguration
                0x00002888       0x80 .\ARM_GCC_541\Debug\CE195394_HID_Mouse01.a(CyDmac.o)
                0x00002888                CyDmaTdSetConfiguration
 .text.CyDmaTdSetAddress
                0x00002908       0x5c .\ARM_GCC_541\Debug\CE195394_HID_Mouse01.a(CyDmac.o)
                0x00002908                CyDmaTdSetAddress
 .text.CyHalt   0x00002964       0x18 .\ARM_GCC_541\Debug\CE195394_HID_Mouse01.a(CyLib.o)
                0x00002964                CyHalt
 .text.CyDelay  0x0000297c       0x44 .\ARM_GCC_541\Debug\CE195394_HID_Mouse01.a(CyLib.o)
                0x0000297c                CyDelay
 .text.CyDelayUs
                0x000029c0       0x28 .\ARM_GCC_541\Debug\CE195394_HID_Mouse01.a(CyLib.o)
                0x000029c0                CyDelayUs
 .text.CyIntSetVector
                0x000029e8       0x50 .\ARM_GCC_541\Debug\CE195394_HID_Mouse01.a(CyLib.o)
                0x000029e8                CyIntSetVector
 .text.CyIntSetPriority
                0x00002a38       0x48 .\ARM_GCC_541\Debug\CE195394_HID_Mouse01.a(CyLib.o)
                0x00002a38                CyIntSetPriority
 .text.SW_Read  0x00002a80       0x20 .\ARM_GCC_541\Debug\CE195394_HID_Mouse01.a(SW.o)
                0x00002a80                SW_Read
 .text.ADC_Init
                0x00002aa0       0x50 .\ARM_GCC_541\Debug\CE195394_HID_Mouse01.a(ADC.o)
                0x00002aa0                ADC_Init
 .text.ADC_Enable
                0x00002af0      0x130 .\ARM_GCC_541\Debug\CE195394_HID_Mouse01.a(ADC.o)
                0x00002af0                ADC_Enable
 .text.ADC_Start
                0x00002c20       0x30 .\ARM_GCC_541\Debug\CE195394_HID_Mouse01.a(ADC.o)
                0x00002c20                ADC_Start
 .text.ADC_StartConvert
                0x00002c50        0xc .\ARM_GCC_541\Debug\CE195394_HID_Mouse01.a(ADC.o)
                0x00002c50                ADC_StartConvert
 .text.ADC_IsEndConversion
                0x00002c5c       0x2c .\ARM_GCC_541\Debug\CE195394_HID_Mouse01.a(ADC.o)
                0x00002c5c                ADC_IsEndConversion
 .text.ADC_GetResult16
                0x00002c88       0x38 .\ARM_GCC_541\Debug\CE195394_HID_Mouse01.a(ADC.o)
                0x00002c88                ADC_GetResult16
 .text.ADC_ISR  0x00002cc0        0xc .\ARM_GCC_541\Debug\CE195394_HID_Mouse01.a(ADC_INT.o)
                0x00002cc0                ADC_ISR
 .text.UART_Start
                0x00002ccc       0x24 .\ARM_GCC_541\Debug\CE195394_HID_Mouse01.a(UART.o)
                0x00002ccc                UART_Start
 .text.UART_Init
                0x00002cf0       0x40 .\ARM_GCC_541\Debug\CE195394_HID_Mouse01.a(UART.o)
                0x00002cf0                UART_Init
 .text.UART_Enable
                0x00002d30       0x60 .\ARM_GCC_541\Debug\CE195394_HID_Mouse01.a(UART.o)
                0x00002d30                UART_Enable
 .text.UART_PutChar
                0x00002d90       0x34 .\ARM_GCC_541\Debug\CE195394_HID_Mouse01.a(UART.o)
                0x00002d90                UART_PutChar
 .text.UART_PutString
                0x00002dc4       0x44 .\ARM_GCC_541\Debug\CE195394_HID_Mouse01.a(UART.o)
                0x00002dc4                UART_PutString
 .text.ADC_SAR_Start
                0x00002e08       0x24 .\ARM_GCC_541\Debug\CE195394_HID_Mouse01.a(ADC_SAR.o)
                0x00002e08                ADC_SAR_Start
 .text.ADC_SAR_Init
                0x00002e2c       0x2c .\ARM_GCC_541\Debug\CE195394_HID_Mouse01.a(ADC_SAR.o)
                0x00002e2c                ADC_SAR_Init
 .text.ADC_SAR_Enable
                0x00002e58       0xc4 .\ARM_GCC_541\Debug\CE195394_HID_Mouse01.a(ADC_SAR.o)
                0x00002e58                ADC_SAR_Enable
 .text.ADC_SAR_SetResolution
                0x00002f1c       0x54 .\ARM_GCC_541\Debug\CE195394_HID_Mouse01.a(ADC_SAR.o)
                0x00002f1c                ADC_SAR_SetResolution
 .text.ADC_SAR_StartConvert
                0x00002f70       0x20 .\ARM_GCC_541\Debug\CE195394_HID_Mouse01.a(ADC_SAR.o)
                0x00002f70                ADC_SAR_StartConvert
 .text.ADC_SAR_CalcGain
                0x00002f90       0x80 .\ARM_GCC_541\Debug\CE195394_HID_Mouse01.a(ADC_SAR.o)
 .text.ADC_TempBuf_DmaInitialize
                0x00003010       0x64 .\ARM_GCC_541\Debug\CE195394_HID_Mouse01.a(ADC_TempBuf_dma.o)
                0x00003010                ADC_TempBuf_DmaInitialize
 .text.ADC_FinalBuf_DmaInitialize
                0x00003074       0x64 .\ARM_GCC_541\Debug\CE195394_HID_Mouse01.a(ADC_FinalBuf_dma.o)
                0x00003074                ADC_FinalBuf_DmaInitialize
 .text.ADC_IRQ_SetVector
                0x000030d8       0x24 .\ARM_GCC_541\Debug\CE195394_HID_Mouse01.a(ADC_IRQ.o)
                0x000030d8                ADC_IRQ_SetVector
 .text.ADC_IRQ_SetPriority
                0x000030fc       0x24 .\ARM_GCC_541\Debug\CE195394_HID_Mouse01.a(ADC_IRQ.o)
                0x000030fc                ADC_IRQ_SetPriority
 .text.UART_IntClock_Start
                0x00003120       0x34 .\ARM_GCC_541\Debug\CE195394_HID_Mouse01.a(UART_IntClock.o)
                0x00003120                UART_IntClock_Start
 *fill*         0x00003154        0x4 
 .text          0x00003158       0x54 .\ARM_GCC_541\Debug\CE195394_HID_Mouse01.a(CyBootAsmGnu.o)
                0x00003158                CyDelayCycles
                0x00003196                CyEnterCriticalSection
                0x0000319e                CyExitCriticalSection
 .text.USBFS_1_DispatchClassRqst
                0x000031ac       0x84 .\ARM_GCC_541\Debug\CE195394_HID_Mouse01.a(USBFS_1_cls.o)
                0x000031ac                USBFS_1_DispatchClassRqst
 .text          0x00003230      0x21c c:/program files (x86)/cypress/psoc creator/4.4/psoc creator/import/gnu/arm/5.4.1/bin/../lib/gcc/arm-none-eabi/5.4.1/armv7-m\libgcc.a(_arm_addsubsf3.o)
                0x00003230                __aeabi_frsub
                0x00003238                __subsf3
                0x00003238                __aeabi_fsub
                0x0000323c                __aeabi_fadd
                0x0000323c                __addsf3
                0x0000339c                __aeabi_ui2f
                0x0000339c                __floatunsisf
                0x000033a4                __aeabi_i2f
                0x000033a4                __floatsisf
                0x000033c0                __aeabi_ul2f
                0x000033c0                __floatundisf
                0x000033d0                __aeabi_l2f
                0x000033d0                __floatdisf
 .text          0x0000344c       0x4c c:/program files (x86)/cypress/psoc creator/4.4/psoc creator/import/gnu/arm/5.4.1/bin/../lib/gcc/arm-none-eabi/5.4.1/armv7-m\libgcc.a(_arm_fixsfsi.o)
                0x0000344c                __aeabi_f2iz
                0x0000344c                __fixsfsi
 .text.__errno  0x00003498        0xc c:/program files (x86)/cypress/psoc creator/4.4/psoc creator/import/gnu/arm/5.4.1/bin/../lib/gcc/arm-none-eabi/5.4.1/../../../../arm-none-eabi/lib/armv7-m\libg_nano.a(lib_a-errno.o)
                0x00003498                __errno
 .text.__libc_init_array
                0x000034a4       0x4c c:/program files (x86)/cypress/psoc creator/4.4/psoc creator/import/gnu/arm/5.4.1/bin/../lib/gcc/arm-none-eabi/5.4.1/../../../../arm-none-eabi/lib/armv7-m\libg_nano.a(lib_a-init.o)
                0x000034a4                __libc_init_array
 .text.memcpy   0x000034f0       0x16 c:/program files (x86)/cypress/psoc creator/4.4/psoc creator/import/gnu/arm/5.4.1/bin/../lib/gcc/arm-none-eabi/5.4.1/../../../../arm-none-eabi/lib/armv7-m\libg_nano.a(lib_a-memcpy-stub.o)
                0x000034f0                memcpy
 .text.memset   0x00003506       0x10 c:/program files (x86)/cypress/psoc creator/4.4/psoc creator/import/gnu/arm/5.4.1/bin/../lib/gcc/arm-none-eabi/5.4.1/../../../../arm-none-eabi/lib/armv7-m\libg_nano.a(lib_a-memset.o)
                0x00003506                memset
 *fill*         0x00003516        0x2 
 .text.sprintf  0x00003518       0x48 c:/program files (x86)/cypress/psoc creator/4.4/psoc creator/import/gnu/arm/5.4.1/bin/../lib/gcc/arm-none-eabi/5.4.1/../../../../arm-none-eabi/lib/armv7-m\libg_nano.a(lib_a-sprintf.o)
                0x00003518                siprintf
                0x00003518                sprintf
 .text.__ssputs_r
                0x00003560       0xb2 c:/program files (x86)/cypress/psoc creator/4.4/psoc creator/import/gnu/arm/5.4.1/bin/../lib/gcc/arm-none-eabi/5.4.1/../../../../arm-none-eabi/lib/armv7-m\libg_nano.a(lib_a-nano-svfprintf.o)
                0x00003560                __ssputs_r
 *fill*         0x00003612        0x2 
 .text._svfprintf_r
                0x00003614      0x1e8 c:/program files (x86)/cypress/psoc creator/4.4/psoc creator/import/gnu/arm/5.4.1/bin/../lib/gcc/arm-none-eabi/5.4.1/../../../../arm-none-eabi/lib/armv7-m\libg_nano.a(lib_a-nano-svfprintf.o)
                0x00003614                _svfiprintf_r
                0x00003614                _svfprintf_r
 .text._printf_common
                0x000037fc       0xec c:/program files (x86)/cypress/psoc creator/4.4/psoc creator/import/gnu/arm/5.4.1/bin/../lib/gcc/arm-none-eabi/5.4.1/../../../../arm-none-eabi/lib/armv7-m\libg_nano.a(lib_a-nano-vfprintf_i.o)
                0x000037fc                _printf_common
 .text._printf_i
                0x000038e8      0x24c c:/program files (x86)/cypress/psoc creator/4.4/psoc creator/import/gnu/arm/5.4.1/bin/../lib/gcc/arm-none-eabi/5.4.1/../../../../arm-none-eabi/lib/armv7-m\libg_nano.a(lib_a-nano-vfprintf_i.o)
                0x000038e8                _printf_i
 .text.memchr   0x00003b34       0x1c c:/program files (x86)/cypress/psoc creator/4.4/psoc creator/import/gnu/arm/5.4.1/bin/../lib/gcc/arm-none-eabi/5.4.1/../../../../arm-none-eabi/lib/armv7-m\libg_nano.a(lib_a-memchr-stub.o)
                0x00003b34                memchr
 .text.memmove  0x00003b50       0x36 c:/program files (x86)/cypress/psoc creator/4.4/psoc creator/import/gnu/arm/5.4.1/bin/../lib/gcc/arm-none-eabi/5.4.1/../../../../arm-none-eabi/lib/armv7-m\libg_nano.a(lib_a-memmove.o)
                0x00003b50                memmove
 *fill*         0x00003b86        0x2 
 .text._free_r  0x00003b88       0x98 c:/program files (x86)/cypress/psoc creator/4.4/psoc creator/import/gnu/arm/5.4.1/bin/../lib/gcc/arm-none-eabi/5.4.1/../../../../arm-none-eabi/lib/armv7-m\libg_nano.a(lib_a-nano-freer.o)
                0x00003b88                _free_r
 .text._malloc_r
                0x00003c20       0xbc c:/program files (x86)/cypress/psoc creator/4.4/psoc creator/import/gnu/arm/5.4.1/bin/../lib/gcc/arm-none-eabi/5.4.1/../../../../arm-none-eabi/lib/armv7-m\libg_nano.a(lib_a-nano-mallocr.o)
                0x00003c20                _malloc_r
 .text._realloc_r
                0x00003cdc       0x4c c:/program files (x86)/cypress/psoc creator/4.4/psoc creator/import/gnu/arm/5.4.1/bin/../lib/gcc/arm-none-eabi/5.4.1/../../../../arm-none-eabi/lib/armv7-m\libg_nano.a(lib_a-nano-reallocr.o)
                0x00003cdc                _realloc_r
 .text._sbrk_r  0x00003d28       0x20 c:/program files (x86)/cypress/psoc creator/4.4/psoc creator/import/gnu/arm/5.4.1/bin/../lib/gcc/arm-none-eabi/5.4.1/../../../../arm-none-eabi/lib/armv7-m\libg_nano.a(lib_a-sbrkr.o)
                0x00003d28                _sbrk_r
 .text.__malloc_lock
                0x00003d48        0x2 c:/program files (x86)/cypress/psoc creator/4.4/psoc creator/import/gnu/arm/5.4.1/bin/../lib/gcc/arm-none-eabi/5.4.1/../../../../arm-none-eabi/lib/armv7-m\libg_nano.a(lib_a-mlock.o)
                0x00003d48                __malloc_lock
 .text.__malloc_unlock
                0x00003d4a        0x2 c:/program files (x86)/cypress/psoc creator/4.4/psoc creator/import/gnu/arm/5.4.1/bin/../lib/gcc/arm-none-eabi/5.4.1/../../../../arm-none-eabi/lib/armv7-m\libg_nano.a(lib_a-mlock.o)
                0x00003d4a                __malloc_unlock
 .text._malloc_usable_size_r
                0x00003d4c       0x14 c:/program files (x86)/cypress/psoc creator/4.4/psoc creator/import/gnu/arm/5.4.1/bin/../lib/gcc/arm-none-eabi/5.4.1/../../../../arm-none-eabi/lib/armv7-m\libg_nano.a(lib_a-nano-msizer.o)
                0x00003d4c                _malloc_usable_size_r
 *(.plt)
 *(.gnu.warning)
 *(.glue_7t)
 .glue_7t       0x00003d60        0x0 linker stubs
 *(.glue_7)
 .glue_7        0x00003d60        0x0 linker stubs
 *(.vfp11_veneer)
 .vfp11_veneer  0x00003d60        0x0 linker stubs
 *(.bootloader)
 *(.ARM.extab* .gnu.linkonce.armextab.*)
 *(.gcc_except_table)

.v4_bx          0x00003d60        0x0
 .v4_bx         0x00003d60        0x0 linker stubs

.iplt           0x00003d60        0x0
 .iplt          0x00003d60        0x0 c:/program files (x86)/cypress/psoc creator/4.4/psoc creator/import/gnu/arm/5.4.1/bin/../lib/gcc/arm-none-eabi/5.4.1/armv7-m/crtbegin.o

.eh_frame_hdr
 *(.eh_frame_hdr)

.eh_frame       0x00003d60        0x4
 *(.eh_frame)
 .eh_frame      0x00003d60        0x0 c:/program files (x86)/cypress/psoc creator/4.4/psoc creator/import/gnu/arm/5.4.1/bin/../lib/gcc/arm-none-eabi/5.4.1/armv7-m/crtbegin.o
 .eh_frame      0x00003d60        0x4 c:/program files (x86)/cypress/psoc creator/4.4/psoc creator/import/gnu/arm/5.4.1/bin/../lib/gcc/arm-none-eabi/5.4.1/armv7-m/crtend.o
                [!provide]                PROVIDE (__exidx_start, .)

.ARM.exidx
 *(.ARM.exidx* .gnu.linkonce.armexidx.*)
                0x00003d64                __exidx_end = .

.rodata         0x00003d64      0xa14
 *(.rodata .rodata.* .gnu.linkonce.r.*)
 .rodata        0x00003d64       0x26 .\ARM_GCC_541\Debug\main.o
 *fill*         0x00003d8a        0x2 
 .rodata        0x00003d8c      0x836 .\ARM_GCC_541\Debug\cyfitter_cfg.o
 *fill*         0x000045c2        0x2 
 .rodata        0x000045c4      0x144 .\ARM_GCC_541\Debug\CE195394_HID_Mouse01.a(USBFS_1_descr.o)
                0x000045c4                USBFS_1_DEVICE0_DESCR
                0x000045d8                USBFS_1_DEVICE0_CONFIGURATION0_DESCR
                0x000045fc                USBFS_1_STRING_DESCRIPTORS
                0x00004648                USBFS_1_HIDREPORT_DESCRIPTOR1
                0x00004680                USBFS_1_DEVICE0_CONFIGURATION0_INTERFACE0_ALTERNATE0_HID_IN_RPT_TABLE
                0x0000468c                USBFS_1_DEVICE0_CONFIGURATION0_INTERFACE0_ALTERNATE0_HID_TABLE
                0x000046b4                USBFS_1_DEVICE0_CONFIGURATION0_INTERFACE0_TABLE
                0x000046bc                USBFS_1_DEVICE0_CONFIGURATION0_EP_SETTINGS_TABLE
                0x000046c4                USBFS_1_DEVICE0_CONFIGURATION0_INTERFACE_CLASS
                0x000046c8                USBFS_1_DEVICE0_CONFIGURATION0_TABLE
                0x000046e8                USBFS_1_DEVICE0_TABLE
                0x00004700                USBFS_1_TABLE
 .rodata.str1.1
                0x00004708        0x2 c:/program files (x86)/cypress/psoc creator/4.4/psoc creator/import/gnu/arm/5.4.1/bin/../lib/gcc/arm-none-eabi/5.4.1/../../../../arm-none-eabi/lib/armv7-m\libg_nano.a(lib_a-impure.o)
 .rodata.str1.1
                0x0000470a       0x11 c:/program files (x86)/cypress/psoc creator/4.4/psoc creator/import/gnu/arm/5.4.1/bin/../lib/gcc/arm-none-eabi/5.4.1/../../../../arm-none-eabi/lib/armv7-m\libg_nano.a(lib_a-nano-svfprintf.o)
 .rodata.str1.1
                0x0000471b       0x22 c:/program files (x86)/cypress/psoc creator/4.4/psoc creator/import/gnu/arm/5.4.1/bin/../lib/gcc/arm-none-eabi/5.4.1/../../../../arm-none-eabi/lib/armv7-m\libg_nano.a(lib_a-nano-vfprintf_i.o)
                0x00004740                . = ALIGN (0x4)
 *fill*         0x0000473d        0x3 
 *(.init)
 .init          0x00004740        0x4 c:/program files (x86)/cypress/psoc creator/4.4/psoc creator/import/gnu/arm/5.4.1/bin/../lib/gcc/arm-none-eabi/5.4.1/armv7-m/crti.o
                0x00004740                _init
 .init          0x00004744        0x8 c:/program files (x86)/cypress/psoc creator/4.4/psoc creator/import/gnu/arm/5.4.1/bin/../lib/gcc/arm-none-eabi/5.4.1/armv7-m/crtn.o
                0x0000474c                . = ALIGN (0x4)
                0x0000474c                __preinit_array_start = .
 *(.preinit_array)
                0x0000474c                __preinit_array_end = .
                0x0000474c                . = ALIGN (0x4)
                0x0000474c                __init_array_start = .
 *(SORT(.init_array.*))
 *(.init_array)
 .init_array    0x0000474c        0x4 c:/program files (x86)/cypress/psoc creator/4.4/psoc creator/import/gnu/arm/5.4.1/bin/../lib/gcc/arm-none-eabi/5.4.1/armv7-m/crtbegin.o
 .init_array    0x00004750        0x4 .\ARM_GCC_541\Debug\Cm3Start.o
                0x00004754                __init_array_end = .
                0x00004754                . = ALIGN (0x4)
 *(.fini)
 .fini          0x00004754        0x4 c:/program files (x86)/cypress/psoc creator/4.4/psoc creator/import/gnu/arm/5.4.1/bin/../lib/gcc/arm-none-eabi/5.4.1/armv7-m/crti.o
                0x00004754                _fini
 .fini          0x00004758        0x8 c:/program files (x86)/cypress/psoc creator/4.4/psoc creator/import/gnu/arm/5.4.1/bin/../lib/gcc/arm-none-eabi/5.4.1/armv7-m/crtn.o
                0x00004760                . = ALIGN (0x4)
                0x00004760                __fini_array_start = .
 *(.fini_array)
 .fini_array    0x00004760        0x4 c:/program files (x86)/cypress/psoc creator/4.4/psoc creator/import/gnu/arm/5.4.1/bin/../lib/gcc/arm-none-eabi/5.4.1/armv7-m/crtbegin.o
 *(SORT(.fini_array.*))
                0x00004764                __fini_array_end = .
                0x00004764                . = ALIGN (0x4)
 *crtbegin.o(.ctors)
 *(EXCLUDE_FILE(*crtend.o) .ctors)
 *(SORT(.ctors.*))
 *crtend.o(.ctors)
                0x00004764                . = ALIGN (0x4)
 *crtbegin.o(.dtors)
 *(EXCLUDE_FILE(*crtend.o) .dtors)
 *(SORT(.dtors.*))
 *crtend.o(.dtors)
                0x00004764                . = ALIGN (0x4)
                0x00004764                __cy_regions = .
                0x00004764        0x4 LONG 0x4778 __cy_region_init_ram
                0x00004768        0x4 LONG 0x1fff80c8 __cy_region_start_data
                0x0000476c        0x4 LONG 0x90 __cy_region_init_size_ram
                0x00004770        0x4 LONG 0x100 __cy_region_zero_size_ram
                0x00004774                __cy_regions_end = .
                0x00004778                . = ALIGN (0x8)
 *fill*         0x00004774        0x4 
                0x00004778                _etext = .

.cy_checksum_exclude
                0x00004778        0x0
 *(.cy_checksum_exclude)

.ramvectors     0x1fff8000       0xc0
                0x1fff8000                __cy_region_start_ram = .
 *(.ramvectors)
 .ramvectors    0x1fff8000       0xc0 .\ARM_GCC_541\Debug\Cm3Start.o
                0x1fff8000                CyRamVectors

.noinit         0x1fff80c0        0x5
 *(.noinit)
 .noinit        0x1fff80c0        0x4 .\ARM_GCC_541\Debug\Cm3Start.o
 .noinit        0x1fff80c4        0x1 .\ARM_GCC_541\Debug\CE195394_HID_Mouse01.a(CyLib.o)
                0x1fff80c4                CyResetStatus

.data           0x1fff80c8       0x90 load address 0x00004778
                0x1fff80c8                __cy_region_start_data = .
 *(.jcr)
 .jcr           0x1fff80c8        0x0 c:/program files (x86)/cypress/psoc creator/4.4/psoc creator/import/gnu/arm/5.4.1/bin/../lib/gcc/arm-none-eabi/5.4.1/armv7-m/crtbegin.o
 .jcr           0x1fff80c8        0x4 c:/program files (x86)/cypress/psoc creator/4.4/psoc creator/import/gnu/arm/5.4.1/bin/../lib/gcc/arm-none-eabi/5.4.1/armv7-m/crtend.o
 *(.got.plt)
 *(.got)
 *(.shdata)
 *(.data .data.* .gnu.linkonce.d.*)
 .data          0x1fff80cc        0x1 .\ARM_GCC_541\Debug\main.o
 *fill*         0x1fff80cd        0x3 
 .data          0x1fff80d0        0x4 .\ARM_GCC_541\Debug\Cm3Start.o
 .data          0x1fff80d4        0x8 .\ARM_GCC_541\Debug\CE195394_HID_Mouse01.a(CyDmac.o)
 .data          0x1fff80dc       0x10 .\ARM_GCC_541\Debug\CE195394_HID_Mouse01.a(CyLib.o)
                0x1fff80dc                cydelay_freq_hz
                0x1fff80e0                cydelay_freq_khz
                0x1fff80e4                cydelay_freq_mhz
                0x1fff80e8                cydelay_32k_ms
 .data          0x1fff80ec        0x2 .\ARM_GCC_541\Debug\CE195394_HID_Mouse01.a(ADC.o)
 .data          0x1fff80ee        0x1 .\ARM_GCC_541\Debug\CE195394_HID_Mouse01.a(ADC_TempBuf_dma.o)
                0x1fff80ee                ADC_TempBuf_DmaHandle
 .data          0x1fff80ef        0x1 .\ARM_GCC_541\Debug\CE195394_HID_Mouse01.a(ADC_FinalBuf_dma.o)
                0x1fff80ef                ADC_FinalBuf_DmaHandle
 .data.impure_data
                0x1fff80f0       0x60 c:/program files (x86)/cypress/psoc creator/4.4/psoc creator/import/gnu/arm/5.4.1/bin/../lib/gcc/arm-none-eabi/5.4.1/../../../../arm-none-eabi/lib/armv7-m\libg_nano.a(lib_a-impure.o)
 .data._impure_ptr
                0x1fff8150        0x4 c:/program files (x86)/cypress/psoc creator/4.4/psoc creator/import/gnu/arm/5.4.1/bin/../lib/gcc/arm-none-eabi/5.4.1/../../../../arm-none-eabi/lib/armv7-m\libg_nano.a(lib_a-impure.o)
                0x1fff8150                _impure_ptr
                0x1fff8158                . = ALIGN (0x8)
 *fill*         0x1fff8154        0x4 
 *(.ram)
                0x1fff8158                _edata = .

.igot.plt       0x1fff8158        0x0 load address 0x00004808
 .igot.plt      0x1fff8158        0x0 c:/program files (x86)/cypress/psoc creator/4.4/psoc creator/import/gnu/arm/5.4.1/bin/../lib/gcc/arm-none-eabi/5.4.1/armv7-m/crtbegin.o

.bss            0x1fff8158      0x100 load address 0x00004808
                0x1fff8158                PROVIDE (__bss_start__, .)
 *(.shbss)
 *(.bss .bss.* .gnu.linkonce.b.*)
 .bss           0x1fff8158       0x1c c:/program files (x86)/cypress/psoc creator/4.4/psoc creator/import/gnu/arm/5.4.1/bin/../lib/gcc/arm-none-eabi/5.4.1/armv7-m/crtbegin.o
 .bss           0x1fff8174        0x3 .\ARM_GCC_541\Debug\main.o
 .bss           0x1fff8177        0x1 .\ARM_GCC_541\Debug\CE195394_HID_Mouse01.a(USBFS_1.o)
                0x1fff8177                USBFS_1_initVar
 .bss           0x1fff8178        0x2 .\ARM_GCC_541\Debug\CE195394_HID_Mouse01.a(USBFS_1_std.o)
 *fill*         0x1fff817a        0x2 
 .bss           0x1fff817c        0xc .\ARM_GCC_541\Debug\CE195394_HID_Mouse01.a(ADC.o)
                0x1fff817c                ADC_initVar
 .bss           0x1fff8188        0x2 .\ARM_GCC_541\Debug\CE195394_HID_Mouse01.a(UART.o)
                0x1fff8188                UART_initVar
 .bss           0x1fff818a        0x1 .\ARM_GCC_541\Debug\CE195394_HID_Mouse01.a(ADC_SAR.o)
                0x1fff818a                ADC_SAR_initVar
 *fill*         0x1fff818b        0x1 
 .bss.__malloc_sbrk_start
                0x1fff818c        0x4 c:/program files (x86)/cypress/psoc creator/4.4/psoc creator/import/gnu/arm/5.4.1/bin/../lib/gcc/arm-none-eabi/5.4.1/../../../../arm-none-eabi/lib/armv7-m\libg_nano.a(lib_a-nano-mallocr.o)
                0x1fff818c                __malloc_sbrk_start
 .bss.__malloc_free_list
                0x1fff8190        0x4 c:/program files (x86)/cypress/psoc creator/4.4/psoc creator/import/gnu/arm/5.4.1/bin/../lib/gcc/arm-none-eabi/5.4.1/../../../../arm-none-eabi/lib/armv7-m\libg_nano.a(lib_a-nano-mallocr.o)
                0x1fff8190                __malloc_free_list
 *(COMMON)
 COMMON         0x1fff8194       0x96 .\ARM_GCC_541\Debug\CE195394_HID_Mouse01.a(USBFS_1_drv.o)
                0x1fff8194                USBFS_1_lastPacketSize
                0x1fff8196                USBFS_1_transferByteCount
                0x1fff8198                USBFS_1_interfaceSetting
                0x1fff819c                USBFS_1_interfaceClass
                0x1fff81a0                USBFS_1_device
                0x1fff81a1                USBFS_1_deviceAddress
                0x1fff81a2                USBFS_1_ep0Count
                0x1fff81a3                USBFS_1_ep0Mode
                0x1fff81a4                USBFS_1_currentTD
                0x1fff81b0                USBFS_1_configuration
                0x1fff81b4                USBFS_1_interfaceSettingLast
                0x1fff81b5                USBFS_1_interfaceNumber
                0x1fff81b6                USBFS_1_configurationChanged
                0x1fff81b7                USBFS_1_transferState
                0x1fff81b8                USBFS_1_EP
                0x1fff8224                USBFS_1_ep0Toggle
                0x1fff8228                USBFS_1_interfaceStatus
                0x1fff8229                USBFS_1_deviceStatus
 *fill*         0x1fff822a        0x2 
 COMMON         0x1fff822c        0x9 .\ARM_GCC_541\Debug\CE195394_HID_Mouse01.a(USBFS_1_hid.o)
                0x1fff822c                USBFS_1_hidIdleTimer
                0x1fff8230                USBFS_1_hidIdleRate
                0x1fff8234                USBFS_1_hidProtocol
 *fill*         0x1fff8235        0x3 
 COMMON         0x1fff8238        0x4 .\ARM_GCC_541\Debug\CE195394_HID_Mouse01.a(ADC.o)
                0x1fff8238                ADC_finalArray
 COMMON         0x1fff823c        0xa .\ARM_GCC_541\Debug\CE195394_HID_Mouse01.a(ADC_SAR.o)
                0x1fff823c                ADC_SAR_countsPerVolt
                0x1fff823e                ADC_SAR_shift
                0x1fff8240                ADC_SAR_countsPer10Volt
                0x1fff8244                ADC_SAR_offset
 *fill*         0x1fff8246        0x2 
 COMMON         0x1fff8248        0x8 .\ARM_GCC_541\Debug\CE195394_HID_Mouse01.a(USBFS_1_descr.o)
                0x1fff8248                USBFS_1_DEVICE0_CONFIGURATION0_INTERFACE0_ALTERNATE0_HID_IN_RPT_SCB
                0x1fff824c                USBFS_1_DEVICE0_CONFIGURATION0_INTERFACE0_ALTERNATE0_HID_IN_BUF
 COMMON         0x1fff8250        0x4 c:/program files (x86)/cypress/psoc creator/4.4/psoc creator/import/gnu/arm/5.4.1/bin/../lib/gcc/arm-none-eabi/5.4.1/../../../../arm-none-eabi/lib/armv7-m\libg_nano.a(lib_a-reent.o)
                0x1fff8250                errno
                0x1fff8258                . = ALIGN (0x8)
 *fill*         0x1fff8254        0x4 
 *(.ram.b)
                0x1fff8258                _end = .
                0x1fff8258                __end = .
                0x1fff8258                PROVIDE (end, .)
                0x1fff8258                PROVIDE (__bss_end__, .)
                0x00004778                __cy_region_init_ram = LOADADDR (.data)
                0x00000090                __cy_region_init_size_ram = (_edata - ADDR (.data))
                0x00000100                __cy_region_zero_size_ram = (_end - _edata)

.heap           0x1fff8258       0x80 load address 0x00004808
                0x1fff8258                . = _end
                0x1fff82d8                . = (. + 0x80)
 *fill*         0x1fff8258       0x80 
                0x1fff82d8                __cy_heap_limit = .

.stack          0x20007800      0x800
                0x20007800                __cy_stack_limit = .
                0x20008000                . = (. + 0x800)
 *fill*         0x20007800      0x800 
                0x00000001                ASSERT ((__cy_stack_limit >= __cy_heap_limit), region RAM overflowed with stack)
                0x00000000                cy_checksum_exclude_size = (CY_APPL_LOADABLE == 0x1)?SIZEOF (.cy_checksum_exclude):0x0
                0x00000001                ASSERT ((cy_checksum_exclude_size <= CY_CHECKSUM_EXCLUDE_SIZE), CY_BOOT: Section .cy_checksum_exclude size exceedes specified limit.)

.cyloadermeta
 *(.cyloadermeta)

.cyloadablemeta
 *(.cyloadablemeta)

.cyconfigecc    0x80000000        0x1
 *(.cyconfigecc)
 .cyconfigecc   0x80000000        0x1 .\ARM_GCC_541\Debug\cymetadata.o
                0x80000000                cy_meta_configecc

.cycustnvl      0x90000000        0x4
 *(.cycustnvl)
 .cycustnvl     0x90000000        0x4 .\ARM_GCC_541\Debug\cymetadata.o
                0x90000000                cy_meta_custnvl

.cywolatch      0x90100000        0x4
 *(.cywolatch)
 .cywolatch     0x90100000        0x4 .\ARM_GCC_541\Debug\cymetadata.o
                0x90100000                cy_meta_wonvl

.cyeeprom       0x90200000        0x0
 *(.cyeeprom)
                0x00000001                ASSERT ((. <= ((0x90200000 + ee_offset) + ee_size)), .cyeeprom data will not fit in EEPROM)

.cyflashprotect
                0x90400000      0x100
 *(.cyflashprotect)
 .cyflashprotect
                0x90400000      0x100 .\ARM_GCC_541\Debug\cymetadata.o
                0x90400000                cy_meta_flashprotect

.cymeta         0x90500000        0xc
 *(.cymeta)
 .cymeta        0x90500000        0xc .\ARM_GCC_541\Debug\cymetadata.o
                0x90500000                cy_metadata

.rel.dyn        0x00004808        0x0 load address 0x9050000c
 .rel.iplt      0x00004808        0x0 c:/program files (x86)/cypress/psoc creator/4.4/psoc creator/import/gnu/arm/5.4.1/bin/../lib/gcc/arm-none-eabi/5.4.1/armv7-m/crtbegin.o

.stab
 *(.stab)

.stabstr
 *(.stabstr)

.debug
 *(.debug)

.line
 *(.line)

.debug_srcinfo
 *(.debug_srcinfo)

.debug_sfnames
 *(.debug_sfnames)

.debug_aranges  0x00000000      0xd20
 *(.debug_aranges)
 .debug_aranges
                0x00000000       0x20 .\ARM_GCC_541\Debug\main.o
 .debug_aranges
                0x00000020       0x60 .\ARM_GCC_541\Debug\cyfitter_cfg.o
 .debug_aranges
                0x00000080       0x18 .\ARM_GCC_541\Debug\cymetadata.o
 .debug_aranges
                0x00000098       0x48 .\ARM_GCC_541\Debug\Cm3Start.o
 .debug_aranges
                0x000000e0       0xc8 .\ARM_GCC_541\Debug\CE195394_HID_Mouse01.a(USBFS_1.o)
 .debug_aranges
                0x000001a8       0x98 .\ARM_GCC_541\Debug\CE195394_HID_Mouse01.a(USBFS_1_drv.o)
 .debug_aranges
                0x00000240       0x30 .\ARM_GCC_541\Debug\CE195394_HID_Mouse01.a(USBFS_1_episr.o)
 .debug_aranges
                0x00000270       0x48 .\ARM_GCC_541\Debug\CE195394_HID_Mouse01.a(USBFS_1_hid.o)
 .debug_aranges
                0x000002b8       0x40 .\ARM_GCC_541\Debug\CE195394_HID_Mouse01.a(USBFS_1_pm.o)
 .debug_aranges
                0x000002f8       0x78 .\ARM_GCC_541\Debug\CE195394_HID_Mouse01.a(USBFS_1_std.o)
 .debug_aranges
                0x00000370       0x20 .\ARM_GCC_541\Debug\CE195394_HID_Mouse01.a(USBFS_1_vnd.o)
 .debug_aranges
                0x00000390       0x48 .\ARM_GCC_541\Debug\CE195394_HID_Mouse01.a(USBFS_1_Dp.o)
 .debug_aranges
                0x000003d8       0xd8 .\ARM_GCC_541\Debug\CE195394_HID_Mouse01.a(CyDmac.o)
 .debug_aranges
                0x000004b0      0x2a0 .\ARM_GCC_541\Debug\CE195394_HID_Mouse01.a(CyLib.o)
 .debug_aranges
                0x00000750       0x98 .\ARM_GCC_541\Debug\CE195394_HID_Mouse01.a(cyPm.o)
 .debug_aranges
                0x000007e8       0x38 .\ARM_GCC_541\Debug\CE195394_HID_Mouse01.a(SW.o)
 .debug_aranges
                0x00000820       0xa0 .\ARM_GCC_541\Debug\CE195394_HID_Mouse01.a(ADC.o)
 .debug_aranges
                0x000008c0       0x20 .\ARM_GCC_541\Debug\CE195394_HID_Mouse01.a(ADC_INT.o)
 .debug_aranges
                0x000008e0       0xf0 .\ARM_GCC_541\Debug\CE195394_HID_Mouse01.a(UART.o)
 .debug_aranges
                0x000009d0       0xa8 .\ARM_GCC_541\Debug\CE195394_HID_Mouse01.a(ADC_SAR.o)
 .debug_aranges
                0x00000a78       0x28 .\ARM_GCC_541\Debug\CE195394_HID_Mouse01.a(ADC_TempBuf_dma.o)
 .debug_aranges
                0x00000aa0       0x28 .\ARM_GCC_541\Debug\CE195394_HID_Mouse01.a(ADC_FinalBuf_dma.o)
 .debug_aranges
                0x00000ac8       0x80 .\ARM_GCC_541\Debug\CE195394_HID_Mouse01.a(ADC_IRQ.o)
 .debug_aranges
                0x00000b48       0x70 .\ARM_GCC_541\Debug\CE195394_HID_Mouse01.a(UART_IntClock.o)
 .debug_aranges
                0x00000bb8       0x20 .\ARM_GCC_541\Debug\CE195394_HID_Mouse01.a(CyBootAsmGnu.o)
 .debug_aranges
                0x00000bd8       0x20 .\ARM_GCC_541\Debug\CE195394_HID_Mouse01.a(USBFS_1_cls.o)
 .debug_aranges
                0x00000bf8       0x18 .\ARM_GCC_541\Debug\CE195394_HID_Mouse01.a(USBFS_1_descr.o)
 .debug_aranges
                0x00000c10       0x90 .\ARM_GCC_541\Debug\CE195394_HID_Mouse01.a(CyFlash.o)
 .debug_aranges
                0x00000ca0       0x80 .\ARM_GCC_541\Debug\CE195394_HID_Mouse01.a(CySpc.o)

.debug_pubnames
 *(.debug_pubnames)

.debug_info     0x00000000     0x6a3c
 *(.debug_info .gnu.linkonce.wi.*)
 .debug_info    0x00000000      0x15f .\ARM_GCC_541\Debug\main.o
 .debug_info    0x0000015f      0x4ca .\ARM_GCC_541\Debug\cyfitter_cfg.o
 .debug_info    0x00000629      0x134 .\ARM_GCC_541\Debug\cymetadata.o
 .debug_info    0x0000075d      0x32b .\ARM_GCC_541\Debug\Cm3Start.o
 .debug_info    0x00000a88      0x747 .\ARM_GCC_541\Debug\CE195394_HID_Mouse01.a(USBFS_1.o)
 .debug_info    0x000011cf      0x52d .\ARM_GCC_541\Debug\CE195394_HID_Mouse01.a(USBFS_1_drv.o)
 .debug_info    0x000016fc      0x219 .\ARM_GCC_541\Debug\CE195394_HID_Mouse01.a(USBFS_1_episr.o)
 .debug_info    0x00001915      0x37b .\ARM_GCC_541\Debug\CE195394_HID_Mouse01.a(USBFS_1_hid.o)
 .debug_info    0x00001c90      0x18d .\ARM_GCC_541\Debug\CE195394_HID_Mouse01.a(USBFS_1_pm.o)
 .debug_info    0x00001e1d      0x877 .\ARM_GCC_541\Debug\CE195394_HID_Mouse01.a(USBFS_1_std.o)
 .debug_info    0x00002694       0xef .\ARM_GCC_541\Debug\CE195394_HID_Mouse01.a(USBFS_1_vnd.o)
 .debug_info    0x00002783      0x171 .\ARM_GCC_541\Debug\CE195394_HID_Mouse01.a(USBFS_1_Dp.o)
 .debug_info    0x000028f4      0x8c0 .\ARM_GCC_541\Debug\CE195394_HID_Mouse01.a(CyDmac.o)
 .debug_info    0x000031b4      0xe51 .\ARM_GCC_541\Debug\CE195394_HID_Mouse01.a(CyLib.o)
 .debug_info    0x00004005      0x57a .\ARM_GCC_541\Debug\CE195394_HID_Mouse01.a(cyPm.o)
 .debug_info    0x0000457f      0x11e .\ARM_GCC_541\Debug\CE195394_HID_Mouse01.a(SW.o)
 .debug_info    0x0000469d      0x3ab .\ARM_GCC_541\Debug\CE195394_HID_Mouse01.a(ADC.o)
 .debug_info    0x00004a48       0xa0 .\ARM_GCC_541\Debug\CE195394_HID_Mouse01.a(ADC_INT.o)
 .debug_info    0x00004ae8      0x50a .\ARM_GCC_541\Debug\CE195394_HID_Mouse01.a(UART.o)
 .debug_info    0x00004ff2      0x462 .\ARM_GCC_541\Debug\CE195394_HID_Mouse01.a(ADC_SAR.o)
 .debug_info    0x00005454      0x11b .\ARM_GCC_541\Debug\CE195394_HID_Mouse01.a(ADC_TempBuf_dma.o)
 .debug_info    0x0000556f      0x11b .\ARM_GCC_541\Debug\CE195394_HID_Mouse01.a(ADC_FinalBuf_dma.o)
 .debug_info    0x0000568a      0x241 .\ARM_GCC_541\Debug\CE195394_HID_Mouse01.a(ADC_IRQ.o)
 .debug_info    0x000058cb      0x25d .\ARM_GCC_541\Debug\CE195394_HID_Mouse01.a(UART_IntClock.o)
 .debug_info    0x00005b28       0xdd .\ARM_GCC_541\Debug\CE195394_HID_Mouse01.a(CyBootAsmGnu.o)
 .debug_info    0x00005c05      0x1c8 .\ARM_GCC_541\Debug\CE195394_HID_Mouse01.a(USBFS_1_cls.o)
 .debug_info    0x00005dcd      0x39f .\ARM_GCC_541\Debug\CE195394_HID_Mouse01.a(USBFS_1_descr.o)
 .debug_info    0x0000616c      0x410 .\ARM_GCC_541\Debug\CE195394_HID_Mouse01.a(CyFlash.o)
 .debug_info    0x0000657c      0x4c0 .\ARM_GCC_541\Debug\CE195394_HID_Mouse01.a(CySpc.o)

.debug_abbrev   0x00000000     0x1fc7
 *(.debug_abbrev)
 .debug_abbrev  0x00000000       0xa0 .\ARM_GCC_541\Debug\main.o
 .debug_abbrev  0x000000a0      0x1a8 .\ARM_GCC_541\Debug\cyfitter_cfg.o
 .debug_abbrev  0x00000248       0x5d .\ARM_GCC_541\Debug\cymetadata.o
 .debug_abbrev  0x000002a5      0x1d6 .\ARM_GCC_541\Debug\Cm3Start.o
 .debug_abbrev  0x0000047b      0x1f3 .\ARM_GCC_541\Debug\CE195394_HID_Mouse01.a(USBFS_1.o)
 .debug_abbrev  0x0000066e      0x161 .\ARM_GCC_541\Debug\CE195394_HID_Mouse01.a(USBFS_1_drv.o)
 .debug_abbrev  0x000007cf       0xfd .\ARM_GCC_541\Debug\CE195394_HID_Mouse01.a(USBFS_1_episr.o)
 .debug_abbrev  0x000008cc      0x15e .\ARM_GCC_541\Debug\CE195394_HID_Mouse01.a(USBFS_1_hid.o)
 .debug_abbrev  0x00000a2a       0xd1 .\ARM_GCC_541\Debug\CE195394_HID_Mouse01.a(USBFS_1_pm.o)
 .debug_abbrev  0x00000afb      0x1b9 .\ARM_GCC_541\Debug\CE195394_HID_Mouse01.a(USBFS_1_std.o)
 .debug_abbrev  0x00000cb4       0x9b .\ARM_GCC_541\Debug\CE195394_HID_Mouse01.a(USBFS_1_vnd.o)
 .debug_abbrev  0x00000d4f       0x90 .\ARM_GCC_541\Debug\CE195394_HID_Mouse01.a(USBFS_1_Dp.o)
 .debug_abbrev  0x00000ddf      0x194 .\ARM_GCC_541\Debug\CE195394_HID_Mouse01.a(CyDmac.o)
 .debug_abbrev  0x00000f73      0x217 .\ARM_GCC_541\Debug\CE195394_HID_Mouse01.a(CyLib.o)
 .debug_abbrev  0x0000118a      0x161 .\ARM_GCC_541\Debug\CE195394_HID_Mouse01.a(cyPm.o)
 .debug_abbrev  0x000012eb       0x90 .\ARM_GCC_541\Debug\CE195394_HID_Mouse01.a(SW.o)
 .debug_abbrev  0x0000137b      0x155 .\ARM_GCC_541\Debug\CE195394_HID_Mouse01.a(ADC.o)
 .debug_abbrev  0x000014d0       0x42 .\ARM_GCC_541\Debug\CE195394_HID_Mouse01.a(ADC_INT.o)
 .debug_abbrev  0x00001512      0x163 .\ARM_GCC_541\Debug\CE195394_HID_Mouse01.a(UART.o)
 .debug_abbrev  0x00001675      0x173 .\ARM_GCC_541\Debug\CE195394_HID_Mouse01.a(ADC_SAR.o)
 .debug_abbrev  0x000017e8       0x8b .\ARM_GCC_541\Debug\CE195394_HID_Mouse01.a(ADC_TempBuf_dma.o)
 .debug_abbrev  0x00001873       0x8b .\ARM_GCC_541\Debug\CE195394_HID_Mouse01.a(ADC_FinalBuf_dma.o)
 .debug_abbrev  0x000018fe      0x172 .\ARM_GCC_541\Debug\CE195394_HID_Mouse01.a(ADC_IRQ.o)
 .debug_abbrev  0x00001a70      0x11d .\ARM_GCC_541\Debug\CE195394_HID_Mouse01.a(UART_IntClock.o)
 .debug_abbrev  0x00001b8d       0x14 .\ARM_GCC_541\Debug\CE195394_HID_Mouse01.a(CyBootAsmGnu.o)
 .debug_abbrev  0x00001ba1       0xc5 .\ARM_GCC_541\Debug\CE195394_HID_Mouse01.a(USBFS_1_cls.o)
 .debug_abbrev  0x00001c66       0xaa .\ARM_GCC_541\Debug\CE195394_HID_Mouse01.a(USBFS_1_descr.o)
 .debug_abbrev  0x00001d10      0x14b .\ARM_GCC_541\Debug\CE195394_HID_Mouse01.a(CyFlash.o)
 .debug_abbrev  0x00001e5b      0x16c .\ARM_GCC_541\Debug\CE195394_HID_Mouse01.a(CySpc.o)

.debug_line     0x00000000     0x34a3
 *(.debug_line)
 .debug_line    0x00000000      0x1a7 .\ARM_GCC_541\Debug\main.o
 .debug_line    0x000001a7      0x204 .\ARM_GCC_541\Debug\cyfitter_cfg.o
 .debug_line    0x000003ab      0x141 .\ARM_GCC_541\Debug\cymetadata.o
 .debug_line    0x000004ec      0x1db .\ARM_GCC_541\Debug\Cm3Start.o
 .debug_line    0x000006c7      0x31f .\ARM_GCC_541\Debug\CE195394_HID_Mouse01.a(USBFS_1.o)
 .debug_line    0x000009e6      0x21f .\ARM_GCC_541\Debug\CE195394_HID_Mouse01.a(USBFS_1_drv.o)
 .debug_line    0x00000c05       0xb6 .\ARM_GCC_541\Debug\CE195394_HID_Mouse01.a(USBFS_1_episr.o)
 .debug_line    0x00000cbb      0x179 .\ARM_GCC_541\Debug\CE195394_HID_Mouse01.a(USBFS_1_hid.o)
 .debug_line    0x00000e34       0xe6 .\ARM_GCC_541\Debug\CE195394_HID_Mouse01.a(USBFS_1_pm.o)
 .debug_line    0x00000f1a      0x410 .\ARM_GCC_541\Debug\CE195394_HID_Mouse01.a(USBFS_1_std.o)
 .debug_line    0x0000132a       0x79 .\ARM_GCC_541\Debug\CE195394_HID_Mouse01.a(USBFS_1_vnd.o)
 .debug_line    0x000013a3       0xbf .\ARM_GCC_541\Debug\CE195394_HID_Mouse01.a(USBFS_1_Dp.o)
 .debug_line    0x00001462      0x2b6 .\ARM_GCC_541\Debug\CE195394_HID_Mouse01.a(CyDmac.o)
 .debug_line    0x00001718      0x883 .\ARM_GCC_541\Debug\CE195394_HID_Mouse01.a(CyLib.o)
 .debug_line    0x00001f9b      0x38e .\ARM_GCC_541\Debug\CE195394_HID_Mouse01.a(cyPm.o)
 .debug_line    0x00002329       0x92 .\ARM_GCC_541\Debug\CE195394_HID_Mouse01.a(SW.o)
 .debug_line    0x000023bb      0x1bf .\ARM_GCC_541\Debug\CE195394_HID_Mouse01.a(ADC.o)
 .debug_line    0x0000257a       0x53 .\ARM_GCC_541\Debug\CE195394_HID_Mouse01.a(ADC_INT.o)
 .debug_line    0x000025cd      0x2e2 .\ARM_GCC_541\Debug\CE195394_HID_Mouse01.a(UART.o)
 .debug_line    0x000028af      0x205 .\ARM_GCC_541\Debug\CE195394_HID_Mouse01.a(ADC_SAR.o)
 .debug_line    0x00002ab4       0x7e .\ARM_GCC_541\Debug\CE195394_HID_Mouse01.a(ADC_TempBuf_dma.o)
 .debug_line    0x00002b32       0x7f .\ARM_GCC_541\Debug\CE195394_HID_Mouse01.a(ADC_FinalBuf_dma.o)
 .debug_line    0x00002bb1      0x142 .\ARM_GCC_541\Debug\CE195394_HID_Mouse01.a(ADC_IRQ.o)
 .debug_line    0x00002cf3      0x1ac .\ARM_GCC_541\Debug\CE195394_HID_Mouse01.a(UART_IntClock.o)
 .debug_line    0x00002e9f       0x7d .\ARM_GCC_541\Debug\CE195394_HID_Mouse01.a(CyBootAsmGnu.o)
 .debug_line    0x00002f1c       0x93 .\ARM_GCC_541\Debug\CE195394_HID_Mouse01.a(USBFS_1_cls.o)
 .debug_line    0x00002faf       0x61 .\ARM_GCC_541\Debug\CE195394_HID_Mouse01.a(USBFS_1_descr.o)
 .debug_line    0x00003010      0x242 .\ARM_GCC_541\Debug\CE195394_HID_Mouse01.a(CyFlash.o)
 .debug_line    0x00003252      0x251 .\ARM_GCC_541\Debug\CE195394_HID_Mouse01.a(CySpc.o)

.debug_frame    0x00000000     0x3730
 *(.debug_frame)
 .debug_frame   0x00000000       0x38 .\ARM_GCC_541\Debug\main.o
 .debug_frame   0x00000038      0x16c .\ARM_GCC_541\Debug\cyfitter_cfg.o
 .debug_frame   0x000001a4       0xd8 .\ARM_GCC_541\Debug\Cm3Start.o
 .debug_frame   0x0000027c      0x380 .\ARM_GCC_541\Debug\CE195394_HID_Mouse01.a(USBFS_1.o)
 .debug_frame   0x000005fc      0x23c .\ARM_GCC_541\Debug\CE195394_HID_Mouse01.a(USBFS_1_drv.o)
 .debug_frame   0x00000838       0x74 .\ARM_GCC_541\Debug\CE195394_HID_Mouse01.a(USBFS_1_episr.o)
 .debug_frame   0x000008ac      0x100 .\ARM_GCC_541\Debug\CE195394_HID_Mouse01.a(USBFS_1_hid.o)
 .debug_frame   0x000009ac       0xbc .\ARM_GCC_541\Debug\CE195394_HID_Mouse01.a(USBFS_1_pm.o)
 .debug_frame   0x00000a68      0x1f8 .\ARM_GCC_541\Debug\CE195394_HID_Mouse01.a(USBFS_1_std.o)
 .debug_frame   0x00000c60       0x38 .\ARM_GCC_541\Debug\CE195394_HID_Mouse01.a(USBFS_1_vnd.o)
 .debug_frame   0x00000c98       0xf4 .\ARM_GCC_541\Debug\CE195394_HID_Mouse01.a(USBFS_1_Dp.o)
 .debug_frame   0x00000d8c      0x3d0 .\ARM_GCC_541\Debug\CE195394_HID_Mouse01.a(CyDmac.o)
 .debug_frame   0x0000115c      0xc0c .\ARM_GCC_541\Debug\CE195394_HID_Mouse01.a(CyLib.o)
 .debug_frame   0x00001d68      0x234 .\ARM_GCC_541\Debug\CE195394_HID_Mouse01.a(cyPm.o)
 .debug_frame   0x00001f9c       0xa8 .\ARM_GCC_541\Debug\CE195394_HID_Mouse01.a(SW.o)
 .debug_frame   0x00002044      0x264 .\ARM_GCC_541\Debug\CE195394_HID_Mouse01.a(ADC.o)
 .debug_frame   0x000022a8       0x34 .\ARM_GCC_541\Debug\CE195394_HID_Mouse01.a(ADC_INT.o)
 .debug_frame   0x000022dc      0x42c .\ARM_GCC_541\Debug\CE195394_HID_Mouse01.a(UART.o)
 .debug_frame   0x00002708      0x2bc .\ARM_GCC_541\Debug\CE195394_HID_Mouse01.a(ADC_SAR.o)
 .debug_frame   0x000029c4       0x58 .\ARM_GCC_541\Debug\CE195394_HID_Mouse01.a(ADC_TempBuf_dma.o)
 .debug_frame   0x00002a1c       0x58 .\ARM_GCC_541\Debug\CE195394_HID_Mouse01.a(ADC_FinalBuf_dma.o)
 .debug_frame   0x00002a74      0x1e8 .\ARM_GCC_541\Debug\CE195394_HID_Mouse01.a(ADC_IRQ.o)
 .debug_frame   0x00002c5c      0x1b4 .\ARM_GCC_541\Debug\CE195394_HID_Mouse01.a(UART_IntClock.o)
 .debug_frame   0x00002e10       0x38 .\ARM_GCC_541\Debug\CE195394_HID_Mouse01.a(USBFS_1_cls.o)
 .debug_frame   0x00002e48      0x260 .\ARM_GCC_541\Debug\CE195394_HID_Mouse01.a(CyFlash.o)
 .debug_frame   0x000030a8      0x228 .\ARM_GCC_541\Debug\CE195394_HID_Mouse01.a(CySpc.o)
 .debug_frame   0x000032d0       0x44 c:/program files (x86)/cypress/psoc creator/4.4/psoc creator/import/gnu/arm/5.4.1/bin/../lib/gcc/arm-none-eabi/5.4.1/armv7-m\libgcc.a(_aeabi_ldivmod.o)
 .debug_frame   0x00003314       0x38 c:/program files (x86)/cypress/psoc creator/4.4/psoc creator/import/gnu/arm/5.4.1/bin/../lib/gcc/arm-none-eabi/5.4.1/armv7-m\libgcc.a(_udivmoddi4.o)
 .debug_frame   0x0000334c       0x20 c:/program files (x86)/cypress/psoc creator/4.4/psoc creator/import/gnu/arm/5.4.1/bin/../lib/gcc/arm-none-eabi/5.4.1/../../../../arm-none-eabi/lib/armv7-m\libg_nano.a(lib_a-errno.o)
 .debug_frame   0x0000336c       0x28 c:/program files (x86)/cypress/psoc creator/4.4/psoc creator/import/gnu/arm/5.4.1/bin/../lib/gcc/arm-none-eabi/5.4.1/../../../../arm-none-eabi/lib/armv7-m\libg_nano.a(lib_a-exit.o)
 .debug_frame   0x00003394       0x2c c:/program files (x86)/cypress/psoc creator/4.4/psoc creator/import/gnu/arm/5.4.1/bin/../lib/gcc/arm-none-eabi/5.4.1/../../../../arm-none-eabi/lib/armv7-m\libg_nano.a(lib_a-init.o)
 .debug_frame   0x000033c0       0x28 c:/program files (x86)/cypress/psoc creator/4.4/psoc creator/import/gnu/arm/5.4.1/bin/../lib/gcc/arm-none-eabi/5.4.1/../../../../arm-none-eabi/lib/armv7-m\libg_nano.a(lib_a-memcpy-stub.o)
 .debug_frame   0x000033e8       0x20 c:/program files (x86)/cypress/psoc creator/4.4/psoc creator/import/gnu/arm/5.4.1/bin/../lib/gcc/arm-none-eabi/5.4.1/../../../../arm-none-eabi/lib/armv7-m\libg_nano.a(lib_a-memset.o)
 .debug_frame   0x00003408       0x70 c:/program files (x86)/cypress/psoc creator/4.4/psoc creator/import/gnu/arm/5.4.1/bin/../lib/gcc/arm-none-eabi/5.4.1/../../../../arm-none-eabi/lib/armv7-m\libg_nano.a(lib_a-sprintf.o)
 .debug_frame   0x00003478       0x90 c:/program files (x86)/cypress/psoc creator/4.4/psoc creator/import/gnu/arm/5.4.1/bin/../lib/gcc/arm-none-eabi/5.4.1/../../../../arm-none-eabi/lib/armv7-m\libg_nano.a(lib_a-nano-svfprintf.o)
 .debug_frame   0x00003508       0x60 c:/program files (x86)/cypress/psoc creator/4.4/psoc creator/import/gnu/arm/5.4.1/bin/../lib/gcc/arm-none-eabi/5.4.1/../../../../arm-none-eabi/lib/armv7-m\libg_nano.a(lib_a-nano-vfprintf_i.o)
 .debug_frame   0x00003568       0x28 c:/program files (x86)/cypress/psoc creator/4.4/psoc creator/import/gnu/arm/5.4.1/bin/../lib/gcc/arm-none-eabi/5.4.1/../../../../arm-none-eabi/lib/armv7-m\libg_nano.a(lib_a-memchr-stub.o)
 .debug_frame   0x00003590       0x28 c:/program files (x86)/cypress/psoc creator/4.4/psoc creator/import/gnu/arm/5.4.1/bin/../lib/gcc/arm-none-eabi/5.4.1/../../../../arm-none-eabi/lib/armv7-m\libg_nano.a(lib_a-memmove.o)
 .debug_frame   0x000035b8       0x38 c:/program files (x86)/cypress/psoc creator/4.4/psoc creator/import/gnu/arm/5.4.1/bin/../lib/gcc/arm-none-eabi/5.4.1/../../../../arm-none-eabi/lib/armv7-m\libg_nano.a(lib_a-nano-freer.o)
 .debug_frame   0x000035f0       0x2c c:/program files (x86)/cypress/psoc creator/4.4/psoc creator/import/gnu/arm/5.4.1/bin/../lib/gcc/arm-none-eabi/5.4.1/../../../../arm-none-eabi/lib/armv7-m\libg_nano.a(lib_a-nano-mallocr.o)
 .debug_frame   0x0000361c       0x3c c:/program files (x86)/cypress/psoc creator/4.4/psoc creator/import/gnu/arm/5.4.1/bin/../lib/gcc/arm-none-eabi/5.4.1/../../../../arm-none-eabi/lib/armv7-m\libg_nano.a(lib_a-nano-reallocr.o)
 .debug_frame   0x00003658       0x2c c:/program files (x86)/cypress/psoc creator/4.4/psoc creator/import/gnu/arm/5.4.1/bin/../lib/gcc/arm-none-eabi/5.4.1/../../../../arm-none-eabi/lib/armv7-m\libg_nano.a(lib_a-sbrkr.o)
 .debug_frame   0x00003684       0x30 c:/program files (x86)/cypress/psoc creator/4.4/psoc creator/import/gnu/arm/5.4.1/bin/../lib/gcc/arm-none-eabi/5.4.1/../../../../arm-none-eabi/lib/armv7-m\libg_nano.a(lib_a-mlock.o)
 .debug_frame   0x000036b4       0x20 c:/program files (x86)/cypress/psoc creator/4.4/psoc creator/import/gnu/arm/5.4.1/bin/../lib/gcc/arm-none-eabi/5.4.1/../../../../arm-none-eabi/lib/armv7-m\libg_nano.a(lib_a-nano-msizer.o)
 .debug_frame   0x000036d4       0x5c c:/program files (x86)/cypress/psoc creator/4.4/psoc creator/import/gnu/arm/5.4.1/bin/../lib/gcc/arm-none-eabi/5.4.1/../../../../arm-none-eabi/lib/armv7-m\libg_nano.a(lib_a-reent.o)

.debug_str      0x00000000     0x3049
 *(.debug_str)
 .debug_str     0x00000000      0x1d9 .\ARM_GCC_541\Debug\main.o
                                0x226 (size before relaxing)
 .debug_str     0x000001d9      0x1e5 .\ARM_GCC_541\Debug\cyfitter_cfg.o
                                0x3dd (size before relaxing)
 .debug_str     0x000003be       0x7f .\ARM_GCC_541\Debug\cymetadata.o
                                0x231 (size before relaxing)
 .debug_str     0x0000043d      0x123 .\ARM_GCC_541\Debug\Cm3Start.o
                                0x324 (size before relaxing)
 .debug_str     0x00000560      0x448 .\ARM_GCC_541\Debug\CE195394_HID_Mouse01.a(USBFS_1.o)
                                0x64c (size before relaxing)
 .debug_str     0x000009a8      0x30c .\ARM_GCC_541\Debug\CE195394_HID_Mouse01.a(USBFS_1_drv.o)
                                0x647 (size before relaxing)
 .debug_str     0x00000cb4       0x5e .\ARM_GCC_541\Debug\CE195394_HID_Mouse01.a(USBFS_1_episr.o)
                                0x2f2 (size before relaxing)
 .debug_str     0x00000d12      0x120 .\ARM_GCC_541\Debug\CE195394_HID_Mouse01.a(USBFS_1_hid.o)
                                0x3e2 (size before relaxing)
 .debug_str     0x00000e32       0xac .\ARM_GCC_541\Debug\CE195394_HID_Mouse01.a(USBFS_1_pm.o)
                                0x2b8 (size before relaxing)
 .debug_str     0x00000ede      0x263 .\ARM_GCC_541\Debug\CE195394_HID_Mouse01.a(USBFS_1_std.o)
                                0x719 (size before relaxing)
 .debug_str     0x00001141       0x3e .\ARM_GCC_541\Debug\CE195394_HID_Mouse01.a(USBFS_1_vnd.o)
                                0x23a (size before relaxing)
 .debug_str     0x0000117f       0xbe .\ARM_GCC_541\Debug\CE195394_HID_Mouse01.a(USBFS_1_Dp.o)
                                0x28e (size before relaxing)
 .debug_str     0x0000123d      0x356 .\ARM_GCC_541\Debug\CE195394_HID_Mouse01.a(CyDmac.o)
                                0x56a (size before relaxing)
 .debug_str     0x00001593      0x7d9 .\ARM_GCC_541\Debug\CE195394_HID_Mouse01.a(CyLib.o)
                                0xa37 (size before relaxing)
 .debug_str     0x00001d6c      0x371 .\ARM_GCC_541\Debug\CE195394_HID_Mouse01.a(cyPm.o)
                                0x590 (size before relaxing)
 .debug_str     0x000020dd       0x4c .\ARM_GCC_541\Debug\CE195394_HID_Mouse01.a(SW.o)
                                0x220 (size before relaxing)
 .debug_str     0x00002129      0x1ba .\ARM_GCC_541\Debug\CE195394_HID_Mouse01.a(ADC.o)
                                0x3cc (size before relaxing)
 .debug_str     0x000022e3       0x29 .\ARM_GCC_541\Debug\CE195394_HID_Mouse01.a(ADC_INT.o)
                                0x1f1 (size before relaxing)
 .debug_str     0x0000230c      0x267 .\ARM_GCC_541\Debug\CE195394_HID_Mouse01.a(UART.o)
                                0x46e (size before relaxing)
 .debug_str     0x00002573      0x1e4 .\ARM_GCC_541\Debug\CE195394_HID_Mouse01.a(ADC_SAR.o)
                                0x44d (size before relaxing)
 .debug_str     0x00002757       0xab .\ARM_GCC_541\Debug\CE195394_HID_Mouse01.a(ADC_TempBuf_dma.o)
                                0x280 (size before relaxing)
 .debug_str     0x00002802       0x74 .\ARM_GCC_541\Debug\CE195394_HID_Mouse01.a(ADC_FinalBuf_dma.o)
                                0x284 (size before relaxing)
 .debug_str     0x00002876      0x102 .\ARM_GCC_541\Debug\CE195394_HID_Mouse01.a(ADC_IRQ.o)
                                0x30f (size before relaxing)
 .debug_str     0x00002978      0x1aa .\ARM_GCC_541\Debug\CE195394_HID_Mouse01.a(UART_IntClock.o)
                                0x383 (size before relaxing)
 .debug_str     0x00002b22       0x3f .\ARM_GCC_541\Debug\CE195394_HID_Mouse01.a(USBFS_1_cls.o)
                                0x2dc (size before relaxing)
 .debug_str     0x00002b61      0x254 .\ARM_GCC_541\Debug\CE195394_HID_Mouse01.a(USBFS_1_descr.o)
                                0x509 (size before relaxing)
 .debug_str     0x00002db5      0x167 .\ARM_GCC_541\Debug\CE195394_HID_Mouse01.a(CyFlash.o)
                                0x36c (size before relaxing)
 .debug_str     0x00002f1c      0x12d .\ARM_GCC_541\Debug\CE195394_HID_Mouse01.a(CySpc.o)
                                0x34e (size before relaxing)

.debug_loc
 *(.debug_loc)

.debug_macinfo
 *(.debug_macinfo)

.debug_ranges   0x00000000      0xb30
 *(.debug_ranges)
 .debug_ranges  0x00000000       0x10 .\ARM_GCC_541\Debug\main.o
 .debug_ranges  0x00000010       0x50 .\ARM_GCC_541\Debug\cyfitter_cfg.o
 .debug_ranges  0x00000060       0x38 .\ARM_GCC_541\Debug\Cm3Start.o
 .debug_ranges  0x00000098       0xb8 .\ARM_GCC_541\Debug\CE195394_HID_Mouse01.a(USBFS_1.o)
 .debug_ranges  0x00000150       0x88 .\ARM_GCC_541\Debug\CE195394_HID_Mouse01.a(USBFS_1_drv.o)
 .debug_ranges  0x000001d8       0x20 .\ARM_GCC_541\Debug\CE195394_HID_Mouse01.a(USBFS_1_episr.o)
 .debug_ranges  0x000001f8       0x38 .\ARM_GCC_541\Debug\CE195394_HID_Mouse01.a(USBFS_1_hid.o)
 .debug_ranges  0x00000230       0x30 .\ARM_GCC_541\Debug\CE195394_HID_Mouse01.a(USBFS_1_pm.o)
 .debug_ranges  0x00000260       0x68 .\ARM_GCC_541\Debug\CE195394_HID_Mouse01.a(USBFS_1_std.o)
 .debug_ranges  0x000002c8       0x10 .\ARM_GCC_541\Debug\CE195394_HID_Mouse01.a(USBFS_1_vnd.o)
 .debug_ranges  0x000002d8       0x38 .\ARM_GCC_541\Debug\CE195394_HID_Mouse01.a(USBFS_1_Dp.o)
 .debug_ranges  0x00000310       0xc8 .\ARM_GCC_541\Debug\CE195394_HID_Mouse01.a(CyDmac.o)
 .debug_ranges  0x000003d8      0x290 .\ARM_GCC_541\Debug\CE195394_HID_Mouse01.a(CyLib.o)
 .debug_ranges  0x00000668       0x88 .\ARM_GCC_541\Debug\CE195394_HID_Mouse01.a(cyPm.o)
 .debug_ranges  0x000006f0       0x28 .\ARM_GCC_541\Debug\CE195394_HID_Mouse01.a(SW.o)
 .debug_ranges  0x00000718       0x90 .\ARM_GCC_541\Debug\CE195394_HID_Mouse01.a(ADC.o)
 .debug_ranges  0x000007a8       0x10 .\ARM_GCC_541\Debug\CE195394_HID_Mouse01.a(ADC_INT.o)
 .debug_ranges  0x000007b8       0xe0 .\ARM_GCC_541\Debug\CE195394_HID_Mouse01.a(UART.o)
 .debug_ranges  0x00000898       0x98 .\ARM_GCC_541\Debug\CE195394_HID_Mouse01.a(ADC_SAR.o)
 .debug_ranges  0x00000930       0x18 .\ARM_GCC_541\Debug\CE195394_HID_Mouse01.a(ADC_TempBuf_dma.o)
 .debug_ranges  0x00000948       0x18 .\ARM_GCC_541\Debug\CE195394_HID_Mouse01.a(ADC_FinalBuf_dma.o)
 .debug_ranges  0x00000960       0x70 .\ARM_GCC_541\Debug\CE195394_HID_Mouse01.a(ADC_IRQ.o)
 .debug_ranges  0x000009d0       0x60 .\ARM_GCC_541\Debug\CE195394_HID_Mouse01.a(UART_IntClock.o)
 .debug_ranges  0x00000a30       0x10 .\ARM_GCC_541\Debug\CE195394_HID_Mouse01.a(USBFS_1_cls.o)
 .debug_ranges  0x00000a40       0x80 .\ARM_GCC_541\Debug\CE195394_HID_Mouse01.a(CyFlash.o)
 .debug_ranges  0x00000ac0       0x70 .\ARM_GCC_541\Debug\CE195394_HID_Mouse01.a(CySpc.o)

.comment        0x00000000       0x6e
 .comment       0x00000000       0x6e .\ARM_GCC_541\Debug\main.o
                                 0x6f (size before relaxing)
 .comment       0x0000006e       0x6f .\ARM_GCC_541\Debug\cyfitter_cfg.o
 .comment       0x0000006e       0x6f .\ARM_GCC_541\Debug\cymetadata.o
 .comment       0x0000006e       0x6f .\ARM_GCC_541\Debug\Cm3Start.o
 .comment       0x0000006e       0x6f .\ARM_GCC_541\Debug\CE195394_HID_Mouse01.a(USBFS_1.o)
 .comment       0x0000006e       0x6f .\ARM_GCC_541\Debug\CE195394_HID_Mouse01.a(USBFS_1_drv.o)
 .comment       0x0000006e       0x6f .\ARM_GCC_541\Debug\CE195394_HID_Mouse01.a(USBFS_1_episr.o)
 .comment       0x0000006e       0x6f .\ARM_GCC_541\Debug\CE195394_HID_Mouse01.a(USBFS_1_hid.o)
 .comment       0x0000006e       0x6f .\ARM_GCC_541\Debug\CE195394_HID_Mouse01.a(USBFS_1_pm.o)
 .comment       0x0000006e       0x6f .\ARM_GCC_541\Debug\CE195394_HID_Mouse01.a(USBFS_1_std.o)
 .comment       0x0000006e       0x6f .\ARM_GCC_541\Debug\CE195394_HID_Mouse01.a(USBFS_1_vnd.o)
 .comment       0x0000006e       0x6f .\ARM_GCC_541\Debug\CE195394_HID_Mouse01.a(USBFS_1_Dp.o)
 .comment       0x0000006e       0x6f .\ARM_GCC_541\Debug\CE195394_HID_Mouse01.a(CyDmac.o)
 .comment       0x0000006e       0x6f .\ARM_GCC_541\Debug\CE195394_HID_Mouse01.a(CyLib.o)
 .comment       0x0000006e       0x6f .\ARM_GCC_541\Debug\CE195394_HID_Mouse01.a(cyPm.o)
 .comment       0x0000006e       0x6f .\ARM_GCC_541\Debug\CE195394_HID_Mouse01.a(SW.o)
 .comment       0x0000006e       0x6f .\ARM_GCC_541\Debug\CE195394_HID_Mouse01.a(ADC.o)
 .comment       0x0000006e       0x6f .\ARM_GCC_541\Debug\CE195394_HID_Mouse01.a(ADC_INT.o)
 .comment       0x0000006e       0x6f .\ARM_GCC_541\Debug\CE195394_HID_Mouse01.a(UART.o)
 .comment       0x0000006e       0x6f .\ARM_GCC_541\Debug\CE195394_HID_Mouse01.a(ADC_SAR.o)
 .comment       0x0000006e       0x6f .\ARM_GCC_541\Debug\CE195394_HID_Mouse01.a(ADC_TempBuf_dma.o)
 .comment       0x0000006e       0x6f .\ARM_GCC_541\Debug\CE195394_HID_Mouse01.a(ADC_FinalBuf_dma.o)
 .comment       0x0000006e       0x6f .\ARM_GCC_541\Debug\CE195394_HID_Mouse01.a(ADC_IRQ.o)
 .comment       0x0000006e       0x6f .\ARM_GCC_541\Debug\CE195394_HID_Mouse01.a(UART_IntClock.o)
 .comment       0x0000006e       0x6f .\ARM_GCC_541\Debug\CE195394_HID_Mouse01.a(USBFS_1_cls.o)
 .comment       0x0000006e       0x6f .\ARM_GCC_541\Debug\CE195394_HID_Mouse01.a(USBFS_1_descr.o)
 .comment       0x0000006e       0x6f .\ARM_GCC_541\Debug\CE195394_HID_Mouse01.a(CyFlash.o)
 .comment       0x0000006e       0x6f .\ARM_GCC_541\Debug\CE195394_HID_Mouse01.a(CySpc.o)

.debug_weaknames
 *(.debug_weaknames)

.debug_funcnames
 *(.debug_funcnames)

.debug_typenames
 *(.debug_typenames)

.debug_varnames
 *(.debug_varnames)

.note.gnu.arm.ident
 *(.note.gnu.arm.ident)

.ARM.attributes
                0x00000000       0x29
 *(.ARM.attributes)
 .ARM.attributes
                0x00000000       0x1d c:/program files (x86)/cypress/psoc creator/4.4/psoc creator/import/gnu/arm/5.4.1/bin/../lib/gcc/arm-none-eabi/5.4.1/armv7-m/crti.o
 .ARM.attributes
                0x0000001d       0x2d c:/program files (x86)/cypress/psoc creator/4.4/psoc creator/import/gnu/arm/5.4.1/bin/../lib/gcc/arm-none-eabi/5.4.1/armv7-m/crtbegin.o
 .ARM.attributes
                0x0000004a       0x1b c:/program files (x86)/cypress/psoc creator/4.4/psoc creator/import/gnu/arm/5.4.1/bin/../lib/gcc/arm-none-eabi/5.4.1/../../../../arm-none-eabi/lib/armv7-m/crt0.o
 .ARM.attributes
                0x00000065       0x33 .\ARM_GCC_541\Debug\main.o
 .ARM.attributes
                0x00000098       0x33 .\ARM_GCC_541\Debug\cyfitter_cfg.o
 .ARM.attributes
                0x000000cb       0x33 .\ARM_GCC_541\Debug\cymetadata.o
 .ARM.attributes
                0x000000fe       0x33 .\ARM_GCC_541\Debug\Cm3Start.o
 .ARM.attributes
                0x00000131       0x33 .\ARM_GCC_541\Debug\CE195394_HID_Mouse01.a(USBFS_1.o)
 .ARM.attributes
                0x00000164       0x33 .\ARM_GCC_541\Debug\CE195394_HID_Mouse01.a(USBFS_1_drv.o)
 .ARM.attributes
                0x00000197       0x33 .\ARM_GCC_541\Debug\CE195394_HID_Mouse01.a(USBFS_1_episr.o)
 .ARM.attributes
                0x000001ca       0x33 .\ARM_GCC_541\Debug\CE195394_HID_Mouse01.a(USBFS_1_hid.o)
 .ARM.attributes
                0x000001fd       0x33 .\ARM_GCC_541\Debug\CE195394_HID_Mouse01.a(USBFS_1_pm.o)
 .ARM.attributes
                0x00000230       0x33 .\ARM_GCC_541\Debug\CE195394_HID_Mouse01.a(USBFS_1_std.o)
 .ARM.attributes
                0x00000263       0x33 .\ARM_GCC_541\Debug\CE195394_HID_Mouse01.a(USBFS_1_vnd.o)
 .ARM.attributes
                0x00000296       0x33 .\ARM_GCC_541\Debug\CE195394_HID_Mouse01.a(USBFS_1_Dp.o)
 .ARM.attributes
                0x000002c9       0x33 .\ARM_GCC_541\Debug\CE195394_HID_Mouse01.a(CyDmac.o)
 .ARM.attributes
                0x000002fc       0x33 .\ARM_GCC_541\Debug\CE195394_HID_Mouse01.a(CyLib.o)
 .ARM.attributes
                0x0000032f       0x33 .\ARM_GCC_541\Debug\CE195394_HID_Mouse01.a(cyPm.o)
 .ARM.attributes
                0x00000362       0x33 .\ARM_GCC_541\Debug\CE195394_HID_Mouse01.a(SW.o)
 .ARM.attributes
                0x00000395       0x33 .\ARM_GCC_541\Debug\CE195394_HID_Mouse01.a(ADC.o)
 .ARM.attributes
                0x000003c8       0x33 .\ARM_GCC_541\Debug\CE195394_HID_Mouse01.a(ADC_INT.o)
 .ARM.attributes
                0x000003fb       0x33 .\ARM_GCC_541\Debug\CE195394_HID_Mouse01.a(UART.o)
 .ARM.attributes
                0x0000042e       0x33 .\ARM_GCC_541\Debug\CE195394_HID_Mouse01.a(ADC_SAR.o)
 .ARM.attributes
                0x00000461       0x33 .\ARM_GCC_541\Debug\CE195394_HID_Mouse01.a(ADC_TempBuf_dma.o)
 .ARM.attributes
                0x00000494       0x33 .\ARM_GCC_541\Debug\CE195394_HID_Mouse01.a(ADC_FinalBuf_dma.o)
 .ARM.attributes
                0x000004c7       0x33 .\ARM_GCC_541\Debug\CE195394_HID_Mouse01.a(ADC_IRQ.o)
 .ARM.attributes
                0x000004fa       0x33 .\ARM_GCC_541\Debug\CE195394_HID_Mouse01.a(UART_IntClock.o)
 .ARM.attributes
                0x0000052d       0x21 .\ARM_GCC_541\Debug\CE195394_HID_Mouse01.a(CyBootAsmGnu.o)
 .ARM.attributes
                0x0000054e       0x33 .\ARM_GCC_541\Debug\CE195394_HID_Mouse01.a(USBFS_1_cls.o)
 .ARM.attributes
                0x00000581       0x33 .\ARM_GCC_541\Debug\CE195394_HID_Mouse01.a(USBFS_1_descr.o)
 .ARM.attributes
                0x000005b4       0x33 .\ARM_GCC_541\Debug\CE195394_HID_Mouse01.a(CyFlash.o)
 .ARM.attributes
                0x000005e7       0x33 .\ARM_GCC_541\Debug\CE195394_HID_Mouse01.a(CySpc.o)
 .ARM.attributes
                0x0000061a       0x1d c:/program files (x86)/cypress/psoc creator/4.4/psoc creator/import/gnu/arm/5.4.1/bin/../lib/gcc/arm-none-eabi/5.4.1/armv7-m\libgcc.a(_arm_addsubsf3.o)
 .ARM.attributes
                0x00000637       0x1d c:/program files (x86)/cypress/psoc creator/4.4/psoc creator/import/gnu/arm/5.4.1/bin/../lib/gcc/arm-none-eabi/5.4.1/armv7-m\libgcc.a(_arm_muldivsf3.o)
 .ARM.attributes
                0x00000654       0x1d c:/program files (x86)/cypress/psoc creator/4.4/psoc creator/import/gnu/arm/5.4.1/bin/../lib/gcc/arm-none-eabi/5.4.1/armv7-m\libgcc.a(_arm_fixsfsi.o)
 .ARM.attributes
                0x00000671       0x1d c:/program files (x86)/cypress/psoc creator/4.4/psoc creator/import/gnu/arm/5.4.1/bin/../lib/gcc/arm-none-eabi/5.4.1/armv7-m\libgcc.a(_aeabi_ldivmod.o)
 .ARM.attributes
                0x0000068e       0x2d c:/program files (x86)/cypress/psoc creator/4.4/psoc creator/import/gnu/arm/5.4.1/bin/../lib/gcc/arm-none-eabi/5.4.1/armv7-m\libgcc.a(_udivmoddi4.o)
 .ARM.attributes
                0x000006bb       0x1d c:/program files (x86)/cypress/psoc creator/4.4/psoc creator/import/gnu/arm/5.4.1/bin/../lib/gcc/arm-none-eabi/5.4.1/armv7-m\libgcc.a(_dvmd_tls.o)
 .ARM.attributes
                0x000006d8       0x2d c:/program files (x86)/cypress/psoc creator/4.4/psoc creator/import/gnu/arm/5.4.1/bin/../lib/gcc/arm-none-eabi/5.4.1/../../../../arm-none-eabi/lib/armv7-m\libg_nano.a(lib_a-errno.o)
 .ARM.attributes
                0x00000705       0x2d c:/program files (x86)/cypress/psoc creator/4.4/psoc creator/import/gnu/arm/5.4.1/bin/../lib/gcc/arm-none-eabi/5.4.1/../../../../arm-none-eabi/lib/armv7-m\libg_nano.a(lib_a-exit.o)
 .ARM.attributes
                0x00000732       0x2d c:/program files (x86)/cypress/psoc creator/4.4/psoc creator/import/gnu/arm/5.4.1/bin/../lib/gcc/arm-none-eabi/5.4.1/../../../../arm-none-eabi/lib/armv7-m\libg_nano.a(lib_a-impure.o)
 .ARM.attributes
                0x0000075f       0x2d c:/program files (x86)/cypress/psoc creator/4.4/psoc creator/import/gnu/arm/5.4.1/bin/../lib/gcc/arm-none-eabi/5.4.1/../../../../arm-none-eabi/lib/armv7-m\libg_nano.a(lib_a-init.o)
 .ARM.attributes
                0x0000078c       0x2d c:/program files (x86)/cypress/psoc creator/4.4/psoc creator/import/gnu/arm/5.4.1/bin/../lib/gcc/arm-none-eabi/5.4.1/../../../../arm-none-eabi/lib/armv7-m\libg_nano.a(lib_a-memcpy-stub.o)
 .ARM.attributes
                0x000007b9       0x2d c:/program files (x86)/cypress/psoc creator/4.4/psoc creator/import/gnu/arm/5.4.1/bin/../lib/gcc/arm-none-eabi/5.4.1/../../../../arm-none-eabi/lib/armv7-m\libg_nano.a(lib_a-memset.o)
 .ARM.attributes
                0x000007e6       0x2d c:/program files (x86)/cypress/psoc creator/4.4/psoc creator/import/gnu/arm/5.4.1/bin/../lib/gcc/arm-none-eabi/5.4.1/../../../../arm-none-eabi/lib/armv7-m\libg_nano.a(lib_a-sprintf.o)
 .ARM.attributes
                0x00000813       0x2d c:/program files (x86)/cypress/psoc creator/4.4/psoc creator/import/gnu/arm/5.4.1/bin/../lib/gcc/arm-none-eabi/5.4.1/../../../../arm-none-eabi/lib/armv7-m\libg_nano.a(lib_a-nano-svfprintf.o)
 .ARM.attributes
                0x00000840       0x2d c:/program files (x86)/cypress/psoc creator/4.4/psoc creator/import/gnu/arm/5.4.1/bin/../lib/gcc/arm-none-eabi/5.4.1/../../../../arm-none-eabi/lib/armv7-m\libg_nano.a(lib_a-nano-vfprintf_i.o)
 .ARM.attributes
                0x0000086d       0x2d c:/program files (x86)/cypress/psoc creator/4.4/psoc creator/import/gnu/arm/5.4.1/bin/../lib/gcc/arm-none-eabi/5.4.1/../../../../arm-none-eabi/lib/armv7-m\libg_nano.a(lib_a-memchr-stub.o)
 .ARM.attributes
                0x0000089a       0x2d c:/program files (x86)/cypress/psoc creator/4.4/psoc creator/import/gnu/arm/5.4.1/bin/../lib/gcc/arm-none-eabi/5.4.1/../../../../arm-none-eabi/lib/armv7-m\libg_nano.a(lib_a-memmove.o)
 .ARM.attributes
                0x000008c7       0x2d c:/program files (x86)/cypress/psoc creator/4.4/psoc creator/import/gnu/arm/5.4.1/bin/../lib/gcc/arm-none-eabi/5.4.1/../../../../arm-none-eabi/lib/armv7-m\libg_nano.a(lib_a-nano-freer.o)
 .ARM.attributes
                0x000008f4       0x2d c:/program files (x86)/cypress/psoc creator/4.4/psoc creator/import/gnu/arm/5.4.1/bin/../lib/gcc/arm-none-eabi/5.4.1/../../../../arm-none-eabi/lib/armv7-m\libg_nano.a(lib_a-nano-mallocr.o)
 .ARM.attributes
                0x00000921       0x2d c:/program files (x86)/cypress/psoc creator/4.4/psoc creator/import/gnu/arm/5.4.1/bin/../lib/gcc/arm-none-eabi/5.4.1/../../../../arm-none-eabi/lib/armv7-m\libg_nano.a(lib_a-nano-reallocr.o)
 .ARM.attributes
                0x0000094e       0x2d c:/program files (x86)/cypress/psoc creator/4.4/psoc creator/import/gnu/arm/5.4.1/bin/../lib/gcc/arm-none-eabi/5.4.1/../../../../arm-none-eabi/lib/armv7-m\libg_nano.a(lib_a-sbrkr.o)
 .ARM.attributes
                0x0000097b       0x2d c:/program files (x86)/cypress/psoc creator/4.4/psoc creator/import/gnu/arm/5.4.1/bin/../lib/gcc/arm-none-eabi/5.4.1/../../../../arm-none-eabi/lib/armv7-m\libg_nano.a(lib_a-mlock.o)
 .ARM.attributes
                0x000009a8       0x2d c:/program files (x86)/cypress/psoc creator/4.4/psoc creator/import/gnu/arm/5.4.1/bin/../lib/gcc/arm-none-eabi/5.4.1/../../../../arm-none-eabi/lib/armv7-m\libg_nano.a(lib_a-nano-msizer.o)
 .ARM.attributes
                0x000009d5       0x2d c:/program files (x86)/cypress/psoc creator/4.4/psoc creator/import/gnu/arm/5.4.1/bin/../lib/gcc/arm-none-eabi/5.4.1/../../../../arm-none-eabi/lib/armv7-m\libg_nano.a(lib_a-reent.o)
 .ARM.attributes
                0x00000a02       0x2d c:/program files (x86)/cypress/psoc creator/4.4/psoc creator/import/gnu/arm/5.4.1/bin/../lib/gcc/arm-none-eabi/5.4.1/armv7-m/crtend.o
 .ARM.attributes
                0x00000a2f       0x1d c:/program files (x86)/cypress/psoc creator/4.4/psoc creator/import/gnu/arm/5.4.1/bin/../lib/gcc/arm-none-eabi/5.4.1/armv7-m/crtn.o

/DISCARD/
 *(.note.GNU-stack)
OUTPUT(C:\Users\oars0\Documents\GitHub\Interfacing_Lab\Lab_2-usb-i2c-mouse-reyessanchezo\PSoC_Creator\CE195394_HID_Mouse01\CE195394_HID_Mouse01.cydsn\ARM_GCC_541\Debug\CE195394_HID_Mouse01.elf elf32-littlearm)
